<html>
<body>
<pre>
<h1>µVision Build Log</h1>
<h2>Tool Versions:</h2>
IDE-Version: ¦ÌVision V5.15
Copyright (C) 2015 ARM Ltd and ARM Germany GmbH. All rights reserved.
License Information: JM.Lin,  , LIC=X1EQD-8C2J0-33TM1-CZJ6H-E1BV0-K8PNR
 
Tool Versions:
Toolchain:       MDK-ARM Professional  Version: 5.15.0
Toolchain Path:  E:\SoftWare\MDK5\ARM\ARMCC\Bin
C Compiler:      Armcc.exe V5.05 update 2 (build 169)
Assembler:       Armasm.exe V5.05 update 2 (build 169)
Linker/Locator:  ArmLink.exe V5.05 update 2 (build 169)
Library Manager: ArmAr.exe V5.05 update 2 (build 169)
Hex Converter:   FromElf.exe V5.05 update 2 (build 169)
CPU DLL:         SARMCM3.DLL V5.15.0
Dialog DLL:      DARMSTM.DLL V1.65.0.0
Target DLL:      Segger\JL2CM3.dll V2.99.15.0
Dialog DLL:      TARMSTM.DLL V1.64.0.0
 
<h2>Project:</h2>
E:\PLAY\Smart_Yacht\Preparing Initial\Routine\STM32\V1.0\Project\RVMDK£¨uv4£©\iSO-STM32.uvprojx
Project File Date:  02/25/2018

<h2>Output:</h2>
*** Using Compiler 'V5.05 update 2 (build 169)', folder: 'E:\SoftWare\MDK5\ARM\ARMCC\Bin'
Build target 'Smart_Yacht'
compiling main.c...
..\..\Driver\WIFI\wifi.h(47): warning:  #47-D: incompatible redefinition of macro "ESP8266_Usart" (declared at line 21 of "..\..\Driver\USART\usart.h")
  #define     ESP8266_Usart( fmt, ... )           USART_printf ( ESP8266_Usart_Prot, fmt, ##__VA_ARGS__ ) 
..\..\Driver\WIFI\wifi.h(49): warning:  #47-D: incompatible redefinition of macro "PC_Usart" (declared at line 23 of "..\..\Driver\USART\usart.h")
  #define     PC_Usart( fmt, ... )                USART_printf ( PC_Usart_Prot, fmt, ##__VA_ARGS__ ) 
..\..\User\bsp_init.h(26): warning:  #1-D: last line of file ends without a newline
  #endif
..\..\User\main.c(40): warning:  #111-D: statement is unreachable
      return 0;
..\..\User\main.c: 4 warnings, 0 errors
compiling stm32f10x_it.c...
..\..\Driver\USART\usart.h(21): warning:  #47-D: incompatible redefinition of macro "ESP8266_Usart" (declared at line 47 of "..\..\Driver\WIFI\wifi.h")
  #define     ESP8266_Usart( fmt, ... )       USART_printf ( USART1, fmt, ##__VA_ARGS__ ) 
..\..\Driver\USART\usart.h(23): warning:  #47-D: incompatible redefinition of macro "PC_Usart" (declared at line 49 of "..\..\Driver\WIFI\wifi.h")
  #define     PC_Usart( fmt, ... )              USART_printf ( USART3, fmt, ##__VA_ARGS__ ) 
..\..\User\bsp_init.h(26): warning:  #1-D: last line of file ends without a newline
  #endif
..\..\User\stm32f10x_it.c: 3 warnings, 0 errors
compiling bsp_init.c...
..\..\Driver\WIFI\wifi.h(47): warning:  #47-D: incompatible redefinition of macro "ESP8266_Usart" (declared at line 21 of "..\..\Driver\USART\usart.h")
  #define     ESP8266_Usart( fmt, ... )           USART_printf ( ESP8266_Usart_Prot, fmt, ##__VA_ARGS__ ) 
..\..\Driver\WIFI\wifi.h(49): warning:  #47-D: incompatible redefinition of macro "PC_Usart" (declared at line 23 of "..\..\Driver\USART\usart.h")
  #define     PC_Usart( fmt, ... )                USART_printf ( PC_Usart_Prot, fmt, ##__VA_ARGS__ ) 
..\..\User\bsp_init.h(26): warning:  #1-D: last line of file ends without a newline
  #endif
..\..\User\bsp_init.h(26): warning:  #1-D: last line of file ends without a newline
  #endif
..\..\User\bsp_init.c: 4 warnings, 0 errors
compiling ZigBee_BufferPool.c...
..\..\Driver\USART\ZigBee_BufferPool.c(88): warning:  #167-D: argument of type "volatile unsigned char *" is incompatible with parameter of type "void *"
        memset(APP_buffer,'0',sizeof(APP_buffer));
..\..\Driver\USART\ZigBee_BufferPool.c(53): warning:  #177-D: function "ZigBee_BPCheckCancelCmd" was declared but never referenced
  static char ZigBee_BPCheckCancelCmd(void)
..\..\Driver\USART\ZigBee_BufferPool.c: 2 warnings, 0 errors
compiling WIFI_BufferPool.c...
..\..\Driver\WIFI\wifi.h(47): warning:  #47-D: incompatible redefinition of macro "ESP8266_Usart" (declared at line 21 of "..\..\Driver\USART\usart.h")
  #define     ESP8266_Usart( fmt, ... )           USART_printf ( ESP8266_Usart_Prot, fmt, ##__VA_ARGS__ ) 
..\..\Driver\WIFI\wifi.h(49): warning:  #47-D: incompatible redefinition of macro "PC_Usart" (declared at line 23 of "..\..\Driver\USART\usart.h")
  #define     PC_Usart( fmt, ... )                USART_printf ( PC_Usart_Prot, fmt, ##__VA_ARGS__ ) 
..\..\User\bsp_init.h(26): warning:  #1-D: last line of file ends without a newline
  #endif
..\..\Driver\USART\WIFI_BufferPool.c: 3 warnings, 0 errors
linking...
Program Size: Code=20926 RO-data=2410 RW-data=256 ZI-data=2208  
FromELF: creating hex file...
"..\..\Output\Template.axf" - 0 Error(s), 16 Warning(s).

<h2>Software Packages used:</h2>

Package Vendor: ARM
                http://www.keil.com/pack/ARM.CMSIS.4.3.0.pack
                ARM::CMSIS:CORE:4.1.0
                CMSIS (Cortex Microcontroller Software Interface Standard)
   * Component: CORE Version: 4.1.0

<h2>Collection of Component include folders:</h2>
  E:\PLAY\Smart_Yacht\Preparing Initial\Routine\STM32\V1.0\Project\RVMDK£¨uv4£©\RTE
  E:\SoftWare\MDK5\ARM\PACK\ARM\CMSIS\4.3.0\CMSIS\Include
  E:\SoftWare\MDK5\ARM\PACK\Keil\STM32F1xx_DFP\1.1.0\Device\Include

<h2>Collection of Component Files used:</h2>

   * Component: ARM::CMSIS:CORE:4.1.0
</pre>
</body>
</html>
