Component: ARM Compiler 5.05 update 2 (build 169) Tool: armlink [4d0f33]

==============================================================================

Section Cross References

    startup_stm32f10x_hd.o(RESET) refers to startup_stm32f10x_hd.o(STACK) for __initial_sp
    startup_stm32f10x_hd.o(RESET) refers to startup_stm32f10x_hd.o(.text) for Reset_Handler
    startup_stm32f10x_hd.o(RESET) refers to stm32f10x_it.o(.text) for NMI_Handler
    startup_stm32f10x_hd.o(.text) refers to system_stm32f10x.o(.text) for SystemInit
    startup_stm32f10x_hd.o(.text) refers to entry.o(.ARM.Collect$$$$00000000) for __main
    system_stm32f10x.o(.text) refers to system_stm32f10x.o(.data) for SystemCoreClock
    stm32f10x_gpio.o(.text) refers to stm32f10x_rcc.o(.text) for RCC_APB2PeriphResetCmd
    stm32f10x_rcc.o(.text) refers to stm32f10x_rcc.o(.data) for APBAHBPrescTable
    stm32f10x_adc.o(.text) refers to stm32f10x_rcc.o(.text) for RCC_APB2PeriphResetCmd
    stm32f10x_dac.o(.text) refers to stm32f10x_rcc.o(.text) for RCC_APB1PeriphResetCmd
    stm32f10x_i2c.o(.text) refers to stm32f10x_rcc.o(.text) for RCC_APB1PeriphResetCmd
    stm32f10x_spi.o(.text) refers to stm32f10x_rcc.o(.text) for RCC_APB2PeriphResetCmd
    stm32f10x_tim.o(.text) refers to stm32f10x_rcc.o(.text) for RCC_APB2PeriphResetCmd
    stm32f10x_usart.o(.text) refers to stm32f10x_rcc.o(.text) for RCC_APB2PeriphResetCmd
    stm32f10x_bkp.o(.text) refers to stm32f10x_rcc.o(.text) for RCC_BackupResetCmd
    stm32f10x_pwr.o(.text) refers to stm32f10x_rcc.o(.text) for RCC_APB1PeriphResetCmd
    main.o(.text) refers to bsp_init.o(.text) for BSP_Init
    main.o(.text) refers to card_records.o(.text) for Swiping_Card
    stm32f10x_it.o(.text) refers to systick.o(.text) for TimingDelay_Decrement
    stm32f10x_it.o(.text) refers to stm32f10x_usart.o(.text) for USART_GetITStatus
    stm32f10x_it.o(.text) refers to wifi_bufferpool.o(.text) for WIFI_BPWriteData
    stm32f10x_it.o(.text) refers to memseta.o(.text) for __aeabi_memclr
    stm32f10x_it.o(.text) refers to strstr.o(.text) for strstr
    stm32f10x_it.o(.text) refers to zigbee_bufferpool.o(.text) for ZigBee_BPWriteData
    stm32f10x_it.o(.text) refers to stm32f10x_tim.o(.text) for TIM_GetITStatus
    stm32f10x_it.o(.text) refers to stm32f10x_exti.o(.text) for EXTI_GetITStatus
    stm32f10x_it.o(.text) refers to opp.o(.text) for add
    stm32f10x_it.o(.text) refers to usart.o(.text) for USART_printf
    stm32f10x_it.o(.text) refers to card_records.o(.text) for Read_Flash_ID
    stm32f10x_it.o(.text) refers to wifi.o(.bss) for strEsp8266_Fram_Record
    stm32f10x_it.o(.text) refers to stm32f10x_it.o(.data) for Esp8266_flag
    stm32f10x_it.o(.text) refers to wifi_bufferpool.o(.data) for wLoc
    stm32f10x_it.o(.text) refers to wifi_bufferpool.o(.bss) for _buffer
    stm32f10x_it.o(.text) refers to zigbee_bufferpool.o(.data) for ZigBee_wLoc
    stm32f10x_it.o(.text) refers to zigbee_bufferpool.o(.bss) for ZigBee_buffer
    stm32f10x_it.o(.text) refers to breathing_light.o(.data) for OpenWave
    bsp_init.o(.text) refers to stm32f10x_rcc.o(.text) for RCC_APB2PeriphClockCmd
    bsp_init.o(.text) refers to stm32f10x_gpio.o(.text) for GPIO_Init
    bsp_init.o(.text) refers to breathing_light.o(.text) for Breathing_Light_Init
    bsp_init.o(.text) refers to exti.o(.text) for Key_Init
    bsp_init.o(.text) refers to pwm.o(.text) for Servo_Door_Init
    bsp_init.o(.text) refers to systick.o(.text) for SysTick_Init
    bsp_init.o(.text) refers to wifi_bufferpool.o(.text) for WIFI_BufferPool_Init
    bsp_init.o(.text) refers to zigbee_bufferpool.o(.text) for ZigBee_BufferPool_Init
    bsp_init.o(.text) refers to usart.o(.text) for USART_Configuration
    bsp_init.o(.text) refers to rc522.o(.text) for InitRc522
    bsp_init.o(.text) refers to flash.o(.text) for W25QXX_Init
    bsp_init.o(.text) refers to card_records.o(.text) for Read_Flash_ID
    bsp_init.o(.text) refers to oled.o(.text) for OLED_Init
    bsp_init.o(.text) refers to wifi.o(.text) for WiFi_Init
    card_records.o(.text) refers to rc522.o(.text) for PcdRequest
    card_records.o(.text) refers to usart.o(.text) for USART_printf
    card_records.o(.text) refers to flash.o(.text) for W25QXX_Read
    card_records.o(.text) refers to oled.o(.text) for LCD_P6x8Str
    card_records.o(.text) refers to stm32f10x_tim.o(.text) for TIM_SetCompare4
    card_records.o(.text) refers to systick.o(.text) for delay_us
    card_records.o(.text) refers to card_records.o(.data) for Card_Type_s
    card_records.o(.text) refers to card_records.o(.bss) for Student_ID
    card_records.o(.text) refers to flash.o(.data) for W25QXX_TYPE
    led.o(.text) refers to stm32f10x_rcc.o(.text) for RCC_APB2PeriphClockCmd
    led.o(.text) refers to stm32f10x_gpio.o(.text) for GPIO_Init
    usart.o(.text) refers to stm32f10x_usart.o(.text) for USART_GetFlagStatus
    usart.o(.text) refers to misc.o(.text) for NVIC_PriorityGroupConfig
[...]
    entry5.o(.ARM.Collect$$$$00000004) refers to init.o(.text) for __scatterload
    entry9a.o(.ARM.Collect$$$$0000000B) refers to main.o(.text) for main
    entry9b.o(.ARM.Collect$$$$0000000C) refers to main.o(.text) for main
    uldiv.o(.text) refers to llushr.o(.text) for __aeabi_llsr
    uldiv.o(.text) refers to llshl.o(.text) for __aeabi_llsl
    dadd.o(.text) refers to llshl.o(.text) for __aeabi_llsl
    dadd.o(.text) refers to llsshr.o(.text) for __aeabi_lasr
    dadd.o(.text) refers to depilogue.o(.text) for _double_epilogue
    dmul.o(.text) refers to depilogue.o(.text) for _double_epilogue
    ddiv.o(.text) refers to depilogue.o(.text) for _double_round
    dfixul.o(.text) refers to llushr.o(.text) for __aeabi_llsr
    dfixul.o(.text) refers to llshl.o(.text) for __aeabi_llsl
    init.o(.text) refers to entry5.o(.ARM.Collect$$$$00000004) for __main_after_scatterload
    depilogue.o(.text) refers to llshl.o(.text) for __aeabi_llsl
    depilogue.o(.text) refers to llushr.o(.text) for __aeabi_llsr


==============================================================================

Removing Unused input sections from the image.

    Removing startup_stm32f10x_hd.o(HEAP), (512 bytes).
    Removing core_cm3.o(.emb_text), (32 bytes).
    Removing stm32f10x_adc.o(.text), (1102 bytes).
    Removing stm32f10x_dac.o(.text), (396 bytes).
    Removing stm32f10x_dma.o(.text), (596 bytes).
    Removing stm32f10x_flash.o(.text), (1468 bytes).
    Removing stm32f10x_i2c.o(.text), (1028 bytes).
    Removing stm32f10x_rtc.o(.text), (328 bytes).
    Removing stm32f10x_bkp.o(.text), (196 bytes).
    Removing stm32f10x_pwr.o(.text), (204 bytes).
    Removing led.o(.text), (248 bytes).
    Removing rtc.o(.text), (1036 bytes).
    Removing rtc.o(.bss), (10 bytes).
    Removing rtc.o(.constdata), (24 bytes).
    Removing rtc.o(.data), (2 bytes).
    Removing dadd.o(.text), (334 bytes).
    Removing dmul.o(.text), (228 bytes).
    Removing ddiv.o(.text), (222 bytes).
    Removing dfixul.o(.text), (48 bytes).
    Removing cdrcmple.o(.text), (48 bytes).
    Removing depilogue.o(.text), (186 bytes).

21 unused section(s) (total 8248 bytes) removed from the image.

==============================================================================

Image Symbol Table

    Local Symbols

    Symbol Name                              Value     Ov Type        Size  Object(Section)

    ../clib/../cmprslib/zerorunl2.c          0x00000000   Number         0  __dczerorl2.o ABSOLUTE
    ../clib/microlib/division.c              0x00000000   Number         0  uidiv.o ABSOLUTE
    ../clib/microlib/division.c              0x00000000   Number         0  uldiv.o ABSOLUTE
    ../clib/microlib/init/entry.s            0x00000000   Number         0  entry8b.o ABSOLUTE
    ../clib/microlib/init/entry.s            0x00000000   Number         0  entry9a.o ABSOLUTE
    ../clib/microlib/init/entry.s            0x00000000   Number         0  entry.o ABSOLUTE
    ../clib/microlib/init/entry.s            0x00000000   Number         0  entry2.o ABSOLUTE
    ../clib/microlib/init/entry.s            0x00000000   Number         0  entry5.o ABSOLUTE
    ../clib/microlib/init/entry.s            0x00000000   Number         0  entry11b.o ABSOLUTE
    ../clib/microlib/init/entry.s            0x00000000   Number         0  entry7b.o ABSOLUTE
    ../clib/microlib/init/entry.s            0x00000000   Number         0  entry11a.o ABSOLUTE
    ../clib/microlib/init/entry.s            0x00000000   Number         0  entry7a.o ABSOLUTE
    ../clib/microlib/init/entry.s            0x00000000   Number         0  entry8a.o ABSOLUTE
    ../clib/microlib/init/entry.s            0x00000000   Number         0  entry10b.o ABSOLUTE
    ../clib/microlib/init/entry.s            0x00000000   Number         0  entry10a.o ABSOLUTE
    ../clib/microlib/init/entry.s            0x00000000   Number         0  entry9b.o ABSOLUTE
    ../clib/microlib/longlong.c              0x00000000   Number         0  llushr.o ABSOLUTE
    ../clib/microlib/longlong.c              0x00000000   Number         0  llshl.o ABSOLUTE
    ../clib/microlib/longlong.c              0x00000000   Number         0  llsshr.o ABSOLUTE
    ../clib/microlib/printf/printf.c         0x00000000   Number         0  printf4.o ABSOLUTE
    ../clib/microlib/printf/printf.c         0x00000000   Number         0  printf5.o ABSOLUTE
    ../clib/microlib/printf/printf.c         0x00000000   Number         0  printf6.o ABSOLUTE
    ../clib/microlib/printf/printf.c         0x00000000   Number         0  printf7.o ABSOLUTE
    ../clib/microlib/printf/printf.c         0x00000000   Number         0  printf8.o ABSOLUTE
    ../clib/microlib/printf/printf.c         0x00000000   Number         0  printf0.o ABSOLUTE
    ../clib/microlib/printf/printf.c         0x00000000   Number         0  printf3.o ABSOLUTE
    ../clib/microlib/printf/printf.c         0x00000000   Number         0  printfb.o ABSOLUTE
    ../clib/microlib/printf/printf.c         0x00000000   Number         0  printf2.o ABSOLUTE
    ../clib/microlib/printf/printf.c         0x00000000   Number         0  printf1.o ABSOLUTE
    ../clib/microlib/printf/printf.c         0x00000000   Number         0  printfa.o ABSOLUTE
    ../clib/microlib/printf/stubs.s          0x00000000   Number         0  stubs.o ABSOLUTE
    ../clib/microlib/stdio/streams.c         0x00000000   Number         0  stdout.o ABSOLUTE
    ../clib/microlib/string/memset.c         0x00000000   Number         0  memseta.o ABSOLUTE
    ../clib/microlib/string/strstr.c         0x00000000   Number         0  strstr.o ABSOLUTE
    ../clib/microlib/stubs.s                 0x00000000   Number         0  iusefp.o ABSOLUTE
    ../fplib/microlib/f2d.c                  0x00000000   Number         0  f2d.o ABSOLUTE
    ../fplib/microlib/fpadd.c                0x00000000   Number         0  dadd.o ABSOLUTE
    ../fplib/microlib/fpadd.c                0x00000000   Number         0  fadd.o ABSOLUTE
    ../fplib/microlib/fpdiv.c                0x00000000   Number         0  ddiv.o ABSOLUTE
    ../fplib/microlib/fpepilogue.c           0x00000000   Number         0  fepilogue.o ABSOLUTE
    ../fplib/microlib/fpepilogue.c           0x00000000   Number         0  depilogue.o ABSOLUTE
    ../fplib/microlib/fpfix.c                0x00000000   Number         0  dfixul.o ABSOLUTE
    ../fplib/microlib/fpfix.c                0x00000000   Number         0  ffixi.o ABSOLUTE
    ../fplib/microlib/fpfix.c                0x00000000   Number         0  ffixui.o ABSOLUTE
    ../fplib/microlib/fpflt.c                0x00000000   Number         0  fflti.o ABSOLUTE
    ../fplib/microlib/fpmul.c                0x00000000   Number         0  dmul.o ABSOLUTE
    ../fplib/microlib/fpmul.c                0x00000000   Number         0  fmul.o ABSOLUTE
    ..\..\Driver\FLASH\flash.c               0x00000000   Number         0  flash.o ABSOLUTE
    ..\..\Driver\KEY\exti.c                  0x00000000   Number         0  exti.o ABSOLUTE
    ..\..\Driver\LED\led.c                   0x00000000   Number         0  led.o ABSOLUTE
    ..\..\Driver\OLED\OLED.c                 0x00000000   Number         0  oled.o ABSOLUTE
    ..\..\Driver\PWM\Breathing_Light.c       0x00000000   Number         0  breathing_light.o ABSOLUTE
    ..\..\Driver\PWM\PWM.c                   0x00000000   Number         0  pwm.o ABSOLUTE
    ..\..\Driver\RC522\opp.c                 0x00000000   Number         0  opp.o ABSOLUTE
    ..\..\Driver\RC522\rc522.c               0x00000000   Number         0  rc522.o ABSOLUTE
    ..\..\Driver\RTC\rtc.c                   0x00000000   Number         0  rtc.o ABSOLUTE
    ..\..\Driver\SPI\spi.c                   0x00000000   Number         0  spi.o ABSOLUTE
    ..\..\Driver\SysTick\SysTick.c           0x00000000   Number         0  systick.o ABSOLUTE
    ..\..\Driver\USART\WIFI_BufferPool.c     0x00000000   Number         0  wifi_bufferpool.o ABSOLUTE
    ..\..\Driver\USART\ZigBee_BufferPool.c   0x00000000   Number         0  zigbee_bufferpool.o ABSOLUTE
    ..\..\Driver\USART\usart.c               0x00000000   Number         0  usart.o ABSOLUTE
    ..\..\Driver\WIFI\wifi.c                 0x00000000   Number         0  wifi.o ABSOLUTE
    ..\..\Libraries\CMSIS\core_cm3.c         0x00000000   Number         0  core_cm3.o ABSOLUTE
    ..\..\Libraries\CMSIS\startup\startup_stm32f10x_hd.s 0x00000000   Number         0  startup_stm32f10x_hd.o ABSOLUTE
    ..\..\Libraries\CMSIS\system_stm32f10x.c 0x00000000   Number         0  system_stm32f10x.o ABSOLUTE
    ..\..\Libraries\FWlib\src\misc.c         0x00000000   Number         0  misc.o ABSOLUTE
    ..\..\Libraries\FWlib\src\stm32f10x_adc.c 0x00000000   Number         0  stm32f10x_adc.o ABSOLUTE
    ..\..\Libraries\FWlib\src\stm32f10x_bkp.c 0x00000000   Number         0  stm32f10x_bkp.o ABSOLUTE
    ..\..\Libraries\FWlib\src\stm32f10x_dac.c 0x00000000   Number         0  stm32f10x_dac.o ABSOLUTE
    ..\..\Libraries\FWlib\src\stm32f10x_dma.c 0x00000000   Number         0  stm32f10x_dma.o ABSOLUTE
    ..\..\Libraries\FWlib\src\stm32f10x_exti.c 0x00000000   Number         0  stm32f10x_exti.o ABSOLUTE
    ..\..\Libraries\FWlib\src\stm32f10x_flash.c 0x00000000   Number         0  stm32f10x_flash.o ABSOLUTE
    ..\..\Libraries\FWlib\src\stm32f10x_gpio.c 0x00000000   Number         0  stm32f10x_gpio.o ABSOLUTE
    ..\..\Libraries\FWlib\src\stm32f10x_i2c.c 0x00000000   Number         0  stm32f10x_i2c.o ABSOLUTE
    ..\..\Libraries\FWlib\src\stm32f10x_pwr.c 0x00000000   Number         0  stm32f10x_pwr.o ABSOLUTE
    ..\..\Libraries\FWlib\src\stm32f10x_rcc.c 0x00000000   Number         0  stm32f10x_rcc.o ABSOLUTE
    ..\..\Libraries\FWlib\src\stm32f10x_rtc.c 0x00000000   Number         0  stm32f10x_rtc.o ABSOLUTE
    ..\..\Libraries\FWlib\src\stm32f10x_spi.c 0x00000000   Number         0  stm32f10x_spi.o ABSOLUTE
    ..\..\Libraries\FWlib\src\stm32f10x_tim.c 0x00000000   Number         0  stm32f10x_tim.o ABSOLUTE
    ..\..\Libraries\FWlib\src\stm32f10x_usart.c 0x00000000   Number         0  stm32f10x_usart.o ABSOLUTE
    ..\..\User\bsp_init.c                    0x00000000   Number         0  bsp_init.o ABSOLUTE
    ..\..\User\card_records.c                0x00000000   Number         0  card_records.o ABSOLUTE
    ..\..\User\main.c                        0x00000000   Number         0  main.o ABSOLUTE
    ..\..\User\stm32f10x_it.c                0x00000000   Number         0  stm32f10x_it.o ABSOLUTE
    ..\\..\\Libraries\\CMSIS\\core_cm3.c     0x00000000   Number         0  core_cm3.o ABSOLUTE
    cdcmple.s                                0x00000000   Number         0  cdcmple.o ABSOLUTE
    cdrcmple.s                               0x00000000   Number         0  cdrcmple.o ABSOLUTE
    dc.s                                     0x00000000   Number         0  dc.o ABSOLUTE
    handlers.s                               0x00000000   Number         0  handlers.o ABSOLUTE
    init.s                                   0x00000000   Number         0  init.o ABSOLUTE
    RESET                                    0x08000000   Section      304  startup_stm32f10x_hd.o(RESET)
    .ARM.Collect$$$$00000000                 0x08000130   Section        0  entry.o(.ARM.Collect$$$$00000000)
    .ARM.Collect$$$$00000001                 0x08000130   Section        4  entry2.o(.ARM.Collect$$$$00000001)
    .ARM.Collect$$$$00000004                 0x08000134   Section        4  entry5.o(.ARM.Collect$$$$00000004)
    .ARM.Collect$$$$00000008                 0x08000138   Section        0  entry7b.o(.ARM.Collect$$$$00000008)
    .ARM.Collect$$$$0000000A                 0x08000138   Section        0  entry8b.o(.ARM.Collect$$$$0000000A)
    .ARM.Collect$$$$0000000B                 0x08000138   Section        8  entry9a.o(.ARM.Collect$$$$0000000B)
    .ARM.Collect$$$$0000000D                 0x08000140   Section        0  entry10a.o(.ARM.Collect$$$$0000000D)
    .ARM.Collect$$$$0000000F                 0x08000140   Section        0  entry11a.o(.ARM.Collect$$$$0000000F)
    .ARM.Collect$$$$00002712                 0x08000140   Section        4  entry2.o(.ARM.Collect$$$$00002712)
    __lit__00000000                          0x08000140   Data           4  entry2.o(.ARM.Collect$$$$00002712)
    .text                                    0x08000144   Section       36  startup_stm32f10x_hd.o(.text)
    .text                                    0x08000168   Section        0  system_stm32f10x.o(.text)
    SetSysClockTo72                          0x08000169   Thumb Code   214  system_stm32f10x.o(.text)
    SetSysClock                              0x0800023f   Thumb Code     8  system_stm32f10x.o(.text)
    .text                                    0x08000348   Section        0  misc.o(.text)
    .text                                    0x08000424   Section        0  stm32f10x_gpio.o(.text)
    .text                                    0x08000780   Section        0  stm32f10x_rcc.o(.text)
    .text                                    0x08000b24   Section        0  stm32f10x_exti.o(.text)
    .text                                    0x08000c40   Section        0  stm32f10x_spi.o(.text)
    .text                                    0x08000f4c   Section        0  stm32f10x_tim.o(.text)
    TI4_Config                               0x080013f3   Thumb Code   130  stm32f10x_tim.o(.text)
    TI3_Config                               0x08001487   Thumb Code   122  stm32f10x_tim.o(.text)
    TI2_Config                               0x0800151b   Thumb Code   130  stm32f10x_tim.o(.text)
    TI1_Config                               0x080015af   Thumb Code   108  stm32f10x_tim.o(.text)
    .text                                    0x08001d68   Section        0  stm32f10x_usart.o(.text)
    .text                                    0x08002170   Section        0  main.o(.text)
    .text                                    0x0800217c   Section        0  stm32f10x_it.o(.text)
    .text                                    0x080025e4   Section        0  bsp_init.o(.text)
    LED_Init                                 0x080025e5   Thumb Code    80  bsp_init.o(.text)
    Beep_Init                                0x08002635   Thumb Code    46  bsp_init.o(.text)
    ZigBee_Power_Init                        0x08002663   Thumb Code   148  bsp_init.o(.text)
    Misc_Init                                0x080026f7   Thumb Code    44  bsp_init.o(.text)
    .text                                    0x080027a4   Section        0  card_records.o(.text)
    .text                                    0x0800514c   Section        0  usart.o(.text)
    USART3_NVIC_Configuration                0x080051a1   Thumb Code    42  usart.o(.text)
    USART2_NVIC_Configuration                0x080051cb   Thumb Code    38  usart.o(.text)
    USART1_NVIC_Configuration                0x080051f1   Thumb Code    42  usart.o(.text)
    USART3_Config                            0x0800521b   Thumb Code   146  usart.o(.text)
    USART2_Config                            0x080052ad   Thumb Code   142  usart.o(.text)
    USART1_Config                            0x0800533b   Thumb Code   134  usart.o(.text)
    itoa                                     0x080053dd   Thumb Code   274  usart.o(.text)
    .text                                    0x0800564c   Section        0  oled.o(.text)
    .text                                    0x080066b8   Section        0  zigbee_bufferpool.o(.text)
    ZigBee_BPCheckCancelCmd                  0x0800695f   Thumb Code    24  zigbee_bufferpool.o(.text)
    ZigBee_Data_Display_Init                 0x0800697d   Thumb Code   242  zigbee_bufferpool.o(.text)
    .text                                    0x08006af0   Section        0  wifi_bufferpool.o(.text)
    .text                                    0x08006dc8   Section        0  wifi.o(.text)
    .text                                    0x080077f4   Section        0  systick.o(.text)
    .text                                    0x080078a8   Section        0  exti.o(.text)
    NVIC_Configuration                       0x080078a9   Thumb Code    76  exti.o(.text)
    .text                                    0x08007a18   Section        0  breathing_light.o(.text)
    TIM1_GPIO_Config                         0x08007a19   Thumb Code    72  breathing_light.o(.text)
    NVIC_Config_PWM                          0x08007a61   Thumb Code    42  breathing_light.o(.text)
    TIM1_Mode_Config                         0x08007a8b   Thumb Code   150  breathing_light.o(.text)
    .text                                    0x08007b34   Section        0  pwm.o(.text)
    NVIC_Config_PWM_TIM4                     0x08007b35   Thumb Code    42  pwm.o(.text)
    .text                                    0x08007d04   Section        0  flash.o(.text)
    .text                                    0x08008064   Section        0  spi.o(.text)
    .text                                    0x0800827c   Section        0  rc522.o(.text)
    .text                                    0x08008a6c   Section        0  opp.o(.text)
    .text                                    0x080090fc   Section        0  memseta.o(.text)
    .text                                    0x08009120   Section        0  strstr.o(.text)
    .text                                    0x08009144   Section        0  fadd.o(.text)
    .text                                    0x080091f4   Section        0  fmul.o(.text)
    .text                                    0x08009258   Section        0  fflti.o(.text)
    .text                                    0x0800926a   Section        0  ffixi.o(.text)
    .text                                    0x0800929c   Section        0  ffixui.o(.text)
    .text                                    0x080092c4   Section        0  f2d.o(.text)
    .text                                    0x080092ec   Section       48  cdcmple.o(.text)
    .text                                    0x0800931c   Section        0  uidiv.o(.text)
    .text                                    0x08009348   Section        0  iusefp.o(.text)
    .text                                    0x08009348   Section        0  fepilogue.o(.text)
    .text                                    0x080093b8   Section       36  init.o(.text)
    .text                                    0x080093dc   Section        0  __dczerorl2.o(.text)
    i.__0printf$3                            0x08009434   Section        0  printf3.o(i.__0printf$3)
    i.__0sprintf$3                           0x08009454   Section        0  printf3.o(i.__0sprintf$3)
    i.__scatterload_copy                     0x0800947c   Section       14  handlers.o(i.__scatterload_copy)
    i.__scatterload_null                     0x0800948a   Section        2  handlers.o(i.__scatterload_null)
    i.__scatterload_zeroinit                 0x0800948c   Section       14  handlers.o(i.__scatterload_zeroinit)
    i._printf_core                           0x0800949c   Section        0  printf3.o(i._printf_core)
    _printf_core                             0x0800949d   Thumb Code   436  printf3.o(i._printf_core)
    i._sputc                                 0x08009654   Section        0  printf3.o(i._sputc)
    _sputc                                   0x08009655   Thumb Code    10  printf3.o(i._sputc)
    .constdata                               0x0800965e   Section     2072  oled.o(.constdata)
    .data                                    0x20000000   Section       20  system_stm32f10x.o(.data)
    .data                                    0x20000014   Section       20  stm32f10x_rcc.o(.data)
    APBAHBPrescTable                         0x20000014   Data          16  stm32f10x_rcc.o(.data)
    ADCPrescTable                            0x20000024   Data           4  stm32f10x_rcc.o(.data)
    .data                                    0x20000028   Section       23  stm32f10x_it.o(.data)
    pwm_index                                0x20000038   Data           2  stm32f10x_it.o(.data)
    period_cnt                               0x2000003a   Data           1  stm32f10x_it.o(.data)
    pwm_index                                0x2000003c   Data           2  stm32f10x_it.o(.data)
    period_cnt                               0x2000003e   Data           1  stm32f10x_it.o(.data)
    .data                                    0x20000040   Section       72  card_records.o(.data)
    .data                                    0x20000088   Section        5  zigbee_bufferpool.o(.data)
    .data                                    0x20000090   Section       36  wifi_bufferpool.o(.data)
    i                                        0x200000b0   Data           4  wifi_bufferpool.o(.data)
    .data                                    0x200000b4   Section        4  systick.o(.data)
    TimingDelay                              0x200000b4   Data           4  systick.o(.data)
    .data                                    0x200000b8   Section      146  breathing_light.o(.data)
    .data                                    0x2000014a   Section        2  flash.o(.data)
    .data                                    0x2000014c   Section       24  opp.o(.data)
    .data                                    0x20000164   Section        4  stdout.o(.data)
    .bss                                     0x20000168   Section    10216  card_records.o(.bss)
    .bss                                     0x20002950   Section      131  zigbee_bufferpool.o(.bss)
    .bss                                     0x200029d3   Section       24  wifi_bufferpool.o(.bss)
    .bss                                     0x200029ec   Section     1026  wifi.o(.bss)
    .bss                                     0x20002dee   Section     4096  flash.o(.bss)
    STACK                                    0x20003df0   Section     1024  startup_stm32f10x_hd.o(STACK)

    Global Symbols

    Symbol Name                              Value     Ov Type        Size  Object(Section)

    BuildAttributes$$THM_ISAv4$P$D$K$B$S$PE$A:L22UL41UL21$X:L11$S22US41US21$IEEE1$IW$USESV6$~STKCKD$USESV7$~SHL$OTIME$ROPI$EBA8$MICROLIB$REQ8$PRES8$EABIv2 0x00000000   Number         0  anon$$obj.o ABSOLUTE
    __ARM_use_no_argv                        0x00000000   Number         0  main.o ABSOLUTE
    _printf_a                                0x00000000   Number         0  stubs.o ABSOLUTE
    _printf_c                                0x00000000   Number         0  stubs.o ABSOLUTE
    _printf_charcount                        0x00000000   Number         0  stubs.o ABSOLUTE
    _printf_d                                0x00000000   Number         0  stubs.o ABSOLUTE
    _printf_e                                0x00000000   Number         0  stubs.o ABSOLUTE
    _printf_f                                0x00000000   Number         0  stubs.o ABSOLUTE
    _printf_flags                            0x00000000   Number         0  stubs.o ABSOLUTE
    _printf_fp_dec                           0x00000000   Number         0  stubs.o ABSOLUTE
    _printf_fp_hex                           0x00000000   Number         0  stubs.o ABSOLUTE
    _printf_g                                0x00000000   Number         0  stubs.o ABSOLUTE
    _printf_i                                0x00000000   Number         0  stubs.o ABSOLUTE
    _printf_int_dec                          0x00000000   Number         0  stubs.o ABSOLUTE
    _printf_l                                0x00000000   Number         0  stubs.o ABSOLUTE
    _printf_lc                               0x00000000   Number         0  stubs.o ABSOLUTE
    _printf_ll                               0x00000000   Number         0  stubs.o ABSOLUTE
    _printf_lld                              0x00000000   Number         0  stubs.o ABSOLUTE
    _printf_lli                              0x00000000   Number         0  stubs.o ABSOLUTE
    _printf_llo                              0x00000000   Number         0  stubs.o ABSOLUTE
    _printf_llu                              0x00000000   Number         0  stubs.o ABSOLUTE
    _printf_llx                              0x00000000   Number         0  stubs.o ABSOLUTE
    _printf_longlong_dec                     0x00000000   Number         0  stubs.o ABSOLUTE
    _printf_longlong_hex                     0x00000000   Number         0  stubs.o ABSOLUTE
    _printf_longlong_oct                     0x00000000   Number         0  stubs.o ABSOLUTE
    _printf_ls                               0x00000000   Number         0  stubs.o ABSOLUTE
    _printf_mbtowc                           0x00000000   Number         0  stubs.o ABSOLUTE
    _printf_n                                0x00000000   Number         0  stubs.o ABSOLUTE
    _printf_o                                0x00000000   Number         0  stubs.o ABSOLUTE
    _printf_p                                0x00000000   Number         0  stubs.o ABSOLUTE
    _printf_percent                          0x00000000   Number         0  stubs.o ABSOLUTE
    _printf_pre_padding                      0x00000000   Number         0  stubs.o ABSOLUTE
    _printf_return_value                     0x00000000   Number         0  stubs.o ABSOLUTE
    _printf_s                                0x00000000   Number         0  stubs.o ABSOLUTE
    _printf_sizespec                         0x00000000   Number         0  stubs.o ABSOLUTE
    _printf_str                              0x00000000   Number         0  stubs.o ABSOLUTE
    _printf_truncate_signed                  0x00000000   Number         0  stubs.o ABSOLUTE
    _printf_truncate_unsigned                0x00000000   Number         0  stubs.o ABSOLUTE
    _printf_u                                0x00000000   Number         0  stubs.o ABSOLUTE
    _printf_wc                               0x00000000   Number         0  stubs.o ABSOLUTE
    _printf_wctomb                           0x00000000   Number         0  stubs.o ABSOLUTE
    _printf_widthprec                        0x00000000   Number         0  stubs.o ABSOLUTE
    _printf_x                                0x00000000   Number         0  stubs.o ABSOLUTE
    __cpp_initialize__aeabi_                  - Undefined Weak Reference
    __cxa_finalize                            - Undefined Weak Reference
    _clock_init                               - Undefined Weak Reference
    _microlib_exit                            - Undefined Weak Reference
    __Vectors_Size                           0x00000130   Number         0  startup_stm32f10x_hd.o ABSOLUTE
    __Vectors                                0x08000000   Data           4  startup_stm32f10x_hd.o(RESET)
    __Vectors_End                            0x08000130   Data           0  startup_stm32f10x_hd.o(RESET)
    __main                                   0x08000131   Thumb Code     0  entry.o(.ARM.Collect$$$$00000000)
    _main_stk                                0x08000131   Thumb Code     0  entry2.o(.ARM.Collect$$$$00000001)
    _main_scatterload                        0x08000135   Thumb Code     0  entry5.o(.ARM.Collect$$$$00000004)
    __main_after_scatterload                 0x08000139   Thumb Code     0  entry5.o(.ARM.Collect$$$$00000004)
    _main_clock                              0x08000139   Thumb Code     0  entry7b.o(.ARM.Collect$$$$00000008)
    _main_cpp_init                           0x08000139   Thumb Code     0  entry8b.o(.ARM.Collect$$$$0000000A)
    _main_init                               0x08000139   Thumb Code     0  entry9a.o(.ARM.Collect$$$$0000000B)
    __rt_final_cpp                           0x08000141   Thumb Code     0  entry10a.o(.ARM.Collect$$$$0000000D)
    __rt_final_exit                          0x08000141   Thumb Code     0  entry11a.o(.ARM.Collect$$$$0000000F)
    Reset_Handler                            0x08000145   Thumb Code     8  startup_stm32f10x_hd.o(.text)
    ADC1_2_IRQHandler                        0x0800015f   Thumb Code     0  startup_stm32f10x_hd.o(.text)
    ADC3_IRQHandler                          0x0800015f   Thumb Code     0  startup_stm32f10x_hd.o(.text)
    CAN1_RX1_IRQHandler                      0x0800015f   Thumb Code     0  startup_stm32f10x_hd.o(.text)
    CAN1_SCE_IRQHandler                      0x0800015f   Thumb Code     0  startup_stm32f10x_hd.o(.text)
    DMA1_Channel1_IRQHandler                 0x0800015f   Thumb Code     0  startup_stm32f10x_hd.o(.text)
    DMA1_Channel2_IRQHandler                 0x0800015f   Thumb Code     0  startup_stm32f10x_hd.o(.text)
    DMA1_Channel3_IRQHandler                 0x0800015f   Thumb Code     0  startup_stm32f10x_hd.o(.text)
    DMA1_Channel4_IRQHandler                 0x0800015f   Thumb Code     0  startup_stm32f10x_hd.o(.text)
    DMA1_Channel5_IRQHandler                 0x0800015f   Thumb Code     0  startup_stm32f10x_hd.o(.text)
    DMA1_Channel6_IRQHandler                 0x0800015f   Thumb Code     0  startup_stm32f10x_hd.o(.text)
    DMA1_Channel7_IRQHandler                 0x0800015f   Thumb Code     0  startup_stm32f10x_hd.o(.text)
    DMA2_Channel1_IRQHandler                 0x0800015f   Thumb Code     0  startup_stm32f10x_hd.o(.text)
    DMA2_Channel2_IRQHandler                 0x0800015f   Thumb Code     0  startup_stm32f10x_hd.o(.text)
    DMA2_Channel3_IRQHandler                 0x0800015f   Thumb Code     0  startup_stm32f10x_hd.o(.text)
    DMA2_Channel4_5_IRQHandler               0x0800015f   Thumb Code     0  startup_stm32f10x_hd.o(.text)
    EXTI15_10_IRQHandler                     0x0800015f   Thumb Code     0  startup_stm32f10x_hd.o(.text)
    EXTI2_IRQHandler                         0x0800015f   Thumb Code     0  startup_stm32f10x_hd.o(.text)
    EXTI9_5_IRQHandler                       0x0800015f   Thumb Code     0  startup_stm32f10x_hd.o(.text)
    FLASH_IRQHandler                         0x0800015f   Thumb Code     0  startup_stm32f10x_hd.o(.text)
    FSMC_IRQHandler                          0x0800015f   Thumb Code     0  startup_stm32f10x_hd.o(.text)
    I2C1_ER_IRQHandler                       0x0800015f   Thumb Code     0  startup_stm32f10x_hd.o(.text)
    I2C1_EV_IRQHandler                       0x0800015f   Thumb Code     0  startup_stm32f10x_hd.o(.text)
    I2C2_ER_IRQHandler                       0x0800015f   Thumb Code     0  startup_stm32f10x_hd.o(.text)
    I2C2_EV_IRQHandler                       0x0800015f   Thumb Code     0  startup_stm32f10x_hd.o(.text)
    PVD_IRQHandler                           0x0800015f   Thumb Code     0  startup_stm32f10x_hd.o(.text)
    RCC_IRQHandler                           0x0800015f   Thumb Code     0  startup_stm32f10x_hd.o(.text)
    RTCAlarm_IRQHandler                      0x0800015f   Thumb Code     0  startup_stm32f10x_hd.o(.text)
    RTC_IRQHandler                           0x0800015f   Thumb Code     0  startup_stm32f10x_hd.o(.text)
    SDIO_IRQHandler                          0x0800015f   Thumb Code     0  startup_stm32f10x_hd.o(.text)
    SPI1_IRQHandler                          0x0800015f   Thumb Code     0  startup_stm32f10x_hd.o(.text)
    SPI2_IRQHandler                          0x0800015f   Thumb Code     0  startup_stm32f10x_hd.o(.text)
    SPI3_IRQHandler                          0x0800015f   Thumb Code     0  startup_stm32f10x_hd.o(.text)
    TAMPER_IRQHandler                        0x0800015f   Thumb Code     0  startup_stm32f10x_hd.o(.text)
    TIM1_BRK_IRQHandler                      0x0800015f   Thumb Code     0  startup_stm32f10x_hd.o(.text)
    TIM1_TRG_COM_IRQHandler                  0x0800015f   Thumb Code     0  startup_stm32f10x_hd.o(.text)
    TIM1_UP_IRQHandler                       0x0800015f   Thumb Code     0  startup_stm32f10x_hd.o(.text)
    TIM2_IRQHandler                          0x0800015f   Thumb Code     0  startup_stm32f10x_hd.o(.text)
    TIM3_IRQHandler                          0x0800015f   Thumb Code     0  startup_stm32f10x_hd.o(.text)
    TIM5_IRQHandler                          0x0800015f   Thumb Code     0  startup_stm32f10x_hd.o(.text)
    TIM6_IRQHandler                          0x0800015f   Thumb Code     0  startup_stm32f10x_hd.o(.text)
    TIM7_IRQHandler                          0x0800015f   Thumb Code     0  startup_stm32f10x_hd.o(.text)
    TIM8_BRK_IRQHandler                      0x0800015f   Thumb Code     0  startup_stm32f10x_hd.o(.text)
    TIM8_CC_IRQHandler                       0x0800015f   Thumb Code     0  startup_stm32f10x_hd.o(.text)
    TIM8_TRG_COM_IRQHandler                  0x0800015f   Thumb Code     0  startup_stm32f10x_hd.o(.text)
    TIM8_UP_IRQHandler                       0x0800015f   Thumb Code     0  startup_stm32f10x_hd.o(.text)
    UART4_IRQHandler                         0x0800015f   Thumb Code     0  startup_stm32f10x_hd.o(.text)
    UART5_IRQHandler                         0x0800015f   Thumb Code     0  startup_stm32f10x_hd.o(.text)
    USBWakeUp_IRQHandler                     0x0800015f   Thumb Code     0  startup_stm32f10x_hd.o(.text)
    USB_HP_CAN1_TX_IRQHandler                0x0800015f   Thumb Code     0  startup_stm32f10x_hd.o(.text)
    USB_LP_CAN1_RX0_IRQHandler               0x0800015f   Thumb Code     0  startup_stm32f10x_hd.o(.text)
    WWDG_IRQHandler                          0x0800015f   Thumb Code     0  startup_stm32f10x_hd.o(.text)
    SystemInit                               0x08000247   Thumb Code    78  system_stm32f10x.o(.text)
    SystemCoreClockUpdate                    0x08000295   Thumb Code   142  system_stm32f10x.o(.text)
    NVIC_PriorityGroupConfig                 0x08000349   Thumb Code    10  misc.o(.text)
    NVIC_Init                                0x08000353   Thumb Code   100  misc.o(.text)
    NVIC_SetVectorTable                      0x080003b7   Thumb Code    14  misc.o(.text)
    NVIC_SystemLPConfig                      0x080003c5   Thumb Code    34  misc.o(.text)
    SysTick_CLKSourceConfig                  0x080003e7   Thumb Code    40  misc.o(.text)
    GPIO_DeInit                              0x08000425   Thumb Code   172  stm32f10x_gpio.o(.text)
    GPIO_AFIODeInit                          0x080004d1   Thumb Code    20  stm32f10x_gpio.o(.text)
    GPIO_Init                                0x080004e5   Thumb Code   278  stm32f10x_gpio.o(.text)
    GPIO_StructInit                          0x080005fb   Thumb Code    16  stm32f10x_gpio.o(.text)
    GPIO_ReadInputDataBit                    0x0800060b   Thumb Code    18  stm32f10x_gpio.o(.text)
    GPIO_ReadInputData                       0x0800061d   Thumb Code     8  stm32f10x_gpio.o(.text)
    GPIO_ReadOutputDataBit                   0x08000625   Thumb Code    18  stm32f10x_gpio.o(.text)
    GPIO_ReadOutputData                      0x08000637   Thumb Code     8  stm32f10x_gpio.o(.text)
    GPIO_SetBits                             0x0800063f   Thumb Code     4  stm32f10x_gpio.o(.text)
    GPIO_ResetBits                           0x08000643   Thumb Code     4  stm32f10x_gpio.o(.text)
    GPIO_WriteBit                            0x08000647   Thumb Code    10  stm32f10x_gpio.o(.text)
    GPIO_Write                               0x08000651   Thumb Code     4  stm32f10x_gpio.o(.text)
    GPIO_PinLockConfig                       0x08000655   Thumb Code    18  stm32f10x_gpio.o(.text)
    GPIO_EventOutputConfig                   0x08000667   Thumb Code    26  stm32f10x_gpio.o(.text)
    GPIO_EventOutputCmd                      0x08000681   Thumb Code     6  stm32f10x_gpio.o(.text)
    GPIO_PinRemapConfig                      0x08000687   Thumb Code   138  stm32f10x_gpio.o(.text)
    GPIO_EXTILineConfig                      0x08000711   Thumb Code    66  stm32f10x_gpio.o(.text)
    GPIO_ETH_MediaInterfaceConfig            0x08000753   Thumb Code     8  stm32f10x_gpio.o(.text)
    RCC_DeInit                               0x08000781   Thumb Code    64  stm32f10x_rcc.o(.text)
    RCC_HSEConfig                            0x080007c1   Thumb Code    70  stm32f10x_rcc.o(.text)
    RCC_GetFlagStatus                        0x08000807   Thumb Code    56  stm32f10x_rcc.o(.text)
    RCC_WaitForHSEStartUp                    0x0800083f   Thumb Code    56  stm32f10x_rcc.o(.text)
    RCC_AdjustHSICalibrationValue            0x08000877   Thumb Code    20  stm32f10x_rcc.o(.text)
    RCC_HSICmd                               0x0800088b   Thumb Code     6  stm32f10x_rcc.o(.text)
    RCC_PLLConfig                            0x08000891   Thumb Code    24  stm32f10x_rcc.o(.text)
    RCC_PLLCmd                               0x080008a9   Thumb Code     6  stm32f10x_rcc.o(.text)
    RCC_SYSCLKConfig                         0x080008af   Thumb Code    18  stm32f10x_rcc.o(.text)
    RCC_GetSYSCLKSource                      0x080008c1   Thumb Code    10  stm32f10x_rcc.o(.text)
    RCC_HCLKConfig                           0x080008cb   Thumb Code    18  stm32f10x_rcc.o(.text)
    RCC_PCLK1Config                          0x080008dd   Thumb Code    18  stm32f10x_rcc.o(.text)
    RCC_PCLK2Config                          0x080008ef   Thumb Code    20  stm32f10x_rcc.o(.text)
    RCC_ITConfig                             0x08000903   Thumb Code    26  stm32f10x_rcc.o(.text)
    RCC_USBCLKConfig                         0x0800091d   Thumb Code     8  stm32f10x_rcc.o(.text)
    RCC_ADCCLKConfig                         0x08000925   Thumb Code    18  stm32f10x_rcc.o(.text)
    RCC_LSEConfig                            0x08000937   Thumb Code    50  stm32f10x_rcc.o(.text)
    RCC_LSICmd                               0x08000969   Thumb Code     6  stm32f10x_rcc.o(.text)
    RCC_RTCCLKConfig                         0x0800096f   Thumb Code    12  stm32f10x_rcc.o(.text)
    RCC_RTCCLKCmd                            0x0800097b   Thumb Code     8  stm32f10x_rcc.o(.text)
    RCC_GetClocksFreq                        0x08000983   Thumb Code   192  stm32f10x_rcc.o(.text)
    RCC_AHBPeriphClockCmd                    0x08000a43   Thumb Code    26  stm32f10x_rcc.o(.text)
    RCC_APB2PeriphClockCmd                   0x08000a5d   Thumb Code    26  stm32f10x_rcc.o(.text)
    RCC_APB1PeriphClockCmd                   0x08000a77   Thumb Code    26  stm32f10x_rcc.o(.text)
    RCC_APB2PeriphResetCmd                   0x08000a91   Thumb Code    26  stm32f10x_rcc.o(.text)
    RCC_APB1PeriphResetCmd                   0x08000aab   Thumb Code    26  stm32f10x_rcc.o(.text)
    RCC_BackupResetCmd                       0x08000ac5   Thumb Code     8  stm32f10x_rcc.o(.text)
    RCC_ClockSecuritySystemCmd               0x08000acd   Thumb Code     6  stm32f10x_rcc.o(.text)
    RCC_MCOConfig                            0x08000ad3   Thumb Code     6  stm32f10x_rcc.o(.text)
    RCC_ClearFlag                            0x08000ad9   Thumb Code    14  stm32f10x_rcc.o(.text)
    RCC_GetITStatus                          0x08000ae7   Thumb Code    20  stm32f10x_rcc.o(.text)
    RCC_ClearITPendingBit                    0x08000afb   Thumb Code     6  stm32f10x_rcc.o(.text)
    EXTI_DeInit                              0x08000b25   Thumb Code    28  stm32f10x_exti.o(.text)
    EXTI_Init                                0x08000b41   Thumb Code   142  stm32f10x_exti.o(.text)
    EXTI_StructInit                          0x08000bcf   Thumb Code    16  stm32f10x_exti.o(.text)
    EXTI_GenerateSWInterrupt                 0x08000bdf   Thumb Code    16  stm32f10x_exti.o(.text)
    EXTI_GetFlagStatus                       0x08000bef   Thumb Code    22  stm32f10x_exti.o(.text)
    EXTI_ClearFlag                           0x08000c05   Thumb Code     8  stm32f10x_exti.o(.text)
    EXTI_GetITStatus                         0x08000c0d   Thumb Code    34  stm32f10x_exti.o(.text)
    EXTI_ClearITPendingBit                   0x08000c2f   Thumb Code     8  stm32f10x_exti.o(.text)
    SPI_I2S_DeInit                           0x08000c41   Thumb Code    76  stm32f10x_spi.o(.text)
    SPI_Init                                 0x08000c8d   Thumb Code    60  stm32f10x_spi.o(.text)
    I2S_Init                                 0x08000cc9   Thumb Code   226  stm32f10x_spi.o(.text)
    SPI_StructInit                           0x08000dab   Thumb Code    24  stm32f10x_spi.o(.text)
    I2S_StructInit                           0x08000dc3   Thumb Code    20  stm32f10x_spi.o(.text)
    SPI_Cmd                                  0x08000dd7   Thumb Code    24  stm32f10x_spi.o(.text)
    I2S_Cmd                                  0x08000def   Thumb Code    24  stm32f10x_spi.o(.text)
    SPI_I2S_ITConfig                         0x08000e07   Thumb Code    32  stm32f10x_spi.o(.text)
    SPI_I2S_DMACmd                           0x08000e27   Thumb Code    18  stm32f10x_spi.o(.text)
    SPI_I2S_SendData                         0x08000e39   Thumb Code     4  stm32f10x_spi.o(.text)
    SPI_I2S_ReceiveData                      0x08000e3d   Thumb Code     6  stm32f10x_spi.o(.text)
    SPI_NSSInternalSoftwareConfig            0x08000e43   Thumb Code    30  stm32f10x_spi.o(.text)
    SPI_SSOutputCmd                          0x08000e61   Thumb Code    24  stm32f10x_spi.o(.text)
    SPI_DataSizeConfig                       0x08000e79   Thumb Code    18  stm32f10x_spi.o(.text)
    SPI_TransmitCRC                          0x08000e8b   Thumb Code    10  stm32f10x_spi.o(.text)
    SPI_CalculateCRC                         0x08000e95   Thumb Code    24  stm32f10x_spi.o(.text)
    SPI_GetCRC                               0x08000ead   Thumb Code    16  stm32f10x_spi.o(.text)
    SPI_GetCRCPolynomial                     0x08000ebd   Thumb Code     6  stm32f10x_spi.o(.text)
    SPI_BiDirectionalLineConfig              0x08000ec3   Thumb Code    28  stm32f10x_spi.o(.text)
    SPI_I2S_GetFlagStatus                    0x08000edf   Thumb Code    18  stm32f10x_spi.o(.text)
    SPI_I2S_ClearFlag                        0x08000ef1   Thumb Code     6  stm32f10x_spi.o(.text)
    SPI_I2S_GetITStatus                      0x08000ef7   Thumb Code    52  stm32f10x_spi.o(.text)
    SPI_I2S_ClearITPendingBit                0x08000f2b   Thumb Code    20  stm32f10x_spi.o(.text)
    TIM_DeInit                               0x08000f4d   Thumb Code   424  stm32f10x_tim.o(.text)
    TIM_TimeBaseInit                         0x080010f5   Thumb Code   122  stm32f10x_tim.o(.text)
    TIM_OC1Init                              0x0800116f   Thumb Code   132  stm32f10x_tim.o(.text)
    TIM_OC2Init                              0x080011f3   Thumb Code   154  stm32f10x_tim.o(.text)
    TIM_OC3Init                              0x0800128d   Thumb Code   150  stm32f10x_tim.o(.text)
    TIM_OC4Init                              0x08001323   Thumb Code   182  stm32f10x_tim.o(.text)
    TIM_SetIC4Prescaler                      0x080013d9   Thumb Code    26  stm32f10x_tim.o(.text)
    TIM_SetIC3Prescaler                      0x08001475   Thumb Code    18  stm32f10x_tim.o(.text)
    TIM_SetIC2Prescaler                      0x08001501   Thumb Code    26  stm32f10x_tim.o(.text)
    TIM_SetIC1Prescaler                      0x0800159d   Thumb Code    18  stm32f10x_tim.o(.text)
    TIM_ICInit                               0x0800161b   Thumb Code   150  stm32f10x_tim.o(.text)
    TIM_PWMIConfig                           0x080016b1   Thumb Code   124  stm32f10x_tim.o(.text)
    TIM_BDTRConfig                           0x0800172d   Thumb Code    32  stm32f10x_tim.o(.text)
    TIM_TimeBaseStructInit                   0x0800174d   Thumb Code    18  stm32f10x_tim.o(.text)
    TIM_OCStructInit                         0x0800175f   Thumb Code    20  stm32f10x_tim.o(.text)
    TIM_ICStructInit                         0x08001773   Thumb Code    18  stm32f10x_tim.o(.text)
    TIM_BDTRStructInit                       0x08001785   Thumb Code    40  stm32f10x_tim.o(.text)
    TIM_Cmd                                  0x080017ad   Thumb Code    24  stm32f10x_tim.o(.text)
    TIM_CtrlPWMOutputs                       0x080017c5   Thumb Code    30  stm32f10x_tim.o(.text)
    TIM_ITConfig                             0x080017e3   Thumb Code    18  stm32f10x_tim.o(.text)
    TIM_GenerateEvent                        0x080017f5   Thumb Code     4  stm32f10x_tim.o(.text)
    TIM_DMAConfig                            0x080017f9   Thumb Code    10  stm32f10x_tim.o(.text)
    TIM_DMACmd                               0x08001803   Thumb Code    18  stm32f10x_tim.o(.text)
    TIM_InternalClockConfig                  0x08001815   Thumb Code    12  stm32f10x_tim.o(.text)
    TIM_SelectInputTrigger                   0x08001821   Thumb Code    18  stm32f10x_tim.o(.text)
    TIM_ITRxExternalClockConfig              0x08001833   Thumb Code    24  stm32f10x_tim.o(.text)
    TIM_TIxExternalClockConfig               0x0800184b   Thumb Code    62  stm32f10x_tim.o(.text)
    TIM_ETRConfig                            0x08001889   Thumb Code    28  stm32f10x_tim.o(.text)
    TIM_ETRClockMode1Config                  0x080018a5   Thumb Code    54  stm32f10x_tim.o(.text)
    TIM_ETRClockMode2Config                  0x080018db   Thumb Code    32  stm32f10x_tim.o(.text)
    TIM_PrescalerConfig                      0x080018fb   Thumb Code     6  stm32f10x_tim.o(.text)
    TIM_CounterModeConfig                    0x08001901   Thumb Code    18  stm32f10x_tim.o(.text)
    TIM_EncoderInterfaceConfig               0x08001913   Thumb Code    66  stm32f10x_tim.o(.text)
    TIM_ForcedOC1Config                      0x08001955   Thumb Code    18  stm32f10x_tim.o(.text)
    TIM_ForcedOC2Config                      0x08001967   Thumb Code    26  stm32f10x_tim.o(.text)
    TIM_ForcedOC3Config                      0x08001981   Thumb Code    18  stm32f10x_tim.o(.text)
    TIM_ForcedOC4Config                      0x08001993   Thumb Code    26  stm32f10x_tim.o(.text)
    TIM_ARRPreloadConfig                     0x080019ad   Thumb Code    24  stm32f10x_tim.o(.text)
    TIM_SelectCOM                            0x080019c5   Thumb Code    24  stm32f10x_tim.o(.text)
    TIM_SelectCCDMA                          0x080019dd   Thumb Code    24  stm32f10x_tim.o(.text)
    TIM_CCPreloadControl                     0x080019f5   Thumb Code    24  stm32f10x_tim.o(.text)
    TIM_OC1PreloadConfig                     0x08001a0d   Thumb Code    18  stm32f10x_tim.o(.text)
    TIM_OC2PreloadConfig                     0x08001a1f   Thumb Code    26  stm32f10x_tim.o(.text)
    TIM_OC3PreloadConfig                     0x08001a39   Thumb Code    18  stm32f10x_tim.o(.text)
    TIM_OC4PreloadConfig                     0x08001a4b   Thumb Code    26  stm32f10x_tim.o(.text)
    TIM_OC1FastConfig                        0x08001a65   Thumb Code    18  stm32f10x_tim.o(.text)
    TIM_OC2FastConfig                        0x08001a77   Thumb Code    26  stm32f10x_tim.o(.text)
    TIM_OC3FastConfig                        0x08001a91   Thumb Code    18  stm32f10x_tim.o(.text)
    TIM_OC4FastConfig                        0x08001aa3   Thumb Code    26  stm32f10x_tim.o(.text)
    TIM_ClearOC1Ref                          0x08001abd   Thumb Code    18  stm32f10x_tim.o(.text)
    TIM_ClearOC2Ref                          0x08001acf   Thumb Code    24  stm32f10x_tim.o(.text)
    TIM_ClearOC3Ref                          0x08001ae7   Thumb Code    18  stm32f10x_tim.o(.text)
    TIM_ClearOC4Ref                          0x08001af9   Thumb Code    24  stm32f10x_tim.o(.text)
    TIM_OC1PolarityConfig                    0x08001b11   Thumb Code    18  stm32f10x_tim.o(.text)
    TIM_OC1NPolarityConfig                   0x08001b23   Thumb Code    18  stm32f10x_tim.o(.text)
    TIM_OC2PolarityConfig                    0x08001b35   Thumb Code    26  stm32f10x_tim.o(.text)
    TIM_OC2NPolarityConfig                   0x08001b4f   Thumb Code    26  stm32f10x_tim.o(.text)
    TIM_OC3PolarityConfig                    0x08001b69   Thumb Code    26  stm32f10x_tim.o(.text)
    TIM_OC3NPolarityConfig                   0x08001b83   Thumb Code    26  stm32f10x_tim.o(.text)
    TIM_OC4PolarityConfig                    0x08001b9d   Thumb Code    26  stm32f10x_tim.o(.text)
    TIM_CCxCmd                               0x08001bb7   Thumb Code    30  stm32f10x_tim.o(.text)
    TIM_CCxNCmd                              0x08001bd5   Thumb Code    30  stm32f10x_tim.o(.text)
    TIM_SelectOCxM                           0x08001bf3   Thumb Code    82  stm32f10x_tim.o(.text)
    TIM_UpdateDisableConfig                  0x08001c45   Thumb Code    24  stm32f10x_tim.o(.text)
    TIM_UpdateRequestConfig                  0x08001c5d   Thumb Code    24  stm32f10x_tim.o(.text)
    TIM_SelectHallSensor                     0x08001c75   Thumb Code    24  stm32f10x_tim.o(.text)
    TIM_SelectOnePulseMode                   0x08001c8d   Thumb Code    18  stm32f10x_tim.o(.text)
    TIM_SelectOutputTrigger                  0x08001c9f   Thumb Code    18  stm32f10x_tim.o(.text)
    TIM_SelectSlaveMode                      0x08001cb1   Thumb Code    18  stm32f10x_tim.o(.text)
    TIM_SelectMasterSlaveMode                0x08001cc3   Thumb Code    18  stm32f10x_tim.o(.text)
    TIM_SetCounter                           0x08001cd5   Thumb Code     4  stm32f10x_tim.o(.text)
    TIM_SetAutoreload                        0x08001cd9   Thumb Code     4  stm32f10x_tim.o(.text)
    TIM_SetCompare1                          0x08001cdd   Thumb Code     4  stm32f10x_tim.o(.text)
    TIM_SetCompare2                          0x08001ce1   Thumb Code     4  stm32f10x_tim.o(.text)
    TIM_SetCompare3                          0x08001ce5   Thumb Code     4  stm32f10x_tim.o(.text)
    TIM_SetCompare4                          0x08001ce9   Thumb Code     6  stm32f10x_tim.o(.text)
    TIM_SetClockDivision                     0x08001cef   Thumb Code    18  stm32f10x_tim.o(.text)
    TIM_GetCapture1                          0x08001d01   Thumb Code     6  stm32f10x_tim.o(.text)
    TIM_GetCapture2                          0x08001d07   Thumb Code     6  stm32f10x_tim.o(.text)
    TIM_GetCapture3                          0x08001d0d   Thumb Code     6  stm32f10x_tim.o(.text)
    TIM_GetCapture4                          0x08001d13   Thumb Code     8  stm32f10x_tim.o(.text)
    TIM_GetCounter                           0x08001d1b   Thumb Code     6  stm32f10x_tim.o(.text)
    TIM_GetPrescaler                         0x08001d21   Thumb Code     6  stm32f10x_tim.o(.text)
    TIM_GetFlagStatus                        0x08001d27   Thumb Code    18  stm32f10x_tim.o(.text)
    TIM_ClearFlag                            0x08001d39   Thumb Code     6  stm32f10x_tim.o(.text)
    TIM_GetITStatus                          0x08001d3f   Thumb Code    34  stm32f10x_tim.o(.text)
    TIM_ClearITPendingBit                    0x08001d61   Thumb Code     6  stm32f10x_tim.o(.text)
    USART_DeInit                             0x08001d69   Thumb Code   134  stm32f10x_usart.o(.text)
    USART_Init                               0x08001def   Thumb Code   210  stm32f10x_usart.o(.text)
    USART_StructInit                         0x08001ec1   Thumb Code    24  stm32f10x_usart.o(.text)
    USART_ClockInit                          0x08001ed9   Thumb Code    34  stm32f10x_usart.o(.text)
    USART_ClockStructInit                    0x08001efb   Thumb Code    12  stm32f10x_usart.o(.text)
    USART_Cmd                                0x08001f07   Thumb Code    24  stm32f10x_usart.o(.text)
    USART_ITConfig                           0x08001f1f   Thumb Code    74  stm32f10x_usart.o(.text)
    USART_DMACmd                             0x08001f69   Thumb Code    18  stm32f10x_usart.o(.text)
    USART_SetAddress                         0x08001f7b   Thumb Code    18  stm32f10x_usart.o(.text)
    USART_WakeUpConfig                       0x08001f8d   Thumb Code    18  stm32f10x_usart.o(.text)
    USART_ReceiverWakeUpCmd                  0x08001f9f   Thumb Code    24  stm32f10x_usart.o(.text)
    USART_LINBreakDetectLengthConfig         0x08001fb7   Thumb Code    18  stm32f10x_usart.o(.text)
    USART_LINCmd                             0x08001fc9   Thumb Code    24  stm32f10x_usart.o(.text)
    USART_SendData                           0x08001fe1   Thumb Code     8  stm32f10x_usart.o(.text)
    USART_ReceiveData                        0x08001fe9   Thumb Code    10  stm32f10x_usart.o(.text)
    USART_SendBreak                          0x08001ff3   Thumb Code    10  stm32f10x_usart.o(.text)
    USART_SetGuardTime                       0x08001ffd   Thumb Code    16  stm32f10x_usart.o(.text)
    USART_SetPrescaler                       0x0800200d   Thumb Code    16  stm32f10x_usart.o(.text)
    USART_SmartCardCmd                       0x0800201d   Thumb Code    24  stm32f10x_usart.o(.text)
    USART_SmartCardNACKCmd                   0x08002035   Thumb Code    24  stm32f10x_usart.o(.text)
    USART_HalfDuplexCmd                      0x0800204d   Thumb Code    24  stm32f10x_usart.o(.text)
    USART_OverSampling8Cmd                   0x08002065   Thumb Code    22  stm32f10x_usart.o(.text)
    USART_OneBitMethodCmd                    0x0800207b   Thumb Code    24  stm32f10x_usart.o(.text)
    USART_IrDAConfig                         0x08002093   Thumb Code    18  stm32f10x_usart.o(.text)
    USART_IrDACmd                            0x080020a5   Thumb Code    24  stm32f10x_usart.o(.text)
    USART_GetFlagStatus                      0x080020bd   Thumb Code    26  stm32f10x_usart.o(.text)
    USART_ClearFlag                          0x080020d7   Thumb Code    18  stm32f10x_usart.o(.text)
    USART_GetITStatus                        0x080020e9   Thumb Code    84  stm32f10x_usart.o(.text)
    USART_ClearITPendingBit                  0x0800213d   Thumb Code    52  stm32f10x_usart.o(.text)
    main                                     0x08002171   Thumb Code    12  main.o(.text)
    NMI_Handler                              0x0800217d   Thumb Code     2  stm32f10x_it.o(.text)
    HardFault_Handler                        0x0800217f   Thumb Code     4  stm32f10x_it.o(.text)
    MemManage_Handler                        0x08002183   Thumb Code     4  stm32f10x_it.o(.text)
    BusFault_Handler                         0x08002187   Thumb Code     4  stm32f10x_it.o(.text)
    UsageFault_Handler                       0x0800218b   Thumb Code     4  stm32f10x_it.o(.text)
    SVC_Handler                              0x0800218f   Thumb Code     2  stm32f10x_it.o(.text)
    DebugMon_Handler                         0x08002191   Thumb Code     2  stm32f10x_it.o(.text)
    PendSV_Handler                           0x08002193   Thumb Code     2  stm32f10x_it.o(.text)
    SysTick_Handler                          0x08002195   Thumb Code     8  stm32f10x_it.o(.text)
    USART1_IRQHandler                        0x0800219d   Thumb Code   222  stm32f10x_it.o(.text)
    USART2_IRQHandler                        0x0800227b   Thumb Code    94  stm32f10x_it.o(.text)
    USART3_IRQHandler                        0x080022d9   Thumb Code    44  stm32f10x_it.o(.text)
    TIM1_CC_IRQHandler                       0x08002305   Thumb Code   294  stm32f10x_it.o(.text)
    TIM4_IRQHandler                          0x0800242b   Thumb Code   194  stm32f10x_it.o(.text)
    EXTI0_IRQHandler                         0x080024ed   Thumb Code    30  stm32f10x_it.o(.text)
    EXTI4_IRQHandler                         0x0800250b   Thumb Code    30  stm32f10x_it.o(.text)
    EXTI1_IRQHandler                         0x08002529   Thumb Code    26  stm32f10x_it.o(.text)
    EXTI3_IRQHandler                         0x08002543   Thumb Code    26  stm32f10x_it.o(.text)
    BSP_Init                                 0x08002723   Thumb Code    80  bsp_init.o(.text)
    Swiping_Card                             0x080027a5   Thumb Code   368  card_records.o(.text)
    Add_Flash_ID                             0x08002915   Thumb Code   284  card_records.o(.text)
    Read_Flash_ID                            0x08002a31   Thumb Code   144  card_records.o(.text)
    Add_Student_ID                           0x08002ac1   Thumb Code   132  card_records.o(.text)
    Del_card_ID                              0x08002b45   Thumb Code   216  card_records.o(.text)
    Del_Card_Record                          0x08002c1d   Thumb Code   382  card_records.o(.text)
    Read_Day_Stu_Id                          0x08002d9b   Thumb Code  5094  card_records.o(.text)
    Write_Day_Stu_Id                         0x08004181   Thumb Code  4032  card_records.o(.text)
    fgetc                                    0x0800514d   Thumb Code    26  usart.o(.text)
    fputc                                    0x08005167   Thumb Code    32  usart.o(.text)
    GetKey                                   0x08005187   Thumb Code    26  usart.o(.text)
    USART_Configuration                      0x080053c1   Thumb Code    28  usart.o(.text)
    USART_printf                             0x080054ef   Thumb Code   348  usart.o(.text)
    LCD_WrDat                                0x0800564d   Thumb Code    90  oled.o(.text)
    LCD_WrCmd                                0x080056a7   Thumb Code    82  oled.o(.text)
    LCD_Set_Pos                              0x080056f9   Thumb Code    40  oled.o(.text)
    LCD_Fill                                 0x08005721   Thumb Code    58  oled.o(.text)
    LCD_CLS                                  0x0800575b   Thumb Code    56  oled.o(.text)
    LCD_CLS_LINE                             0x08005793   Thumb Code    46  oled.o(.text)
    LCD_DLY_ms                               0x080057c1   Thumb Code    24  oled.o(.text)
    adjust                                   0x080057d9   Thumb Code    12  oled.o(.text)
    SetStartColumn                           0x080057e5   Thumb Code    44  oled.o(.text)
    SetAddressingMode                        0x08005811   Thumb Code    18  oled.o(.text)
    SetColumnAddress                         0x08005823   Thumb Code    26  oled.o(.text)
    SetPageAddress                           0x0800583d   Thumb Code    26  oled.o(.text)
    SetStartLine                             0x08005857   Thumb Code    14  oled.o(.text)
    SetContrastControl                       0x08005865   Thumb Code    18  oled.o(.text)
    Set_Charge_Pump                          0x08005877   Thumb Code    20  oled.o(.text)
    Set_Segment_Remap                        0x0800588b   Thumb Code    14  oled.o(.text)
    Set_Entire_Display                       0x08005899   Thumb Code    14  oled.o(.text)
    Set_Inverse_Display                      0x080058a7   Thumb Code    14  oled.o(.text)
    Set_Multiplex_Ratio                      0x080058b5   Thumb Code    18  oled.o(.text)
    Set_Display_On_Off                       0x080058c7   Thumb Code    14  oled.o(.text)
    SetStartPage                             0x080058d5   Thumb Code    14  oled.o(.text)
    Set_Common_Remap                         0x080058e3   Thumb Code    14  oled.o(.text)
    Set_Display_Offset                       0x080058f1   Thumb Code    18  oled.o(.text)
    Set_Display_Clock                        0x08005903   Thumb Code    18  oled.o(.text)
    Set_Precharge_Period                     0x08005915   Thumb Code    18  oled.o(.text)
    Set_Common_Config                        0x08005927   Thumb Code    20  oled.o(.text)
    Set_VCOMH                                0x0800593b   Thumb Code    18  oled.o(.text)
    Set_NOP                                  0x0800594d   Thumb Code    10  oled.o(.text)
    LCD_PutPixel                             0x08005957   Thumb Code    72  oled.o(.text)
    LCD_Rectangle                            0x0800599f   Thumb Code   132  oled.o(.text)
    LCD_P6x8Str                              0x08005a23   Thumb Code   102  oled.o(.text)
    LCD_P8x16Str                             0x08005a89   Thumb Code   130  oled.o(.text)
    LCD_P14x16Str                            0x08005b0b   Thumb Code   182  oled.o(.text)
    LCD_Print                                0x08005bc1   Thumb Code   100  oled.o(.text)
    OLED_DrawBMP                             0x08005c25   Thumb Code   116  oled.o(.text)
    LED_P6x8Char                             0x08005c99   Thumb Code    74  oled.o(.text)
    LED_PrintValueC                          0x08005ce3   Thumb Code   126  oled.o(.text)
    LED_PrintValueI                          0x08005d61   Thumb Code   244  oled.o(.text)
    LED_PrintValueFP                         0x08005e55   Thumb Code   300  oled.o(.text)
    LED_PrintValueFP_my                      0x08005f81   Thumb Code   290  oled.o(.text)
    LED_PrintValueF                          0x080060a3   Thumb Code   666  oled.o(.text)
    LCD_show_temp                            0x0800633d   Thumb Code   276  oled.o(.text)
    LCD_show_Data                            0x08006451   Thumb Code   202  oled.o(.text)
    LCD_signal_num                           0x0800651b   Thumb Code    98  oled.o(.text)
    LCD_Init                                 0x0800657d   Thumb Code   180  oled.o(.text)
    OLED_Init                                0x08006631   Thumb Code     8  oled.o(.text)
    OLED_Show                                0x08006639   Thumb Code    38  oled.o(.text)
    OLED_RST                                 0x0800665f   Thumb Code    52  oled.o(.text)
    ZigBee_Data_Display                      0x080066b9   Thumb Code   594  zigbee_bufferpool.o(.text)
    ZigBee_BPWriteData                       0x0800690b   Thumb Code    42  zigbee_bufferpool.o(.text)
    ZigBee_BPReadData                        0x08006935   Thumb Code    36  zigbee_bufferpool.o(.text)
    ZigBee_BPCheckFlow                       0x08006959   Thumb Code     6  zigbee_bufferpool.o(.text)
    ZigBee_SetFlowSize                       0x08006977   Thumb Code     6  zigbee_bufferpool.o(.text)
    ZigBee_BufferPool_Init                   0x08006a6f   Thumb Code   130  zigbee_bufferpool.o(.text)
    WIFI_SetFlowSize                         0x08006af1   Thumb Code     6  wifi_bufferpool.o(.text)
    WIFI_BufferPool_Init                     0x08006af7   Thumb Code    48  wifi_bufferpool.o(.text)
    WIFI_BPWriteData                         0x08006b27   Thumb Code   532  wifi_bufferpool.o(.text)
    WIFI_BPReadData                          0x08006d3b   Thumb Code    36  wifi_bufferpool.o(.text)
    WIFI_BPCheckFlow                         0x08006d5f   Thumb Code     6  wifi_bufferpool.o(.text)
    WIFI_BPCheckCancelCmd                    0x08006d65   Thumb Code    24  wifi_bufferpool.o(.text)
    ESP8266_Cmd                              0x08006dc9   Thumb Code   188  wifi.o(.text)
    ESP8266_UnvarnishSend                    0x08006e85   Thumb Code    38  wifi.o(.text)
    ESP8266_Link_Server                      0x08006eab   Thumb Code   110  wifi.o(.text)
    WiFi_Init                                0x08006f19   Thumb Code   496  wifi.o(.text)
    ESP8266_StaTcpClient_UnvarnishTest       0x08007109   Thumb Code    30  wifi.o(.text)
    ESP8266_Rst                              0x08007127   Thumb Code    30  wifi.o(.text)
    ESP8266_AT_Test                          0x08007145   Thumb Code    56  wifi.o(.text)
    ESP8266_Net_Mode_Choose                  0x0800717d   Thumb Code   548  wifi.o(.text)
    ESP8266_JoinAP                           0x080073a1   Thumb Code    40  wifi.o(.text)
    ESP8266_BuildAP                          0x080073c9   Thumb Code    44  wifi.o(.text)
    ESP8266_Enable_MultipleId                0x080073f5   Thumb Code    44  wifi.o(.text)
    ESP8266_StartOrShutServer                0x08007421   Thumb Code   110  wifi.o(.text)
    ESP8266_Get_LinkStatus                   0x0800748f   Thumb Code    76  wifi.o(.text)
    ESP8266_Get_IdLinkStatus                 0x080074db   Thumb Code   128  wifi.o(.text)
    ESP8266_Inquire_ApIp                     0x0800755b   Thumb Code    82  wifi.o(.text)
    ESP8266_ExitUnvarnishSend                0x080075ad   Thumb Code    34  wifi.o(.text)
    ESP8266_SendString                       0x080075cf   Thumb Code   122  wifi.o(.text)
    ESP8266_ReceiveString                    0x08007649   Thumb Code    88  wifi.o(.text)
    SysTick_Init                             0x080077f5   Thumb Code   106  systick.o(.text)
    delay_us                                 0x0800785f   Thumb Code    36  systick.o(.text)
    TimingDelay_Decrement                    0x08007883   Thumb Code    18  systick.o(.text)
    Key_Init                                 0x080078f5   Thumb Code   238  exti.o(.text)
    Key_Scan                                 0x080079e3   Thumb Code    40  exti.o(.text)
    Breathing_Light_Init                     0x08007b21   Thumb Code    12  breathing_light.o(.text)
    Servo_Door_Init                          0x08007b5f   Thumb Code   132  pwm.o(.text)
    Servo_Window_Init                        0x08007be3   Thumb Code   132  pwm.o(.text)
    Fan_Init                                 0x08007c67   Thumb Code   146  pwm.o(.text)
    W25QXX_ReadID                            0x08007d05   Thumb Code    70  flash.o(.text)
    W25QXX_Init                              0x08007d4b   Thumb Code    22  flash.o(.text)
    W25QXX_ReadSR                            0x08007d61   Thumb Code    42  flash.o(.text)
    W25QXX_Write_SR                          0x08007d8b   Thumb Code    38  flash.o(.text)
    W25QXX_Write_Enable                      0x08007db1   Thumb Code    30  flash.o(.text)
    W25QXX_Write_Disable                     0x08007dcf   Thumb Code    30  flash.o(.text)
    W25QXX_Read                              0x08007ded   Thumb Code    82  flash.o(.text)
    W25QXX_Wait_Busy                         0x08007e3f   Thumb Code    18  flash.o(.text)
    W25QXX_Write_Page                        0x08007e51   Thumb Code    88  flash.o(.text)
    W25QXX_Write_NoCheck                     0x08007ea9   Thumb Code    70  flash.o(.text)
    W25QXX_Erase_Sector                      0x08007eef   Thumb Code    68  flash.o(.text)
    W25QXX_Write                             0x08007f33   Thumb Code   180  flash.o(.text)
    W25QXX_Erase_Chip                        0x08007fe7   Thumb Code    42  flash.o(.text)
    W25QXX_PowerDown                         0x08008011   Thumb Code    36  flash.o(.text)
    W25QXX_WAKEUP                            0x08008035   Thumb Code    36  flash.o(.text)
    SPI1_Init                                0x08008065   Thumb Code   152  spi.o(.text)
    SPI2_Init                                0x080080fd   Thumb Code   180  spi.o(.text)
    SPI1_ReadWriteByte                       0x080081b1   Thumb Code    78  spi.o(.text)
    SPI2_ReadWriteByte                       0x080081ff   Thumb Code    78  spi.o(.text)
    SPI2_SetSpeed                            0x0800824d   Thumb Code    30  spi.o(.text)
    WriteRawRC                               0x0800827d   Thumb Code    50  rc522.o(.text)
    ReadRawRC                                0x080082af   Thumb Code    58  rc522.o(.text)
    SetBitMask                               0x080082e9   Thumb Code    28  rc522.o(.text)
    PcdAntennaOn                             0x08008305   Thumb Code    26  rc522.o(.text)
    ClearBitMask                             0x0800831f   Thumb Code    28  rc522.o(.text)
    PcdAntennaOff                            0x0800833b   Thumb Code    12  rc522.o(.text)
    PcdReset                                 0x08008347   Thumb Code   126  rc522.o(.text)
    M500PcdConfigISOType                     0x080083c5   Thumb Code    80  rc522.o(.text)
    InitRc522                                0x08008415   Thumb Code    36  rc522.o(.text)
    Reset_RC522                              0x08008439   Thumb Code    24  rc522.o(.text)
    PcdComMF522                              0x08008451   Thumb Code   318  rc522.o(.text)
    PcdRequest                               0x0800858f   Thumb Code    86  rc522.o(.text)
    PcdAnticoll                              0x080085e5   Thumb Code   112  rc522.o(.text)
    CalulateCRC                              0x08008655   Thumb Code   122  rc522.o(.text)
    PcdSelect                                0x080086cf   Thumb Code   116  rc522.o(.text)
    PcdAuthState                             0x08008743   Thumb Code   110  rc522.o(.text)
    PcdRead                                  0x080087b1   Thumb Code    86  rc522.o(.text)
    PcdWrite                                 0x08008807   Thumb Code   150  rc522.o(.text)
    PcdHalt                                  0x0800889d   Thumb Code    52  rc522.o(.text)
    PcdValue                                 0x080088d1   Thumb Code   208  rc522.o(.text)
    PcdBakValue                              0x080089a1   Thumb Code   202  rc522.o(.text)
    BuildATOrder                             0x08008a6d   Thumb Code    34  opp.o(.text)
    get                                      0x08008a8f   Thumb Code   582  opp.o(.text)
    Buffercmp                                0x08008cd5   Thumb Code    36  opp.o(.text)
    del                                      0x08008cf9   Thumb Code   210  opp.o(.text)
    add                                      0x08008dcb   Thumb Code   314  opp.o(.text)
    WriteBufferArea                          0x08008f05   Thumb Code   260  opp.o(.text)
    text                                     0x08009009   Thumb Code   188  opp.o(.text)
    __aeabi_memset                           0x080090fd   Thumb Code    14  memseta.o(.text)
    __aeabi_memset4                          0x080090fd   Thumb Code     0  memseta.o(.text)
    __aeabi_memset8                          0x080090fd   Thumb Code     0  memseta.o(.text)
    __aeabi_memclr                           0x0800910b   Thumb Code     4  memseta.o(.text)
    __aeabi_memclr4                          0x0800910b   Thumb Code     0  memseta.o(.text)
    __aeabi_memclr8                          0x0800910b   Thumb Code     0  memseta.o(.text)
    _memset$wrapper                          0x0800910f   Thumb Code    18  memseta.o(.text)
    strstr                                   0x08009121   Thumb Code    36  strstr.o(.text)
    __aeabi_fadd                             0x08009145   Thumb Code   164  fadd.o(.text)
    __aeabi_fsub                             0x080091e9   Thumb Code     6  fadd.o(.text)
    __aeabi_frsub                            0x080091ef   Thumb Code     6  fadd.o(.text)
    __aeabi_fmul                             0x080091f5   Thumb Code   100  fmul.o(.text)
    __aeabi_i2f                              0x08009259   Thumb Code    18  fflti.o(.text)
    __aeabi_f2iz                             0x0800926b   Thumb Code    50  ffixi.o(.text)
    __aeabi_f2uiz                            0x0800929d   Thumb Code    40  ffixui.o(.text)
    __aeabi_f2d                              0x080092c5   Thumb Code    38  f2d.o(.text)
    __aeabi_cdcmpeq                          0x080092ed   Thumb Code     0  cdcmple.o(.text)
    __aeabi_cdcmple                          0x080092ed   Thumb Code    48  cdcmple.o(.text)
    __aeabi_uidiv                            0x0800931d   Thumb Code     0  uidiv.o(.text)
    __aeabi_uidivmod                         0x0800931d   Thumb Code    44  uidiv.o(.text)
    __I$use$fp                               0x08009349   Thumb Code     0  iusefp.o(.text)
    _float_round                             0x08009349   Thumb Code    18  fepilogue.o(.text)
    _float_epilogue                          0x0800935b   Thumb Code    92  fepilogue.o(.text)
    __scatterload                            0x080093b9   Thumb Code    28  init.o(.text)
    __scatterload_rt2                        0x080093b9   Thumb Code     0  init.o(.text)
    __decompress                             0x080093dd   Thumb Code     0  __dczerorl2.o(.text)
    __decompress1                            0x080093dd   Thumb Code    86  __dczerorl2.o(.text)
    __0printf$3                              0x08009435   Thumb Code    22  printf3.o(i.__0printf$3)
    __1printf$3                              0x08009435   Thumb Code     0  printf3.o(i.__0printf$3)
    __2printf                                0x08009435   Thumb Code     0  printf3.o(i.__0printf$3)
    __0sprintf$3                             0x08009455   Thumb Code    34  printf3.o(i.__0sprintf$3)
    __1sprintf$3                             0x08009455   Thumb Code     0  printf3.o(i.__0sprintf$3)
    __2sprintf                               0x08009455   Thumb Code     0  printf3.o(i.__0sprintf$3)
    __scatterload_copy                       0x0800947d   Thumb Code    14  handlers.o(i.__scatterload_copy)
    __scatterload_null                       0x0800948b   Thumb Code     2  handlers.o(i.__scatterload_null)
    __scatterload_zeroinit                   0x0800948d   Thumb Code    14  handlers.o(i.__scatterload_zeroinit)
    F6x8                                     0x0800965e   Data         552  oled.o(.constdata)
    F8X16                                    0x08009886   Data        1520  oled.o(.constdata)
    Region$$Table$$Base                      0x08009e78   Number         0  anon$$obj.o(Region$$Table)
    Region$$Table$$Limit                     0x08009e98   Number         0  anon$$obj.o(Region$$Table)
    SystemCoreClock                          0x20000000   Data           4  system_stm32f10x.o(.data)
    AHBPrescTable                            0x20000004   Data          16  system_stm32f10x.o(.data)
    Esp8266_flag                             0x20000028   Data           4  stm32f10x_it.o(.data)
    ZigBee_flag                              0x2000002c   Data           4  stm32f10x_it.o(.data)
    Pwm_led_status                           0x20000030   Data           4  stm32f10x_it.o(.data)
    Brightness_Level                         0x20000034   Data           4  stm32f10x_it.o(.data)
    Card_Type_s                              0x20000040   Data           2  card_records.o(.data)
    Card_ID                                  0x20000042   Data           4  card_records.o(.data)
    KEY                                      0x20000046   Data           6  card_records.o(.data)
    cardType                                 0x2000004c   Data           2  card_records.o(.data)
    TEXT_Buffer                              0x2000004e   Data           4  card_records.o(.data)
    READ_Buffer                              0x20000052   Data           4  card_records.o(.data)
    Stu_Card_Id                              0x20000056   Data           4  card_records.o(.data)
    Read_Stu_Card_Id                         0x2000005a   Data           4  card_records.o(.data)
    CLI_ID                                   0x2000005e   Data           1  card_records.o(.data)
    KEY_SE                                   0x2000005f   Data           1  card_records.o(.data)
    mode_flag                                0x20000060   Data           1  card_records.o(.data)
    time_Del                                 0x20000061   Data           1  card_records.o(.data)
    temp                                     0x20000062   Data           1  card_records.o(.data)
    temp1                                    0x20000063   Data           1  card_records.o(.data)
    Del_temp                                 0x20000064   Data           1  card_records.o(.data)
    Del_flag                                 0x20000065   Data           1  card_records.o(.data)
    finish_flag                              0x20000066   Data           1  card_records.o(.data)
    status                                   0x20000067   Data           1  card_records.o(.data)
    time_flag                                0x20000068   Data           1  card_records.o(.data)
    same_id_day_flag                         0x20000069   Data           1  card_records.o(.data)
    check_ID_flag                            0x2000006a   Data           1  card_records.o(.data)
    FLASH_SIZE                               0x2000006c   Data           4  card_records.o(.data)
    week1                                    0x20000070   Data           1  card_records.o(.data)
    week2                                    0x20000071   Data           1  card_records.o(.data)
    week3                                    0x20000072   Data           1  card_records.o(.data)
    day1                                     0x20000073   Data           1  card_records.o(.data)
    day2                                     0x20000074   Data           1  card_records.o(.data)
    day3                                     0x20000075   Data           1  card_records.o(.data)
    sec1                                     0x20000076   Data           1  card_records.o(.data)
    sec2                                     0x20000077   Data           1  card_records.o(.data)
    sec3                                     0x20000078   Data           1  card_records.o(.data)
    read_card_num                            0x20000079   Data           1  card_records.o(.data)
    Swiping_Time                             0x2000007a   Data           7  card_records.o(.data)
    Read_Time                                0x20000081   Data           7  card_records.o(.data)
    ZigBee_flowsize                          0x20000088   Data           1  zigbee_bufferpool.o(.data)
    ZigBee_flowflag                          0x20000089   Data           1  zigbee_bufferpool.o(.data)
    ZigBee_cancelflag                        0x2000008a   Data           1  zigbee_bufferpool.o(.data)
    ZigBee_wLoc                              0x2000008b   Data           1  zigbee_bufferpool.o(.data)
    Socket_Status                            0x2000008c   Data           1  zigbee_bufferpool.o(.data)
    Server_ID                                0x20000090   Data           4  wifi_bufferpool.o(.data)
    flowsize                                 0x20000094   Data           1  wifi_bufferpool.o(.data)
    flowflag                                 0x20000095   Data           1  wifi_bufferpool.o(.data)
    cancelflag                               0x20000096   Data           1  wifi_bufferpool.o(.data)
    wLoc                                     0x20000097   Data           1  wifi_bufferpool.o(.data)
    Restart_flag                             0x20000098   Data           1  wifi_bufferpool.o(.data)
    Aeration_flag                            0x20000099   Data           1  wifi_bufferpool.o(.data)
    Light_ON_flag                            0x2000009a   Data           1  wifi_bufferpool.o(.data)
    Light_OFF_flag                           0x2000009b   Data           1  wifi_bufferpool.o(.data)
    Socket1_flag                             0x2000009c   Data           1  wifi_bufferpool.o(.data)
    Door_flag                                0x2000009d   Data           1  wifi_bufferpool.o(.data)
    Humidification_flag                      0x2000009e   Data           1  wifi_bufferpool.o(.data)
    Curtain_flag                             0x2000009f   Data           1  wifi_bufferpool.o(.data)
    Socket2_flag                             0x200000a0   Data           1  wifi_bufferpool.o(.data)
    Pattern_flag                             0x200000a1   Data           1  wifi_bufferpool.o(.data)
    Send_Data_time                           0x200000a4   Data           4  wifi_bufferpool.o(.data)
    Send_timeout                             0x200000a8   Data           4  wifi_bufferpool.o(.data)
    ucTcpClosedFlag                          0x200000ac   Data           1  wifi_bufferpool.o(.data)
    OpenWave                                 0x200000b8   Data         146  breathing_light.o(.data)
    W25QXX_TYPE                              0x2000014a   Data           2  flash.o(.data)
    FLASH_SIZE_opp                           0x2000014c   Data           4  opp.o(.data)
    ResetNumber                              0x20000150   Data           4  opp.o(.data)
    ATOrder                                  0x20000154   Data          16  opp.o(.data)
    __stdout                                 0x20000164   Data           4  stdout.o(.data)
    RFID                                     0x20000168   Data          16  card_records.o(.bss)
    Student_ID                               0x20000178   Data        3400  card_records.o(.bss)
    Del_Student_ID                           0x20000ec0   Data        3400  card_records.o(.bss)
    Read_Day_Stu_ID                          0x20001c08   Data        3400  card_records.o(.bss)
    APP_buffer                               0x20002950   Data          99  zigbee_bufferpool.o(.bss)
    ZigBee_buffer                            0x200029b3   Data          32  zigbee_bufferpool.o(.bss)
    _buffer                                  0x200029d3   Data          24  wifi_bufferpool.o(.bss)
    strEsp8266_Fram_Record                   0x200029ec   Data        1026  wifi.o(.bss)
    W25QXX_BUFFER                            0x20002dee   Data        4096  flash.o(.bss)
    __initial_sp                             0x200041f0   Data           0  startup_stm32f10x_hd.o(STACK)



==============================================================================

Memory Map of the image

  Image Entry point : 0x08000131

  Load Region LR_IROM1 (Base: 0x08000000, Size: 0x0000a000, Max: 0x00080000, ABSOLUTE, COMPRESSED[0x00009f68])

    Execution Region ER_IROM1 (Base: 0x08000000, Size: 0x00009e98, Max: 0x00080000, ABSOLUTE)

    Base Addr    Size         Type   Attr      Idx    E Section Name        Object

    0x08000000   0x00000130   Data   RO            3    RESET               startup_stm32f10x_hd.o
    0x08000130   0x00000000   Code   RO          681  * .ARM.Collect$$$$00000000  mc_w.l(entry.o)
    0x08000130   0x00000004   Code   RO          963    .ARM.Collect$$$$00000001  mc_w.l(entry2.o)
    0x08000134   0x00000004   Code   RO          966    .ARM.Collect$$$$00000004  mc_w.l(entry5.o)
    0x08000138   0x00000000   Code   RO          968    .ARM.Collect$$$$00000008  mc_w.l(entry7b.o)
    0x08000138   0x00000000   Code   RO          970    .ARM.Collect$$$$0000000A  mc_w.l(entry8b.o)
    0x08000138   0x00000008   Code   RO          971    .ARM.Collect$$$$0000000B  mc_w.l(entry9a.o)
    0x08000140   0x00000000   Code   RO          973    .ARM.Collect$$$$0000000D  mc_w.l(entry10a.o)
    0x08000140   0x00000000   Code   RO          975    .ARM.Collect$$$$0000000F  mc_w.l(entry11a.o)
    0x08000140   0x00000004   Code   RO          964    .ARM.Collect$$$$00002712  mc_w.l(entry2.o)
    0x08000144   0x00000024   Code   RO            4    .text               startup_stm32f10x_hd.o
    0x08000168   0x000001e0   Code   RO           24    .text               system_stm32f10x.o
    0x08000348   0x000000dc   Code   RO          121    .text               misc.o
    0x08000424   0x0000035c   Code   RO          137    .text               stm32f10x_gpio.o
    0x08000780   0x000003a4   Code   RO          149    .text               stm32f10x_rcc.o
    0x08000b24   0x0000011c   Code   RO          199    .text               stm32f10x_exti.o
    0x08000c40   0x0000030c   Code   RO          247    .text               stm32f10x_spi.o
    0x08000f4c   0x00000e1a   Code   RO          259    .text               stm32f10x_tim.o
    0x08001d66   0x00000002   PAD
    0x08001d68   0x00000408   Code   RO          271    .text               stm32f10x_usart.o
    0x08002170   0x0000000c   Code   RO          307    .text               main.o
    0x0800217c   0x00000468   Code   RO          384    .text               stm32f10x_it.o
    0x080025e4   0x000001c0   Code   RO          410    .text               bsp_init.o
    0x080027a4   0x000029a8   Code   RO          422    .text               card_records.o
    0x0800514c   0x000004fe   Code   RO          453    .text               usart.o
    0x0800564a   0x00000002   PAD
    0x0800564c   0x0000106c   Code   RO          472    .text               oled.o
    0x080066b8   0x00000438   Code   RO          487    .text               zigbee_bufferpool.o
    0x08006af0   0x000002d8   Code   RO          503    .text               wifi_bufferpool.o
    0x08006dc8   0x00000a2c   Code   RO          522    .text               wifi.o
    0x080077f4   0x000000b4   Code   RO          540    .text               systick.o
    0x080078a8   0x00000170   Code   RO          558    .text               exti.o
    0x08007a18   0x0000011c   Code   RO          570    .text               breathing_light.o
    0x08007b34   0x000001d0   Code   RO          585    .text               pwm.o
    0x08007d04   0x00000360   Code   RO          597    .text               flash.o
    0x08008064   0x00000218   Code   RO          619    .text               spi.o
    0x0800827c   0x000007ee   Code   RO          631    .text               rc522.o
    0x08008a6a   0x00000002   PAD
    0x08008a6c   0x00000690   Code   RO          643    .text               opp.o
    0x080090fc   0x00000024   Code   RO          684    .text               mc_w.l(memseta.o)
    0x08009120   0x00000024   Code   RO          686    .text               mc_w.l(strstr.o)
    0x08009144   0x000000b0   Code   RO          949    .text               mf_w.l(fadd.o)
    0x080091f4   0x00000064   Code   RO          951    .text               mf_w.l(fmul.o)
    0x08009258   0x00000012   Code   RO          953    .text               mf_w.l(fflti.o)
    0x0800926a   0x00000032   Code   RO          955    .text               mf_w.l(ffixi.o)
    0x0800929c   0x00000028   Code   RO          957    .text               mf_w.l(ffixui.o)
    0x080092c4   0x00000026   Code   RO          959    .text               mf_w.l(f2d.o)
    0x080092ea   0x00000002   PAD
    0x080092ec   0x00000030   Code   RO          961    .text               mf_w.l(cdcmple.o)
    0x0800931c   0x0000002c   Code   RO          978    .text               mc_w.l(uidiv.o)
    0x08009348   0x00000000   Code   RO          982    .text               mc_w.l(iusefp.o)
    0x08009348   0x0000006e   Code   RO          983    .text               mf_w.l(fepilogue.o)
    0x080093b6   0x00000002   PAD
    0x080093b8   0x00000024   Code   RO          995    .text               mc_w.l(init.o)
    0x080093dc   0x00000056   Code   RO         1013    .text               mc_w.l(__dczerorl2.o)
    0x08009432   0x00000002   PAD
    0x08009434   0x00000020   Code   RO          777    i.__0printf$3       mc_w.l(printf3.o)
    0x08009454   0x00000028   Code   RO          779    i.__0sprintf$3      mc_w.l(printf3.o)
    0x0800947c   0x0000000e   Code   RO         1007    i.__scatterload_copy  mc_w.l(handlers.o)
    0x0800948a   0x00000002   Code   RO         1008    i.__scatterload_null  mc_w.l(handlers.o)
    0x0800948c   0x0000000e   Code   RO         1009    i.__scatterload_zeroinit  mc_w.l(handlers.o)
    0x0800949a   0x00000002   PAD
    0x0800949c   0x000001b8   Code   RO          784    i._printf_core      mc_w.l(printf3.o)
    0x08009654   0x0000000a   Code   RO          786    i._sputc            mc_w.l(printf3.o)
    0x0800965e   0x00000818   Data   RO          473    .constdata          oled.o
    0x08009e76   0x00000002   PAD
    0x08009e78   0x00000020   Data   RO         1005    Region$$Table       anon$$obj.o


    Execution Region RW_IRAM1 (Base: 0x20000000, Size: 0x000041f0, Max: 0x00010000, ABSOLUTE, COMPRESSED[0x000000d0])

    Base Addr    Size         Type   Attr      Idx    E Section Name        Object

    0x20000000   0x00000014   Data   RW           25    .data               system_stm32f10x.o
    0x20000014   0x00000014   Data   RW          150    .data               stm32f10x_rcc.o
    0x20000028   0x00000017   Data   RW          385    .data               stm32f10x_it.o
    0x2000003f   0x00000001   PAD
    0x20000040   0x00000048   Data   RW          424    .data               card_records.o
    0x20000088   0x00000005   Data   RW          489    .data               zigbee_bufferpool.o
    0x2000008d   0x00000003   PAD
    0x20000090   0x00000024   Data   RW          505    .data               wifi_bufferpool.o
    0x200000b4   0x00000004   Data   RW          541    .data               systick.o
    0x200000b8   0x00000092   Data   RW          571    .data               breathing_light.o
    0x2000014a   0x00000002   Data   RW          599    .data               flash.o
    0x2000014c   0x00000018   Data   RW          644    .data               opp.o
    0x20000164   0x00000004   Data   RW          977    .data               mc_w.l(stdout.o)
    0x20000168   0x000027e8   Zero   RW          423    .bss                card_records.o
    0x20002950   0x00000083   Zero   RW          488    .bss                zigbee_bufferpool.o
    0x200029d3   0x00000018   Zero   RW          504    .bss                wifi_bufferpool.o
    0x200029eb   0x00000001   PAD
    0x200029ec   0x00000402   Zero   RW          523    .bss                wifi.o
    0x20002dee   0x00001000   Zero   RW          598    .bss                flash.o
    0x20003dee   0x00000002   PAD
    0x20003df0   0x00000400   Zero   RW            1    STACK               startup_stm32f10x_hd.o


==============================================================================

Image component sizes


      Code (inc. data)   RO Data    RW Data    ZI Data      Debug   Object Name

       284          8          0        146          0       1718   breathing_light.o
       448         50          0          0          0       1163   bsp_init.o
     10664        368          0         72      10216       6267   card_records.o
         0          0          0          0          0       4512   core_cm3.o
       368         14          0          0          0       1400   exti.o
       864         12          0          2       4096       4269   flash.o
        12          0          0          0          0        455   main.o
       220         22          0          0          0       1853   misc.o
      4204         86       2072          0          0      12220   oled.o
      1680        140          0         24          0       3679   opp.o
       464         12          0          0          0       1677   pwm.o
      2030         14          0          0          0       7250   rc522.o
       536         18          0          0          0       1794   spi.o
        36          8        304          0       1024        884   startup_stm32f10x_hd.o
       284         10          0          0          0       2283   stm32f10x_exti.o
       860         38          0          0          0       5693   stm32f10x_gpio.o
      1128        136          0         23          0       4428   stm32f10x_it.o
       932         36          0         20          0       8884   stm32f10x_rcc.o
       780         14          0          0          0       6578   stm32f10x_spi.o
      3610         88          0          0          0      22180   stm32f10x_tim.o
      1032         22          0          0          0       8424   stm32f10x_usart.o
       480         38          0         20          0     259623   system_stm32f10x.o
       180         20          0          4          0      16757   systick.o
      1278         20          0          0          0       5718   usart.o
      2604        818          0          0       1026       7665   wifi.o
       728         76          0         36         24       3268   wifi_bufferpool.o
      1080         78          0          5        131       3251   zigbee_bufferpool.o

    ----------------------------------------------------------------------
     36792       2146       2410        356      16520     403893   Object Totals
         0          0         32          0          0          0   (incl. Generated)
         6          0          2          4          3          0   (incl. Padding)

    ----------------------------------------------------------------------

      Code (inc. data)   RO Data    RW Data    ZI Data      Debug   Library Member Name

        86          0          0          0          0          0   __dczerorl2.o
         0          0          0          0          0          0   entry.o
         0          0          0          0          0          0   entry10a.o
         0          0          0          0          0          0   entry11a.o
         8          4          0          0          0          0   entry2.o
         4          0          0          0          0          0   entry5.o
         0          0          0          0          0          0   entry7b.o
         0          0          0          0          0          0   entry8b.o
         8          4          0          0          0          0   entry9a.o
        30          0          0          0          0          0   handlers.o
        36          8          0          0          0         68   init.o
         0          0          0          0          0          0   iusefp.o
        36          0          0          0          0        108   memseta.o
       522         20          0          0          0        336   printf3.o
         0          0          0          4          0          0   stdout.o
        36          0          0          0          0         80   strstr.o
        44          0          0          0          0         80   uidiv.o
        48          0          0          0          0         68   cdcmple.o
        38          0          0          0          0         68   f2d.o
       176          0          0          0          0        140   fadd.o
       110          0          0          0          0        168   fepilogue.o
        50          0          0          0          0         68   ffixi.o
        40          0          0          0          0         68   ffixui.o
        18          0          0          0          0         68   fflti.o
       100          0          0          0          0         76   fmul.o

    ----------------------------------------------------------------------
      1398         36          0          4          0       1396   Library Totals
         8          0          0          0          0          0   (incl. Padding)

    ----------------------------------------------------------------------

      Code (inc. data)   RO Data    RW Data    ZI Data      Debug   Library Name

       810         36          0          4          0        672   mc_w.l
       580          0          0          0          0        724   mf_w.l

    ----------------------------------------------------------------------
      1398         36          0          4          0       1396   Library Totals

    ----------------------------------------------------------------------

==============================================================================


      Code (inc. data)   RO Data    RW Data    ZI Data      Debug   

     38190       2182       2410        360      16520     402661   Grand Totals
     38190       2182       2410        208      16520     402661   ELF Image Totals (compressed)
     38190       2182       2410        208          0          0   ROM Totals

==============================================================================

    Total RO  Size (Code + RO Data)                40600 (  39.65kB)
    Total RW  Size (RW Data + ZI Data)             16880 (  16.48kB)
    Total ROM Size (Code + RO Data + RW Data)      40808 (  39.85kB)

==============================================================================

