Component: ARM Compiler 5.05 update 2 (build 169) Tool: armlink [4d0f33]

==============================================================================

Section Cross References

    startup_stm32f10x_hd.o(RESET) refers to startup_stm32f10x_hd.o(STACK) for __initial_sp
    startup_stm32f10x_hd.o(RESET) refers to startup_stm32f10x_hd.o(.text) for Reset_Handler
    startup_stm32f10x_hd.o(RESET) refers to stm32f10x_it.o(.text) for NMI_Handler
    startup_stm32f10x_hd.o(.text) refers to system_stm32f10x.o(.text) for SystemInit
    startup_stm32f10x_hd.o(.text) refers to entry.o(.ARM.Collect$$$$00000000) for __main
    system_stm32f10x.o(.text) refers to system_stm32f10x.o(.data) for SystemCoreClock
    stm32f10x_gpio.o(.text) refers to stm32f10x_rcc.o(.text) for RCC_APB2PeriphResetCmd
    stm32f10x_rcc.o(.text) refers to stm32f10x_rcc.o(.data) for APBAHBPrescTable
    stm32f10x_adc.o(.text) refers to stm32f10x_rcc.o(.text) for RCC_APB2PeriphResetCmd
    stm32f10x_dac.o(.text) refers to stm32f10x_rcc.o(.text) for RCC_APB1PeriphResetCmd
    stm32f10x_i2c.o(.text) refers to stm32f10x_rcc.o(.text) for RCC_APB1PeriphResetCmd
    stm32f10x_spi.o(.text) refers to stm32f10x_rcc.o(.text) for RCC_APB2PeriphResetCmd
    stm32f10x_tim.o(.text) refers to stm32f10x_rcc.o(.text) for RCC_APB2PeriphResetCmd
    stm32f10x_usart.o(.text) refers to stm32f10x_rcc.o(.text) for RCC_APB2PeriphResetCmd
    main.o(.text) refers to bsp_init.o(.text) for BSP_Init
    stm32f10x_it.o(.text) refers to systick.o(.text) for TimingDelay_Decrement
    stm32f10x_it.o(.text) refers to stm32f10x_usart.o(.text) for USART_GetITStatus
    stm32f10x_it.o(.text) refers to wifi_bufferpool.o(.text) for WIFI_BPWriteData
    stm32f10x_it.o(.text) refers to memseta.o(.text) for __aeabi_memclr
    stm32f10x_it.o(.text) refers to strstr.o(.text) for strstr
    stm32f10x_it.o(.text) refers to zigbee_bufferpool.o(.text) for ZigBee_BPWriteData
    stm32f10x_it.o(.text) refers to stm32f10x_tim.o(.text) for TIM_GetITStatus
    stm32f10x_it.o(.text) refers to stm32f10x_exti.o(.text) for EXTI_GetITStatus
    stm32f10x_it.o(.text) refers to usart.o(.text) for USART_printf
    stm32f10x_it.o(.text) refers to oled.o(.text) for OLED_RST
    stm32f10x_it.o(.text) refers to wifi.o(.bss) for strEsp8266_Fram_Record
    stm32f10x_it.o(.text) refers to stm32f10x_it.o(.data) for Esp8266_flag
    stm32f10x_it.o(.text) refers to wifi_bufferpool.o(.data) for wLoc
    stm32f10x_it.o(.text) refers to wifi_bufferpool.o(.bss) for _buffer
    stm32f10x_it.o(.text) refers to zigbee_bufferpool.o(.data) for ZigBee_wLoc
    stm32f10x_it.o(.text) refers to zigbee_bufferpool.o(.bss) for ZigBee_buffer
    stm32f10x_it.o(.text) refers to breathing_light.o(.data) for OpenWave
    bsp_init.o(.text) refers to stm32f10x_rcc.o(.text) for RCC_APB2PeriphClockCmd
    bsp_init.o(.text) refers to stm32f10x_gpio.o(.text) for GPIO_Init
    bsp_init.o(.text) refers to breathing_light.o(.text) for Breathing_Light_Init
    bsp_init.o(.text) refers to exti.o(.text) for Key_Init
    bsp_init.o(.text) refers to systick.o(.text) for SysTick_Init
    bsp_init.o(.text) refers to wifi_bufferpool.o(.text) for WIFI_BufferPool_Init
    bsp_init.o(.text) refers to zigbee_bufferpool.o(.text) for ZigBee_BufferPool_Init
    bsp_init.o(.text) refers to usart.o(.text) for USART_Configuration
    bsp_init.o(.text) refers to oled.o(.text) for OLED_Init
    bsp_init.o(.text) refers to wifi.o(.text) for WiFi_Init
    usart.o(.text) refers to stm32f10x_usart.o(.text) for USART_GetFlagStatus
    usart.o(.text) refers to misc.o(.text) for NVIC_PriorityGroupConfig
    usart.o(.text) refers to stm32f10x_rcc.o(.text) for RCC_APB1PeriphClockCmd
    usart.o(.text) refers to stm32f10x_gpio.o(.text) for GPIO_Init
    oled.o(.text) refers to stm32f10x_gpio.o(.text) for GPIO_SetBits
    oled.o(.text) refers to oled.o(.constdata) for F6x8
    oled.o(.text) refers to ffixi.o(.text) for __aeabi_f2iz
    oled.o(.text) refers to fflti.o(.text) for __aeabi_i2f
    oled.o(.text) refers to fadd.o(.text) for __aeabi_frsub
    oled.o(.text) refers to fmul.o(.text) for __aeabi_fmul
    oled.o(.text) refers to ffixui.o(.text) for __aeabi_f2uiz
    oled.o(.text) refers to f2d.o(.text) for __aeabi_f2d
    oled.o(.text) refers to cdcmple.o(.text) for __aeabi_cdcmple
    oled.o(.text) refers to stm32f10x_rcc.o(.text) for RCC_APB2PeriphClockCmd
    zigbee_bufferpool.o(.text) refers to oled.o(.text) for LCD_P6x8Str
    zigbee_bufferpool.o(.text) refers to memseta.o(.text) for __aeabi_memset
    zigbee_bufferpool.o(.text) refers to zigbee_bufferpool.o(.data) for ZigBee_wLoc
    zigbee_bufferpool.o(.text) refers to zigbee_bufferpool.o(.bss) for ZigBee_buffer
    wifi_bufferpool.o(.text) refers to usart.o(.text) for USART_printf
    wifi_bufferpool.o(.text) refers to wifi_bufferpool.o(.data) for flowsize
    wifi_bufferpool.o(.text) refers to wifi_bufferpool.o(.bss) for _buffer
    wifi.o(.text) refers to usart.o(.text) for USART_printf
[...]
    printf0.o(i.__0vprintf$0) refers to stdout.o(.data) for __stdout
    printf0.o(i.__0vsnprintf$0) refers to printf0.o(i._printf_core) for _printf_core
    printf0.o(i.__0vsnprintf$0) refers to printf0.o(i._snputc) for _snputc
    printf0.o(i.__0vsprintf$0) refers to printf0.o(i._printf_core) for _printf_core
    printf0.o(i.__0vsprintf$0) refers to printf0.o(i._sputc) for _sputc
    printf1.o(i.__0fprintf$1) refers to printf1.o(i._printf_core) for _printf_core
    printf1.o(i.__0fprintf$1) refers to usart.o(.text) for fputc
    printf1.o(i.__0printf$1) refers to printf1.o(i._printf_core) for _printf_core
    printf1.o(i.__0printf$1) refers to usart.o(.text) for fputc
    printf1.o(i.__0printf$1) refers to stdout.o(.data) for __stdout
    printf1.o(i.__0snprintf$1) refers to printf1.o(i._printf_core) for _printf_core
    printf1.o(i.__0snprintf$1) refers to printf1.o(i._snputc) for _snputc
    printf1.o(i.__0sprintf$1) refers to printf1.o(i._printf_core) for _printf_core
    printf1.o(i.__0sprintf$1) refers to printf1.o(i._sputc) for _sputc
    printf1.o(i.__0vfprintf$1) refers to printf1.o(i._printf_core) for _printf_core
    printf1.o(i.__0vfprintf$1) refers to usart.o(.text) for fputc
    printf1.o(i.__0vprintf$1) refers to printf1.o(i._printf_core) for _printf_core
    printf1.o(i.__0vprintf$1) refers to usart.o(.text) for fputc
    printf1.o(i.__0vprintf$1) refers to stdout.o(.data) for __stdout
    printf1.o(i.__0vsnprintf$1) refers to printf1.o(i._printf_core) for _printf_core
    printf1.o(i.__0vsnprintf$1) refers to printf1.o(i._snputc) for _snputc
    printf1.o(i.__0vsprintf$1) refers to printf1.o(i._printf_core) for _printf_core
    printf1.o(i.__0vsprintf$1) refers to printf1.o(i._sputc) for _sputc
    printf1.o(i._printf_core) refers to uidiv.o(.text) for __aeabi_uidivmod
    printf2.o(i.__0fprintf$2) refers to printf2.o(i._printf_core) for _printf_core
    printf2.o(i.__0fprintf$2) refers to usart.o(.text) for fputc
    printf2.o(i.__0printf$2) refers to printf2.o(i._printf_core) for _printf_core
    printf2.o(i.__0printf$2) refers to usart.o(.text) for fputc
    printf2.o(i.__0printf$2) refers to stdout.o(.data) for __stdout
    printf2.o(i.__0snprintf$2) refers to printf2.o(i._printf_core) for _printf_core
    printf2.o(i.__0snprintf$2) refers to printf2.o(i._snputc) for _snputc
    printf2.o(i.__0sprintf$2) refers to printf2.o(i._printf_core) for _printf_core
    printf2.o(i.__0sprintf$2) refers to printf2.o(i._sputc) for _sputc
    printf2.o(i.__0vfprintf$2) refers to printf2.o(i._printf_core) for _printf_core
    printf2.o(i.__0vfprintf$2) refers to usart.o(.text) for fputc
    printf2.o(i.__0vprintf$2) refers to printf2.o(i._printf_core) for _printf_core
    printf2.o(i.__0vprintf$2) refers to usart.o(.text) for fputc
    printf2.o(i.__0vprintf$2) refers to stdout.o(.data) for __stdout
    printf2.o(i.__0vsnprintf$2) refers to printf2.o(i._printf_core) for _printf_core
    printf2.o(i.__0vsnprintf$2) refers to printf2.o(i._snputc) for _snputc
    printf2.o(i.__0vsprintf$2) refers to printf2.o(i._printf_core) for _printf_core
    printf2.o(i.__0vsprintf$2) refers to printf2.o(i._sputc) for _sputc
    printf3.o(i.__0fprintf$3) refers to printf3.o(i._printf_core) for _printf_core
    printf3.o(i.__0fprintf$3) refers to usart.o(.text) for fputc
    printf3.o(i.__0printf$3) refers to printf3.o(i._printf_core) for _printf_core
    printf3.o(i.__0printf$3) refers to usart.o(.text) for fputc
    printf3.o(i.__0printf$3) refers to stdout.o(.data) for __stdout
    printf3.o(i.__0snprintf$3) refers to printf3.o(i._printf_core) for _printf_core
    printf3.o(i.__0snprintf$3) refers to printf3.o(i._snputc) for _snputc
    printf3.o(i.__0sprintf$3) refers to printf3.o(i._printf_core) for _printf_core
    printf3.o(i.__0sprintf$3) refers to printf3.o(i._sputc) for _sputc
    printf3.o(i.__0vfprintf$3) refers to printf3.o(i._printf_core) for _printf_core
    printf3.o(i.__0vfprintf$3) refers to usart.o(.text) for fputc
    printf3.o(i.__0vprintf$3) refers to printf3.o(i._printf_core) for _printf_core
    printf3.o(i.__0vprintf$3) refers to usart.o(.text) for fputc
    printf3.o(i.__0vprintf$3) refers to stdout.o(.data) for __stdout
    printf3.o(i.__0vsnprintf$3) refers to printf3.o(i._printf_core) for _printf_core
    printf3.o(i.__0vsnprintf$3) refers to printf3.o(i._snputc) for _snputc
    printf3.o(i.__0vsprintf$3) refers to printf3.o(i._printf_core) for _printf_core
    printf3.o(i.__0vsprintf$3) refers to printf3.o(i._sputc) for _sputc
    printf3.o(i._printf_core) refers to uidiv.o(.text) for __aeabi_uidivmod
    printf4.o(i.__0fprintf$4) refers to printf4.o(i._printf_core) for _printf_core
    printf4.o(i.__0fprintf$4) refers to usart.o(.text) for fputc
    printf4.o(i.__0printf$4) refers to printf4.o(i._printf_core) for _printf_core
    printf4.o(i.__0printf$4) refers to usart.o(.text) for fputc
    printf4.o(i.__0printf$4) refers to stdout.o(.data) for __stdout
    printf4.o(i.__0snprintf$4) refers to printf4.o(i._printf_core) for _printf_core
    printf4.o(i.__0snprintf$4) refers to printf4.o(i._snputc) for _snputc
    printf4.o(i.__0sprintf$4) refers to printf4.o(i._printf_core) for _printf_core
    printf4.o(i.__0sprintf$4) refers to printf4.o(i._sputc) for _sputc
    printf4.o(i.__0vfprintf$4) refers to printf4.o(i._printf_core) for _printf_core
    printf4.o(i.__0vfprintf$4) refers to usart.o(.text) for fputc
    printf4.o(i.__0vprintf$4) refers to printf4.o(i._printf_core) for _printf_core
    printf4.o(i.__0vprintf$4) refers to usart.o(.text) for fputc
    printf4.o(i.__0vprintf$4) refers to stdout.o(.data) for __stdout
    printf4.o(i.__0vsnprintf$4) refers to printf4.o(i._printf_core) for _printf_core
    printf4.o(i.__0vsnprintf$4) refers to printf4.o(i._snputc) for _snputc
    printf4.o(i.__0vsprintf$4) refers to printf4.o(i._printf_core) for _printf_core
    printf4.o(i.__0vsprintf$4) refers to printf4.o(i._sputc) for _sputc
    printf4.o(i._printf_core) refers to uldiv.o(.text) for __aeabi_uldivmod
    printf5.o(i.__0fprintf$5) refers to printf5.o(i._printf_core) for _printf_core
    printf5.o(i.__0fprintf$5) refers to usart.o(.text) for fputc
    printf5.o(i.__0printf$5) refers to printf5.o(i._printf_core) for _printf_core
    printf5.o(i.__0printf$5) refers to usart.o(.text) for fputc
    printf5.o(i.__0printf$5) refers to stdout.o(.data) for __stdout
    printf5.o(i.__0snprintf$5) refers to printf5.o(i._printf_core) for _printf_core
    printf5.o(i.__0snprintf$5) refers to printf5.o(i._snputc) for _snputc
    printf5.o(i.__0sprintf$5) refers to printf5.o(i._printf_core) for _printf_core
    printf5.o(i.__0sprintf$5) refers to printf5.o(i._sputc) for _sputc
    printf5.o(i.__0vfprintf$5) refers to printf5.o(i._printf_core) for _printf_core
    printf5.o(i.__0vfprintf$5) refers to usart.o(.text) for fputc
    printf5.o(i.__0vprintf$5) refers to printf5.o(i._printf_core) for _printf_core
    printf5.o(i.__0vprintf$5) refers to usart.o(.text) for fputc
    printf5.o(i.__0vprintf$5) refers to stdout.o(.data) for __stdout
    printf5.o(i.__0vsnprintf$5) refers to printf5.o(i._printf_core) for _printf_core
    printf5.o(i.__0vsnprintf$5) refers to printf5.o(i._snputc) for _snputc
    printf5.o(i.__0vsprintf$5) refers to printf5.o(i._printf_core) for _printf_core
    printf5.o(i.__0vsprintf$5) refers to printf5.o(i._sputc) for _sputc
    printf5.o(i._printf_core) refers to uldiv.o(.text) for __aeabi_uldivmod
    printf6.o(i.__0fprintf$6) refers to printf6.o(i._printf_core) for _printf_core
    printf6.o(i.__0fprintf$6) refers to usart.o(.text) for fputc
    printf6.o(i.__0printf$6) refers to printf6.o(i._printf_core) for _printf_core
    printf6.o(i.__0printf$6) refers to usart.o(.text) for fputc
    printf6.o(i.__0printf$6) refers to stdout.o(.data) for __stdout
    printf6.o(i.__0snprintf$6) refers to printf6.o(i._printf_core) for _printf_core
    printf6.o(i.__0snprintf$6) refers to printf6.o(i._snputc) for _snputc
    printf6.o(i.__0sprintf$6) refers to printf6.o(i._printf_core) for _printf_core
    printf6.o(i.__0sprintf$6) refers to printf6.o(i._sputc) for _sputc
    printf6.o(i.__0vfprintf$6) refers to printf6.o(i._printf_core) for _printf_core
    printf6.o(i.__0vfprintf$6) refers to usart.o(.text) for fputc
    printf6.o(i.__0vprintf$6) refers to printf6.o(i._printf_core) for _printf_core
    printf6.o(i.__0vprintf$6) refers to usart.o(.text) for fputc
    printf6.o(i.__0vprintf$6) refers to stdout.o(.data) for __stdout
    printf6.o(i.__0vsnprintf$6) refers to printf6.o(i._printf_core) for _printf_core
    printf6.o(i.__0vsnprintf$6) refers to printf6.o(i._snputc) for _snputc
    printf6.o(i.__0vsprintf$6) refers to printf6.o(i._printf_core) for _printf_core
    printf6.o(i.__0vsprintf$6) refers to printf6.o(i._sputc) for _sputc
    printf6.o(i._printf_core) refers to printf6.o(i._printf_pre_padding) for _printf_pre_padding
    printf6.o(i._printf_core) refers to uidiv.o(.text) for __aeabi_uidivmod
    printf6.o(i._printf_core) refers to printf6.o(i._printf_post_padding) for _printf_post_padding
    printf7.o(i.__0fprintf$7) refers to printf7.o(i._printf_core) for _printf_core
    printf7.o(i.__0fprintf$7) refers to usart.o(.text) for fputc
    printf7.o(i.__0printf$7) refers to printf7.o(i._printf_core) for _printf_core
    printf7.o(i.__0printf$7) refers to usart.o(.text) for fputc
    printf7.o(i.__0printf$7) refers to stdout.o(.data) for __stdout
    printf7.o(i.__0snprintf$7) refers to printf7.o(i._printf_core) for _printf_core
    printf7.o(i.__0snprintf$7) refers to printf7.o(i._snputc) for _snputc
    printf7.o(i.__0sprintf$7) refers to printf7.o(i._printf_core) for _printf_core
    printf7.o(i.__0sprintf$7) refers to printf7.o(i._sputc) for _sputc
    printf7.o(i.__0vfprintf$7) refers to printf7.o(i._printf_core) for _printf_core
    printf7.o(i.__0vfprintf$7) refers to usart.o(.text) for fputc
    printf7.o(i.__0vprintf$7) refers to printf7.o(i._printf_core) for _printf_core
    printf7.o(i.__0vprintf$7) refers to usart.o(.text) for fputc
    printf7.o(i.__0vprintf$7) refers to stdout.o(.data) for __stdout
    printf7.o(i.__0vsnprintf$7) refers to printf7.o(i._printf_core) for _printf_core
    printf7.o(i.__0vsnprintf$7) refers to printf7.o(i._snputc) for _snputc
    printf7.o(i.__0vsprintf$7) refers to printf7.o(i._printf_core) for _printf_core
    printf7.o(i.__0vsprintf$7) refers to printf7.o(i._sputc) for _sputc
    printf7.o(i._printf_core) refers to printf7.o(i._printf_pre_padding) for _printf_pre_padding
    printf7.o(i._printf_core) refers to uldiv.o(.text) for __aeabi_uldivmod
    printf7.o(i._printf_core) refers to printf7.o(i._printf_post_padding) for _printf_post_padding
    printf8.o(i.__0fprintf$8) refers to printf8.o(i._printf_core) for _printf_core
    printf8.o(i.__0fprintf$8) refers to usart.o(.text) for fputc
    printf8.o(i.__0printf$8) refers to printf8.o(i._printf_core) for _printf_core
    printf8.o(i.__0printf$8) refers to usart.o(.text) for fputc
    printf8.o(i.__0printf$8) refers to stdout.o(.data) for __stdout
    printf8.o(i.__0snprintf$8) refers to printf8.o(i._printf_core) for _printf_core
    printf8.o(i.__0snprintf$8) refers to printf8.o(i._snputc) for _snputc
    printf8.o(i.__0sprintf$8) refers to printf8.o(i._printf_core) for _printf_core
    printf8.o(i.__0sprintf$8) refers to printf8.o(i._sputc) for _sputc
    printf8.o(i.__0vfprintf$8) refers to printf8.o(i._printf_core) for _printf_core
    printf8.o(i.__0vfprintf$8) refers to usart.o(.text) for fputc
    printf8.o(i.__0vprintf$8) refers to printf8.o(i._printf_core) for _printf_core
    printf8.o(i.__0vprintf$8) refers to usart.o(.text) for fputc
    printf8.o(i.__0vprintf$8) refers to stdout.o(.data) for __stdout
    printf8.o(i.__0vsnprintf$8) refers to printf8.o(i._printf_core) for _printf_core
    printf8.o(i.__0vsnprintf$8) refers to printf8.o(i._snputc) for _snputc
    printf8.o(i.__0vsprintf$8) refers to printf8.o(i._printf_core) for _printf_core
    printf8.o(i.__0vsprintf$8) refers to printf8.o(i._sputc) for _sputc
    printf8.o(i._printf_core) refers to printf8.o(i._printf_pre_padding) for _printf_pre_padding
    printf8.o(i._printf_core) refers to uldiv.o(.text) for __aeabi_uldivmod
    printf8.o(i._printf_core) refers to printf8.o(i._printf_post_padding) for _printf_post_padding
    printfa.o(i.__0fprintf) refers (Special) to iusefp.o(.text) for __I$use$fp
    printfa.o(i.__0fprintf) refers to printfa.o(i._printf_core) for _printf_core
    printfa.o(i.__0fprintf) refers to usart.o(.text) for fputc
    printfa.o(i.__0printf) refers (Special) to iusefp.o(.text) for __I$use$fp
    printfa.o(i.__0printf) refers to printfa.o(i._printf_core) for _printf_core
    printfa.o(i.__0printf) refers to usart.o(.text) for fputc
    printfa.o(i.__0printf) refers to stdout.o(.data) for __stdout
    printfa.o(i.__0snprintf) refers (Special) to iusefp.o(.text) for __I$use$fp
    printfa.o(i.__0snprintf) refers to printfa.o(i._printf_core) for _printf_core
    printfa.o(i.__0snprintf) refers to printfa.o(i._snputc) for _snputc
    printfa.o(i.__0sprintf) refers (Special) to iusefp.o(.text) for __I$use$fp
    printfa.o(i.__0sprintf) refers to printfa.o(i._printf_core) for _printf_core
    printfa.o(i.__0sprintf) refers to printfa.o(i._sputc) for _sputc
    printfa.o(i.__0vfprintf) refers (Special) to iusefp.o(.text) for __I$use$fp
    printfa.o(i.__0vfprintf) refers to printfa.o(i._printf_core) for _printf_core
    printfa.o(i.__0vfprintf) refers to usart.o(.text) for fputc
    printfa.o(i.__0vprintf) refers (Special) to iusefp.o(.text) for __I$use$fp
    printfa.o(i.__0vprintf) refers to printfa.o(i._printf_core) for _printf_core
    printfa.o(i.__0vprintf) refers to usart.o(.text) for fputc
    printfa.o(i.__0vprintf) refers to stdout.o(.data) for __stdout
    printfa.o(i.__0vsnprintf) refers (Special) to iusefp.o(.text) for __I$use$fp
    printfa.o(i.__0vsnprintf) refers to printfa.o(i._printf_core) for _printf_core
    printfa.o(i.__0vsnprintf) refers to printfa.o(i._snputc) for _snputc
    printfa.o(i.__0vsprintf) refers (Special) to iusefp.o(.text) for __I$use$fp
    printfa.o(i.__0vsprintf) refers to printfa.o(i._printf_core) for _printf_core
    printfa.o(i.__0vsprintf) refers to printfa.o(i._sputc) for _sputc
    printfa.o(i._fp_digits) refers (Special) to iusefp.o(.text) for __I$use$fp
    printfa.o(i._fp_digits) refers to dmul.o(.text) for __aeabi_dmul
    printfa.o(i._fp_digits) refers to ddiv.o(.text) for __aeabi_ddiv
    printfa.o(i._fp_digits) refers to cdrcmple.o(.text) for __aeabi_cdrcmple
    printfa.o(i._fp_digits) refers to dadd.o(.text) for __aeabi_dadd
    printfa.o(i._fp_digits) refers to dfixul.o(.text) for __aeabi_d2ulz
    printfa.o(i._fp_digits) refers to uldiv.o(.text) for __aeabi_uldivmod
    printfa.o(i._printf_core) refers (Special) to iusefp.o(.text) for __I$use$fp
    printfa.o(i._printf_core) refers to printfa.o(i._printf_pre_padding) for _printf_pre_padding
    printfa.o(i._printf_core) refers to uldiv.o(.text) for __aeabi_uldivmod
    printfa.o(i._printf_core) refers to printfa.o(i._printf_post_padding) for _printf_post_padding
    printfa.o(i._printf_core) refers to printfa.o(i._fp_digits) for _fp_digits
    printfa.o(i._printf_core) refers to uidiv.o(.text) for __aeabi_uidivmod
    printfa.o(i._printf_post_padding) refers (Special) to iusefp.o(.text) for __I$use$fp
    printfa.o(i._printf_pre_padding) refers (Special) to iusefp.o(.text) for __I$use$fp
    printfa.o(i._snputc) refers (Special) to iusefp.o(.text) for __I$use$fp
    printfa.o(i._sputc) refers (Special) to iusefp.o(.text) for __I$use$fp
    fadd.o(.text) refers (Special) to iusefp.o(.text) for __I$use$fp
    fadd.o(.text) refers to fepilogue.o(.text) for _float_epilogue
    fmul.o(.text) refers (Special) to iusefp.o(.text) for __I$use$fp
    fflti.o(.text) refers (Special) to iusefp.o(.text) for __I$use$fp
    fflti.o(.text) refers to fepilogue.o(.text) for _float_epilogue
    ffixi.o(.text) refers (Special) to iusefp.o(.text) for __I$use$fp
    ffixui.o(.text) refers (Special) to iusefp.o(.text) for __I$use$fp
    f2d.o(.text) refers (Special) to iusefp.o(.text) for __I$use$fp
    cdcmple.o(.text) refers (Special) to iusefp.o(.text) for __I$use$fp
    entry2.o(.ARM.Collect$$$$00000001) refers to entry2.o(.ARM.Collect$$$$00002712) for __lit__00000000
    entry2.o(.ARM.Collect$$$$00002712) refers to startup_stm32f10x_hd.o(STACK) for __initial_sp
    entry2.o(__vectab_stack_and_reset_area) refers to startup_stm32f10x_hd.o(STACK) for __initial_sp
    entry2.o(__vectab_stack_and_reset_area) refers to entry.o(.ARM.Collect$$$$00000000) for __main
    entry5.o(.ARM.Collect$$$$00000004) refers to init.o(.text) for __scatterload
    entry9a.o(.ARM.Collect$$$$0000000B) refers to main.o(.text) for main
    entry9b.o(.ARM.Collect$$$$0000000C) refers to main.o(.text) for main
    uldiv.o(.text) refers to llushr.o(.text) for __aeabi_llsr
    uldiv.o(.text) refers to llshl.o(.text) for __aeabi_llsl
    dadd.o(.text) refers to llshl.o(.text) for __aeabi_llsl
    dadd.o(.text) refers to llsshr.o(.text) for __aeabi_lasr
    dadd.o(.text) refers to depilogue.o(.text) for _double_epilogue
    dmul.o(.text) refers to depilogue.o(.text) for _double_epilogue
    ddiv.o(.text) refers to depilogue.o(.text) for _double_round
    dfixul.o(.text) refers to llushr.o(.text) for __aeabi_llsr
    dfixul.o(.text) refers to llshl.o(.text) for __aeabi_llsl
    init.o(.text) refers to entry5.o(.ARM.Collect$$$$00000004) for __main_after_scatterload
    depilogue.o(.text) refers to llshl.o(.text) for __aeabi_llsl
    depilogue.o(.text) refers to llushr.o(.text) for __aeabi_llsr


==============================================================================

Removing Unused input sections from the image.

    Removing startup_stm32f10x_hd.o(HEAP), (512 bytes).
    Removing core_cm3.o(.emb_text), (32 bytes).
    Removing stm32f10x_adc.o(.text), (1102 bytes).
    Removing stm32f10x_dac.o(.text), (396 bytes).
    Removing stm32f10x_dma.o(.text), (596 bytes).
    Removing stm32f10x_flash.o(.text), (1468 bytes).
    Removing stm32f10x_i2c.o(.text), (1028 bytes).
    Removing stm32f10x_rtc.o(.text), (328 bytes).
    Removing stm32f10x_spi.o(.text), (780 bytes).
    Removing dadd.o(.text), (334 bytes).
    Removing dmul.o(.text), (228 bytes).
    Removing ddiv.o(.text), (222 bytes).
    Removing dfixul.o(.text), (48 bytes).
    Removing cdrcmple.o(.text), (48 bytes).
    Removing depilogue.o(.text), (186 bytes).

15 unused section(s) (total 7308 bytes) removed from the image.

==============================================================================

Image Symbol Table

    Local Symbols

    Symbol Name                              Value     Ov Type        Size  Object(Section)

    ../clib/microlib/division.c              0x00000000   Number         0  uidiv.o ABSOLUTE
    ../clib/microlib/division.c              0x00000000   Number         0  uldiv.o ABSOLUTE
    ../clib/microlib/init/entry.s            0x00000000   Number         0  entry10a.o ABSOLUTE
    ../clib/microlib/init/entry.s            0x00000000   Number         0  entry11b.o ABSOLUTE
    ../clib/microlib/init/entry.s            0x00000000   Number         0  entry.o ABSOLUTE
    ../clib/microlib/init/entry.s            0x00000000   Number         0  entry5.o ABSOLUTE
    ../clib/microlib/init/entry.s            0x00000000   Number         0  entry8b.o ABSOLUTE
    ../clib/microlib/init/entry.s            0x00000000   Number         0  entry8a.o ABSOLUTE
    ../clib/microlib/init/entry.s            0x00000000   Number         0  entry10b.o ABSOLUTE
    ../clib/microlib/init/entry.s            0x00000000   Number         0  entry9a.o ABSOLUTE
    ../clib/microlib/init/entry.s            0x00000000   Number         0  entry11a.o ABSOLUTE
    ../clib/microlib/init/entry.s            0x00000000   Number         0  entry7b.o ABSOLUTE
    ../clib/microlib/init/entry.s            0x00000000   Number         0  entry7a.o ABSOLUTE
    ../clib/microlib/init/entry.s            0x00000000   Number         0  entry9b.o ABSOLUTE
    ../clib/microlib/init/entry.s            0x00000000   Number         0  entry2.o ABSOLUTE
    ../clib/microlib/longlong.c              0x00000000   Number         0  llsshr.o ABSOLUTE
    ../clib/microlib/longlong.c              0x00000000   Number         0  llushr.o ABSOLUTE
    ../clib/microlib/longlong.c              0x00000000   Number         0  llshl.o ABSOLUTE
    ../clib/microlib/printf/printf.c         0x00000000   Number         0  printf6.o ABSOLUTE
    ../clib/microlib/printf/printf.c         0x00000000   Number         0  printf7.o ABSOLUTE
    ../clib/microlib/printf/printf.c         0x00000000   Number         0  printf0.o ABSOLUTE
    ../clib/microlib/printf/printf.c         0x00000000   Number         0  printf8.o ABSOLUTE
    ../clib/microlib/printf/printf.c         0x00000000   Number         0  printfa.o ABSOLUTE
    ../clib/microlib/printf/printf.c         0x00000000   Number         0  printf4.o ABSOLUTE
    ../clib/microlib/printf/printf.c         0x00000000   Number         0  printf5.o ABSOLUTE
    ../clib/microlib/printf/printf.c         0x00000000   Number         0  printf3.o ABSOLUTE
    ../clib/microlib/printf/printf.c         0x00000000   Number         0  printf2.o ABSOLUTE
    ../clib/microlib/printf/printf.c         0x00000000   Number         0  printf1.o ABSOLUTE
    ../clib/microlib/printf/printf.c         0x00000000   Number         0  printfb.o ABSOLUTE
    ../clib/microlib/printf/stubs.s          0x00000000   Number         0  stubs.o ABSOLUTE
    ../clib/microlib/stdio/streams.c         0x00000000   Number         0  stdout.o ABSOLUTE
    ../clib/microlib/string/memset.c         0x00000000   Number         0  memseta.o ABSOLUTE
    ../clib/microlib/string/strstr.c         0x00000000   Number         0  strstr.o ABSOLUTE
    ../clib/microlib/stubs.s                 0x00000000   Number         0  iusefp.o ABSOLUTE
    ../fplib/microlib/f2d.c                  0x00000000   Number         0  f2d.o ABSOLUTE
    ../fplib/microlib/fpadd.c                0x00000000   Number         0  dadd.o ABSOLUTE
    ../fplib/microlib/fpadd.c                0x00000000   Number         0  fadd.o ABSOLUTE
    ../fplib/microlib/fpdiv.c                0x00000000   Number         0  ddiv.o ABSOLUTE
    ../fplib/microlib/fpepilogue.c           0x00000000   Number         0  fepilogue.o ABSOLUTE
    ../fplib/microlib/fpepilogue.c           0x00000000   Number         0  depilogue.o ABSOLUTE
    ../fplib/microlib/fpfix.c                0x00000000   Number         0  dfixul.o ABSOLUTE
    ../fplib/microlib/fpfix.c                0x00000000   Number         0  ffixi.o ABSOLUTE
    ../fplib/microlib/fpfix.c                0x00000000   Number         0  ffixui.o ABSOLUTE
    ../fplib/microlib/fpflt.c                0x00000000   Number         0  fflti.o ABSOLUTE
    ../fplib/microlib/fpmul.c                0x00000000   Number         0  fmul.o ABSOLUTE
    ../fplib/microlib/fpmul.c                0x00000000   Number         0  dmul.o ABSOLUTE
    ..\..\Driver\KEY\exti.c                  0x00000000   Number         0  exti.o ABSOLUTE
    ..\..\Driver\OLED\OLED.c                 0x00000000   Number         0  oled.o ABSOLUTE
    ..\..\Driver\PWM\Breathing_Light.c       0x00000000   Number         0  breathing_light.o ABSOLUTE
    ..\..\Driver\SysTick\SysTick.c           0x00000000   Number         0  systick.o ABSOLUTE
    ..\..\Driver\USART\WIFI_BufferPool.c     0x00000000   Number         0  wifi_bufferpool.o ABSOLUTE
    ..\..\Driver\USART\ZigBee_BufferPool.c   0x00000000   Number         0  zigbee_bufferpool.o ABSOLUTE
    ..\..\Driver\USART\usart.c               0x00000000   Number         0  usart.o ABSOLUTE
    ..\..\Driver\WIFI\wifi.c                 0x00000000   Number         0  wifi.o ABSOLUTE
    ..\..\Libraries\CMSIS\core_cm3.c         0x00000000   Number         0  core_cm3.o ABSOLUTE
    ..\..\Libraries\CMSIS\startup\startup_stm32f10x_hd.s 0x00000000   Number         0  startup_stm32f10x_hd.o ABSOLUTE
    ..\..\Libraries\CMSIS\system_stm32f10x.c 0x00000000   Number         0  system_stm32f10x.o ABSOLUTE
    ..\..\Libraries\FWlib\src\misc.c         0x00000000   Number         0  misc.o ABSOLUTE
    ..\..\Libraries\FWlib\src\stm32f10x_adc.c 0x00000000   Number         0  stm32f10x_adc.o ABSOLUTE
    ..\..\Libraries\FWlib\src\stm32f10x_dac.c 0x00000000   Number         0  stm32f10x_dac.o ABSOLUTE
    ..\..\Libraries\FWlib\src\stm32f10x_dma.c 0x00000000   Number         0  stm32f10x_dma.o ABSOLUTE
    ..\..\Libraries\FWlib\src\stm32f10x_exti.c 0x00000000   Number         0  stm32f10x_exti.o ABSOLUTE
    ..\..\Libraries\FWlib\src\stm32f10x_flash.c 0x00000000   Number         0  stm32f10x_flash.o ABSOLUTE
    ..\..\Libraries\FWlib\src\stm32f10x_gpio.c 0x00000000   Number         0  stm32f10x_gpio.o ABSOLUTE
    ..\..\Libraries\FWlib\src\stm32f10x_i2c.c 0x00000000   Number         0  stm32f10x_i2c.o ABSOLUTE
    ..\..\Libraries\FWlib\src\stm32f10x_rcc.c 0x00000000   Number         0  stm32f10x_rcc.o ABSOLUTE
    ..\..\Libraries\FWlib\src\stm32f10x_rtc.c 0x00000000   Number         0  stm32f10x_rtc.o ABSOLUTE
    ..\..\Libraries\FWlib\src\stm32f10x_spi.c 0x00000000   Number         0  stm32f10x_spi.o ABSOLUTE
    ..\..\Libraries\FWlib\src\stm32f10x_tim.c 0x00000000   Number         0  stm32f10x_tim.o ABSOLUTE
    ..\..\Libraries\FWlib\src\stm32f10x_usart.c 0x00000000   Number         0  stm32f10x_usart.o ABSOLUTE
    ..\..\User\bsp_init.c                    0x00000000   Number         0  bsp_init.o ABSOLUTE
    ..\..\User\main.c                        0x00000000   Number         0  main.o ABSOLUTE
    ..\..\User\stm32f10x_it.c                0x00000000   Number         0  stm32f10x_it.o ABSOLUTE
    ..\\..\\Libraries\\CMSIS\\core_cm3.c     0x00000000   Number         0  core_cm3.o ABSOLUTE
    cdcmple.s                                0x00000000   Number         0  cdcmple.o ABSOLUTE
    cdrcmple.s                               0x00000000   Number         0  cdrcmple.o ABSOLUTE
    dc.s                                     0x00000000   Number         0  dc.o ABSOLUTE
    handlers.s                               0x00000000   Number         0  handlers.o ABSOLUTE
    init.s                                   0x00000000   Number         0  init.o ABSOLUTE
    RESET                                    0x08000000   Section      304  startup_stm32f10x_hd.o(RESET)
    .ARM.Collect$$$$00000000                 0x08000130   Section        0  entry.o(.ARM.Collect$$$$00000000)
    .ARM.Collect$$$$00000001                 0x08000130   Section        4  entry2.o(.ARM.Collect$$$$00000001)
    .ARM.Collect$$$$00000004                 0x08000134   Section        4  entry5.o(.ARM.Collect$$$$00000004)
    .ARM.Collect$$$$00000008                 0x08000138   Section        0  entry7b.o(.ARM.Collect$$$$00000008)
    .ARM.Collect$$$$0000000A                 0x08000138   Section        0  entry8b.o(.ARM.Collect$$$$0000000A)
    .ARM.Collect$$$$0000000B                 0x08000138   Section        8  entry9a.o(.ARM.Collect$$$$0000000B)
    .ARM.Collect$$$$0000000D                 0x08000140   Section        0  entry10a.o(.ARM.Collect$$$$0000000D)
    .ARM.Collect$$$$0000000F                 0x08000140   Section        0  entry11a.o(.ARM.Collect$$$$0000000F)
    .ARM.Collect$$$$00002712                 0x08000140   Section        4  entry2.o(.ARM.Collect$$$$00002712)
    __lit__00000000                          0x08000140   Data           4  entry2.o(.ARM.Collect$$$$00002712)
    .text                                    0x08000144   Section       36  startup_stm32f10x_hd.o(.text)
    .text                                    0x08000168   Section        0  system_stm32f10x.o(.text)
    SetSysClockTo72                          0x08000169   Thumb Code   214  system_stm32f10x.o(.text)
    SetSysClock                              0x0800023f   Thumb Code     8  system_stm32f10x.o(.text)
    .text                                    0x08000348   Section        0  misc.o(.text)
    .text                                    0x08000424   Section        0  stm32f10x_gpio.o(.text)
    .text                                    0x08000780   Section        0  stm32f10x_rcc.o(.text)
    .text                                    0x08000b24   Section        0  stm32f10x_exti.o(.text)
    .text                                    0x08000c40   Section        0  stm32f10x_tim.o(.text)
    TI4_Config                               0x080010e7   Thumb Code   130  stm32f10x_tim.o(.text)
    TI3_Config                               0x0800117b   Thumb Code   122  stm32f10x_tim.o(.text)
    TI2_Config                               0x0800120f   Thumb Code   130  stm32f10x_tim.o(.text)
    TI1_Config                               0x080012a3   Thumb Code   108  stm32f10x_tim.o(.text)
    .text                                    0x08001a5c   Section        0  stm32f10x_usart.o(.text)
    .text                                    0x08001e64   Section        0  main.o(.text)
    .text                                    0x08001e70   Section        0  stm32f10x_it.o(.text)
    .text                                    0x08002204   Section        0  bsp_init.o(.text)
    LED_Init                                 0x08002205   Thumb Code    80  bsp_init.o(.text)
    Beep_Init                                0x08002255   Thumb Code    46  bsp_init.o(.text)
    ZigBee_Power_Init                        0x08002283   Thumb Code   148  bsp_init.o(.text)
    Misc_Init                                0x08002317   Thumb Code    24  bsp_init.o(.text)
    .text                                    0x080023a0   Section        0  usart.o(.text)
    USART3_NVIC_Configuration                0x080023f5   Thumb Code    42  usart.o(.text)
    USART2_NVIC_Configuration                0x0800241f   Thumb Code    38  usart.o(.text)
    USART1_NVIC_Configuration                0x08002445   Thumb Code    42  usart.o(.text)
    USART3_Config                            0x0800246f   Thumb Code   146  usart.o(.text)
    USART2_Config                            0x08002501   Thumb Code   142  usart.o(.text)
    USART1_Config                            0x0800258f   Thumb Code   134  usart.o(.text)
    itoa                                     0x08002631   Thumb Code   274  usart.o(.text)
    .text                                    0x080028a0   Section        0  oled.o(.text)
    .text                                    0x0800390c   Section        0  zigbee_bufferpool.o(.text)
    ZigBee_BPCheckCancelCmd                  0x08003bb3   Thumb Code    24  zigbee_bufferpool.o(.text)
    ZigBee_Data_Display_Init                 0x08003bd1   Thumb Code   242  zigbee_bufferpool.o(.text)
    .text                                    0x08003d44   Section        0  wifi_bufferpool.o(.text)
    .text                                    0x0800401c   Section        0  wifi.o(.text)
    .text                                    0x080049f8   Section        0  systick.o(.text)
    .text                                    0x08004aac   Section        0  exti.o(.text)
    NVIC_Configuration                       0x08004aad   Thumb Code    76  exti.o(.text)
    .text                                    0x08004c1c   Section        0  breathing_light.o(.text)
    TIM1_GPIO_Config                         0x08004c1d   Thumb Code    72  breathing_light.o(.text)
    NVIC_Config_PWM                          0x08004c65   Thumb Code    42  breathing_light.o(.text)
    TIM1_Mode_Config                         0x08004c8f   Thumb Code   150  breathing_light.o(.text)
    .text                                    0x08004d38   Section        0  memseta.o(.text)
    .text                                    0x08004d5c   Section        0  strstr.o(.text)
    .text                                    0x08004d80   Section        0  fadd.o(.text)
    .text                                    0x08004e30   Section        0  fmul.o(.text)
    .text                                    0x08004e94   Section        0  fflti.o(.text)
    .text                                    0x08004ea6   Section        0  ffixi.o(.text)
    .text                                    0x08004ed8   Section        0  ffixui.o(.text)
    .text                                    0x08004f00   Section        0  f2d.o(.text)
    .text                                    0x08004f28   Section       48  cdcmple.o(.text)
    .text                                    0x08004f58   Section        0  uidiv.o(.text)
    .text                                    0x08004f84   Section        0  fepilogue.o(.text)
    .text                                    0x08004f84   Section        0  iusefp.o(.text)
    .text                                    0x08004ff4   Section       36  init.o(.text)
    i.__0printf$3                            0x08005018   Section        0  printf3.o(i.__0printf$3)
    i.__0sprintf$3                           0x08005038   Section        0  printf3.o(i.__0sprintf$3)
    i.__scatterload_copy                     0x08005060   Section       14  handlers.o(i.__scatterload_copy)
    i.__scatterload_null                     0x0800506e   Section        2  handlers.o(i.__scatterload_null)
    i.__scatterload_zeroinit                 0x08005070   Section       14  handlers.o(i.__scatterload_zeroinit)
    i._printf_core                           0x08005080   Section        0  printf3.o(i._printf_core)
    _printf_core                             0x08005081   Thumb Code   436  printf3.o(i._printf_core)
    i._sputc                                 0x08005238   Section        0  printf3.o(i._sputc)
    _sputc                                   0x08005239   Thumb Code    10  printf3.o(i._sputc)
    .constdata                               0x08005242   Section     2072  oled.o(.constdata)
    .data                                    0x20000000   Section       20  system_stm32f10x.o(.data)
    .data                                    0x20000014   Section       20  stm32f10x_rcc.o(.data)
    APBAHBPrescTable                         0x20000014   Data          16  stm32f10x_rcc.o(.data)
    ADCPrescTable                            0x20000024   Data           4  stm32f10x_rcc.o(.data)
    .data                                    0x20000028   Section       19  stm32f10x_it.o(.data)
    pwm_index                                0x20000038   Data           2  stm32f10x_it.o(.data)
    period_cnt                               0x2000003a   Data           1  stm32f10x_it.o(.data)
    .data                                    0x2000003b   Section        5  zigbee_bufferpool.o(.data)
    .data                                    0x20000040   Section       36  wifi_bufferpool.o(.data)
    i                                        0x20000060   Data           4  wifi_bufferpool.o(.data)
    .data                                    0x20000064   Section        4  systick.o(.data)
    TimingDelay                              0x20000064   Data           4  systick.o(.data)
    .data                                    0x20000068   Section      146  breathing_light.o(.data)
    .data                                    0x200000fc   Section        4  stdout.o(.data)
    .bss                                     0x20000100   Section      131  zigbee_bufferpool.o(.bss)
    .bss                                     0x20000183   Section       24  wifi_bufferpool.o(.bss)
    .bss                                     0x2000019c   Section     1026  wifi.o(.bss)
    STACK                                    0x200005a0   Section     1024  startup_stm32f10x_hd.o(STACK)

    Global Symbols

    Symbol Name                              Value     Ov Type        Size  Object(Section)

    BuildAttributes$$THM_ISAv4$P$D$K$B$S$PE$A:L22UL41UL21$X:L11$S22US41US21$IEEE1$IW$USESV6$~STKCKD$USESV7$~SHL$OTIME$ROPI$EBA8$MICROLIB$REQ8$PRES8$EABIv2 0x00000000   Number         0  anon$$obj.o ABSOLUTE
    __ARM_use_no_argv                        0x00000000   Number         0  main.o ABSOLUTE
    _printf_a                                0x00000000   Number         0  stubs.o ABSOLUTE
    _printf_c                                0x00000000   Number         0  stubs.o ABSOLUTE
    _printf_charcount                        0x00000000   Number         0  stubs.o ABSOLUTE
    _printf_d                                0x00000000   Number         0  stubs.o ABSOLUTE
    _printf_e                                0x00000000   Number         0  stubs.o ABSOLUTE
    _printf_f                                0x00000000   Number         0  stubs.o ABSOLUTE
    _printf_flags                            0x00000000   Number         0  stubs.o ABSOLUTE
    _printf_fp_dec                           0x00000000   Number         0  stubs.o ABSOLUTE
    _printf_fp_hex                           0x00000000   Number         0  stubs.o ABSOLUTE
    _printf_g                                0x00000000   Number         0  stubs.o ABSOLUTE
    _printf_i                                0x00000000   Number         0  stubs.o ABSOLUTE
    _printf_int_dec                          0x00000000   Number         0  stubs.o ABSOLUTE
    _printf_l                                0x00000000   Number         0  stubs.o ABSOLUTE
    _printf_lc                               0x00000000   Number         0  stubs.o ABSOLUTE
    _printf_ll                               0x00000000   Number         0  stubs.o ABSOLUTE
    _printf_lld                              0x00000000   Number         0  stubs.o ABSOLUTE
    _printf_lli                              0x00000000   Number         0  stubs.o ABSOLUTE
    _printf_llo                              0x00000000   Number         0  stubs.o ABSOLUTE
    _printf_llu                              0x00000000   Number         0  stubs.o ABSOLUTE
    _printf_llx                              0x00000000   Number         0  stubs.o ABSOLUTE
    _printf_longlong_dec                     0x00000000   Number         0  stubs.o ABSOLUTE
    _printf_longlong_hex                     0x00000000   Number         0  stubs.o ABSOLUTE
    _printf_longlong_oct                     0x00000000   Number         0  stubs.o ABSOLUTE
    _printf_ls                               0x00000000   Number         0  stubs.o ABSOLUTE
    _printf_mbtowc                           0x00000000   Number         0  stubs.o ABSOLUTE
    _printf_n                                0x00000000   Number         0  stubs.o ABSOLUTE
    _printf_o                                0x00000000   Number         0  stubs.o ABSOLUTE
    _printf_p                                0x00000000   Number         0  stubs.o ABSOLUTE
    _printf_percent                          0x00000000   Number         0  stubs.o ABSOLUTE
    _printf_pre_padding                      0x00000000   Number         0  stubs.o ABSOLUTE
    _printf_return_value                     0x00000000   Number         0  stubs.o ABSOLUTE
    _printf_s                                0x00000000   Number         0  stubs.o ABSOLUTE
    _printf_sizespec                         0x00000000   Number         0  stubs.o ABSOLUTE
    _printf_str                              0x00000000   Number         0  stubs.o ABSOLUTE
    _printf_truncate_signed                  0x00000000   Number         0  stubs.o ABSOLUTE
    _printf_truncate_unsigned                0x00000000   Number         0  stubs.o ABSOLUTE
    _printf_u                                0x00000000   Number         0  stubs.o ABSOLUTE
    _printf_wc                               0x00000000   Number         0  stubs.o ABSOLUTE
    _printf_wctomb                           0x00000000   Number         0  stubs.o ABSOLUTE
    _printf_widthprec                        0x00000000   Number         0  stubs.o ABSOLUTE
    _printf_x                                0x00000000   Number         0  stubs.o ABSOLUTE
    __cpp_initialize__aeabi_                  - Undefined Weak Reference
    __cxa_finalize                            - Undefined Weak Reference
    __decompress                              - Undefined Weak Reference
    _clock_init                               - Undefined Weak Reference
    _microlib_exit                            - Undefined Weak Reference
    __Vectors_Size                           0x00000130   Number         0  startup_stm32f10x_hd.o ABSOLUTE
    __Vectors                                0x08000000   Data           4  startup_stm32f10x_hd.o(RESET)
    __Vectors_End                            0x08000130   Data           0  startup_stm32f10x_hd.o(RESET)
    __main                                   0x08000131   Thumb Code     0  entry.o(.ARM.Collect$$$$00000000)
    _main_stk                                0x08000131   Thumb Code     0  entry2.o(.ARM.Collect$$$$00000001)
    _main_scatterload                        0x08000135   Thumb Code     0  entry5.o(.ARM.Collect$$$$00000004)
    __main_after_scatterload                 0x08000139   Thumb Code     0  entry5.o(.ARM.Collect$$$$00000004)
    _main_clock                              0x08000139   Thumb Code     0  entry7b.o(.ARM.Collect$$$$00000008)
    _main_cpp_init                           0x08000139   Thumb Code     0  entry8b.o(.ARM.Collect$$$$0000000A)
    _main_init                               0x08000139   Thumb Code     0  entry9a.o(.ARM.Collect$$$$0000000B)
    __rt_final_cpp                           0x08000141   Thumb Code     0  entry10a.o(.ARM.Collect$$$$0000000D)
    __rt_final_exit                          0x08000141   Thumb Code     0  entry11a.o(.ARM.Collect$$$$0000000F)
    Reset_Handler                            0x08000145   Thumb Code     8  startup_stm32f10x_hd.o(.text)
    ADC1_2_IRQHandler                        0x0800015f   Thumb Code     0  startup_stm32f10x_hd.o(.text)
    ADC3_IRQHandler                          0x0800015f   Thumb Code     0  startup_stm32f10x_hd.o(.text)
    CAN1_RX1_IRQHandler                      0x0800015f   Thumb Code     0  startup_stm32f10x_hd.o(.text)
    CAN1_SCE_IRQHandler                      0x0800015f   Thumb Code     0  startup_stm32f10x_hd.o(.text)
    DMA1_Channel1_IRQHandler                 0x0800015f   Thumb Code     0  startup_stm32f10x_hd.o(.text)
    DMA1_Channel2_IRQHandler                 0x0800015f   Thumb Code     0  startup_stm32f10x_hd.o(.text)
    DMA1_Channel3_IRQHandler                 0x0800015f   Thumb Code     0  startup_stm32f10x_hd.o(.text)
    DMA1_Channel4_IRQHandler                 0x0800015f   Thumb Code     0  startup_stm32f10x_hd.o(.text)
    DMA1_Channel5_IRQHandler                 0x0800015f   Thumb Code     0  startup_stm32f10x_hd.o(.text)
    DMA1_Channel6_IRQHandler                 0x0800015f   Thumb Code     0  startup_stm32f10x_hd.o(.text)
    DMA1_Channel7_IRQHandler                 0x0800015f   Thumb Code     0  startup_stm32f10x_hd.o(.text)
    DMA2_Channel1_IRQHandler                 0x0800015f   Thumb Code     0  startup_stm32f10x_hd.o(.text)
    DMA2_Channel2_IRQHandler                 0x0800015f   Thumb Code     0  startup_stm32f10x_hd.o(.text)
    DMA2_Channel3_IRQHandler                 0x0800015f   Thumb Code     0  startup_stm32f10x_hd.o(.text)
    DMA2_Channel4_5_IRQHandler               0x0800015f   Thumb Code     0  startup_stm32f10x_hd.o(.text)
    EXTI15_10_IRQHandler                     0x0800015f   Thumb Code     0  startup_stm32f10x_hd.o(.text)
    EXTI2_IRQHandler                         0x0800015f   Thumb Code     0  startup_stm32f10x_hd.o(.text)
    EXTI9_5_IRQHandler                       0x0800015f   Thumb Code     0  startup_stm32f10x_hd.o(.text)
    FLASH_IRQHandler                         0x0800015f   Thumb Code     0  startup_stm32f10x_hd.o(.text)
    FSMC_IRQHandler                          0x0800015f   Thumb Code     0  startup_stm32f10x_hd.o(.text)
    I2C1_ER_IRQHandler                       0x0800015f   Thumb Code     0  startup_stm32f10x_hd.o(.text)
    I2C1_EV_IRQHandler                       0x0800015f   Thumb Code     0  startup_stm32f10x_hd.o(.text)
    I2C2_ER_IRQHandler                       0x0800015f   Thumb Code     0  startup_stm32f10x_hd.o(.text)
    I2C2_EV_IRQHandler                       0x0800015f   Thumb Code     0  startup_stm32f10x_hd.o(.text)
    PVD_IRQHandler                           0x0800015f   Thumb Code     0  startup_stm32f10x_hd.o(.text)
    RCC_IRQHandler                           0x0800015f   Thumb Code     0  startup_stm32f10x_hd.o(.text)
    RTCAlarm_IRQHandler                      0x0800015f   Thumb Code     0  startup_stm32f10x_hd.o(.text)
    RTC_IRQHandler                           0x0800015f   Thumb Code     0  startup_stm32f10x_hd.o(.text)
    SDIO_IRQHandler                          0x0800015f   Thumb Code     0  startup_stm32f10x_hd.o(.text)
    SPI1_IRQHandler                          0x0800015f   Thumb Code     0  startup_stm32f10x_hd.o(.text)
    SPI2_IRQHandler                          0x0800015f   Thumb Code     0  startup_stm32f10x_hd.o(.text)
    SPI3_IRQHandler                          0x0800015f   Thumb Code     0  startup_stm32f10x_hd.o(.text)
    TAMPER_IRQHandler                        0x0800015f   Thumb Code     0  startup_stm32f10x_hd.o(.text)
    TIM1_BRK_IRQHandler                      0x0800015f   Thumb Code     0  startup_stm32f10x_hd.o(.text)
    TIM1_TRG_COM_IRQHandler                  0x0800015f   Thumb Code     0  startup_stm32f10x_hd.o(.text)
    TIM1_UP_IRQHandler                       0x0800015f   Thumb Code     0  startup_stm32f10x_hd.o(.text)
    TIM2_IRQHandler                          0x0800015f   Thumb Code     0  startup_stm32f10x_hd.o(.text)
    TIM3_IRQHandler                          0x0800015f   Thumb Code     0  startup_stm32f10x_hd.o(.text)
    TIM4_IRQHandler                          0x0800015f   Thumb Code     0  startup_stm32f10x_hd.o(.text)
    TIM5_IRQHandler                          0x0800015f   Thumb Code     0  startup_stm32f10x_hd.o(.text)
    TIM6_IRQHandler                          0x0800015f   Thumb Code     0  startup_stm32f10x_hd.o(.text)
    TIM7_IRQHandler                          0x0800015f   Thumb Code     0  startup_stm32f10x_hd.o(.text)
    TIM8_BRK_IRQHandler                      0x0800015f   Thumb Code     0  startup_stm32f10x_hd.o(.text)
    TIM8_CC_IRQHandler                       0x0800015f   Thumb Code     0  startup_stm32f10x_hd.o(.text)
    TIM8_TRG_COM_IRQHandler                  0x0800015f   Thumb Code     0  startup_stm32f10x_hd.o(.text)
    TIM8_UP_IRQHandler                       0x0800015f   Thumb Code     0  startup_stm32f10x_hd.o(.text)
    UART4_IRQHandler                         0x0800015f   Thumb Code     0  startup_stm32f10x_hd.o(.text)
    UART5_IRQHandler                         0x0800015f   Thumb Code     0  startup_stm32f10x_hd.o(.text)
    USBWakeUp_IRQHandler                     0x0800015f   Thumb Code     0  startup_stm32f10x_hd.o(.text)
    USB_HP_CAN1_TX_IRQHandler                0x0800015f   Thumb Code     0  startup_stm32f10x_hd.o(.text)
    USB_LP_CAN1_RX0_IRQHandler               0x0800015f   Thumb Code     0  startup_stm32f10x_hd.o(.text)
    WWDG_IRQHandler                          0x0800015f   Thumb Code     0  startup_stm32f10x_hd.o(.text)
    SystemInit                               0x08000247   Thumb Code    78  system_stm32f10x.o(.text)
    SystemCoreClockUpdate                    0x08000295   Thumb Code   142  system_stm32f10x.o(.text)
    NVIC_PriorityGroupConfig                 0x08000349   Thumb Code    10  misc.o(.text)
    NVIC_Init                                0x08000353   Thumb Code   100  misc.o(.text)
    NVIC_SetVectorTable                      0x080003b7   Thumb Code    14  misc.o(.text)
    NVIC_SystemLPConfig                      0x080003c5   Thumb Code    34  misc.o(.text)
    SysTick_CLKSourceConfig                  0x080003e7   Thumb Code    40  misc.o(.text)
    GPIO_DeInit                              0x08000425   Thumb Code   172  stm32f10x_gpio.o(.text)
    GPIO_AFIODeInit                          0x080004d1   Thumb Code    20  stm32f10x_gpio.o(.text)
    GPIO_Init                                0x080004e5   Thumb Code   278  stm32f10x_gpio.o(.text)
    GPIO_StructInit                          0x080005fb   Thumb Code    16  stm32f10x_gpio.o(.text)
    GPIO_ReadInputDataBit                    0x0800060b   Thumb Code    18  stm32f10x_gpio.o(.text)
    GPIO_ReadInputData                       0x0800061d   Thumb Code     8  stm32f10x_gpio.o(.text)
    GPIO_ReadOutputDataBit                   0x08000625   Thumb Code    18  stm32f10x_gpio.o(.text)
    GPIO_ReadOutputData                      0x08000637   Thumb Code     8  stm32f10x_gpio.o(.text)
    GPIO_SetBits                             0x0800063f   Thumb Code     4  stm32f10x_gpio.o(.text)
    GPIO_ResetBits                           0x08000643   Thumb Code     4  stm32f10x_gpio.o(.text)
    GPIO_WriteBit                            0x08000647   Thumb Code    10  stm32f10x_gpio.o(.text)
    GPIO_Write                               0x08000651   Thumb Code     4  stm32f10x_gpio.o(.text)
    GPIO_PinLockConfig                       0x08000655   Thumb Code    18  stm32f10x_gpio.o(.text)
    GPIO_EventOutputConfig                   0x08000667   Thumb Code    26  stm32f10x_gpio.o(.text)
    GPIO_EventOutputCmd                      0x08000681   Thumb Code     6  stm32f10x_gpio.o(.text)
    GPIO_PinRemapConfig                      0x08000687   Thumb Code   138  stm32f10x_gpio.o(.text)
    GPIO_EXTILineConfig                      0x08000711   Thumb Code    66  stm32f10x_gpio.o(.text)
    GPIO_ETH_MediaInterfaceConfig            0x08000753   Thumb Code     8  stm32f10x_gpio.o(.text)
    RCC_DeInit                               0x08000781   Thumb Code    64  stm32f10x_rcc.o(.text)
    RCC_HSEConfig                            0x080007c1   Thumb Code    70  stm32f10x_rcc.o(.text)
    RCC_GetFlagStatus                        0x08000807   Thumb Code    56  stm32f10x_rcc.o(.text)
    RCC_WaitForHSEStartUp                    0x0800083f   Thumb Code    56  stm32f10x_rcc.o(.text)
    RCC_AdjustHSICalibrationValue            0x08000877   Thumb Code    20  stm32f10x_rcc.o(.text)
    RCC_HSICmd                               0x0800088b   Thumb Code     6  stm32f10x_rcc.o(.text)
    RCC_PLLConfig                            0x08000891   Thumb Code    24  stm32f10x_rcc.o(.text)
    RCC_PLLCmd                               0x080008a9   Thumb Code     6  stm32f10x_rcc.o(.text)
    RCC_SYSCLKConfig                         0x080008af   Thumb Code    18  stm32f10x_rcc.o(.text)
    RCC_GetSYSCLKSource                      0x080008c1   Thumb Code    10  stm32f10x_rcc.o(.text)
    RCC_HCLKConfig                           0x080008cb   Thumb Code    18  stm32f10x_rcc.o(.text)
    RCC_PCLK1Config                          0x080008dd   Thumb Code    18  stm32f10x_rcc.o(.text)
    RCC_PCLK2Config                          0x080008ef   Thumb Code    20  stm32f10x_rcc.o(.text)
    RCC_ITConfig                             0x08000903   Thumb Code    26  stm32f10x_rcc.o(.text)
    RCC_USBCLKConfig                         0x0800091d   Thumb Code     8  stm32f10x_rcc.o(.text)
    RCC_ADCCLKConfig                         0x08000925   Thumb Code    18  stm32f10x_rcc.o(.text)
    RCC_LSEConfig                            0x08000937   Thumb Code    50  stm32f10x_rcc.o(.text)
    RCC_LSICmd                               0x08000969   Thumb Code     6  stm32f10x_rcc.o(.text)
    RCC_RTCCLKConfig                         0x0800096f   Thumb Code    12  stm32f10x_rcc.o(.text)
    RCC_RTCCLKCmd                            0x0800097b   Thumb Code     8  stm32f10x_rcc.o(.text)
    RCC_GetClocksFreq                        0x08000983   Thumb Code   192  stm32f10x_rcc.o(.text)
    RCC_AHBPeriphClockCmd                    0x08000a43   Thumb Code    26  stm32f10x_rcc.o(.text)
    RCC_APB2PeriphClockCmd                   0x08000a5d   Thumb Code    26  stm32f10x_rcc.o(.text)
    RCC_APB1PeriphClockCmd                   0x08000a77   Thumb Code    26  stm32f10x_rcc.o(.text)
    RCC_APB2PeriphResetCmd                   0x08000a91   Thumb Code    26  stm32f10x_rcc.o(.text)
    RCC_APB1PeriphResetCmd                   0x08000aab   Thumb Code    26  stm32f10x_rcc.o(.text)
    RCC_BackupResetCmd                       0x08000ac5   Thumb Code     8  stm32f10x_rcc.o(.text)
    RCC_ClockSecuritySystemCmd               0x08000acd   Thumb Code     6  stm32f10x_rcc.o(.text)
    RCC_MCOConfig                            0x08000ad3   Thumb Code     6  stm32f10x_rcc.o(.text)
    RCC_ClearFlag                            0x08000ad9   Thumb Code    14  stm32f10x_rcc.o(.text)
    RCC_GetITStatus                          0x08000ae7   Thumb Code    20  stm32f10x_rcc.o(.text)
    RCC_ClearITPendingBit                    0x08000afb   Thumb Code     6  stm32f10x_rcc.o(.text)
    EXTI_DeInit                              0x08000b25   Thumb Code    28  stm32f10x_exti.o(.text)
    EXTI_Init                                0x08000b41   Thumb Code   142  stm32f10x_exti.o(.text)
    EXTI_StructInit                          0x08000bcf   Thumb Code    16  stm32f10x_exti.o(.text)
    EXTI_GenerateSWInterrupt                 0x08000bdf   Thumb Code    16  stm32f10x_exti.o(.text)
    EXTI_GetFlagStatus                       0x08000bef   Thumb Code    22  stm32f10x_exti.o(.text)
    EXTI_ClearFlag                           0x08000c05   Thumb Code     8  stm32f10x_exti.o(.text)
    EXTI_GetITStatus                         0x08000c0d   Thumb Code    34  stm32f10x_exti.o(.text)
    EXTI_ClearITPendingBit                   0x08000c2f   Thumb Code     8  stm32f10x_exti.o(.text)
    TIM_DeInit                               0x08000c41   Thumb Code   424  stm32f10x_tim.o(.text)
    TIM_TimeBaseInit                         0x08000de9   Thumb Code   122  stm32f10x_tim.o(.text)
    TIM_OC1Init                              0x08000e63   Thumb Code   132  stm32f10x_tim.o(.text)
    TIM_OC2Init                              0x08000ee7   Thumb Code   154  stm32f10x_tim.o(.text)
    TIM_OC3Init                              0x08000f81   Thumb Code   150  stm32f10x_tim.o(.text)
    TIM_OC4Init                              0x08001017   Thumb Code   182  stm32f10x_tim.o(.text)
    TIM_SetIC4Prescaler                      0x080010cd   Thumb Code    26  stm32f10x_tim.o(.text)
    TIM_SetIC3Prescaler                      0x08001169   Thumb Code    18  stm32f10x_tim.o(.text)
    TIM_SetIC2Prescaler                      0x080011f5   Thumb Code    26  stm32f10x_tim.o(.text)
    TIM_SetIC1Prescaler                      0x08001291   Thumb Code    18  stm32f10x_tim.o(.text)
    TIM_ICInit                               0x0800130f   Thumb Code   150  stm32f10x_tim.o(.text)
    TIM_PWMIConfig                           0x080013a5   Thumb Code   124  stm32f10x_tim.o(.text)
    TIM_BDTRConfig                           0x08001421   Thumb Code    32  stm32f10x_tim.o(.text)
    TIM_TimeBaseStructInit                   0x08001441   Thumb Code    18  stm32f10x_tim.o(.text)
    TIM_OCStructInit                         0x08001453   Thumb Code    20  stm32f10x_tim.o(.text)
    TIM_ICStructInit                         0x08001467   Thumb Code    18  stm32f10x_tim.o(.text)
    TIM_BDTRStructInit                       0x08001479   Thumb Code    40  stm32f10x_tim.o(.text)
    TIM_Cmd                                  0x080014a1   Thumb Code    24  stm32f10x_tim.o(.text)
    TIM_CtrlPWMOutputs                       0x080014b9   Thumb Code    30  stm32f10x_tim.o(.text)
    TIM_ITConfig                             0x080014d7   Thumb Code    18  stm32f10x_tim.o(.text)
    TIM_GenerateEvent                        0x080014e9   Thumb Code     4  stm32f10x_tim.o(.text)
    TIM_DMAConfig                            0x080014ed   Thumb Code    10  stm32f10x_tim.o(.text)
    TIM_DMACmd                               0x080014f7   Thumb Code    18  stm32f10x_tim.o(.text)
    TIM_InternalClockConfig                  0x08001509   Thumb Code    12  stm32f10x_tim.o(.text)
    TIM_SelectInputTrigger                   0x08001515   Thumb Code    18  stm32f10x_tim.o(.text)
    TIM_ITRxExternalClockConfig              0x08001527   Thumb Code    24  stm32f10x_tim.o(.text)
    TIM_TIxExternalClockConfig               0x0800153f   Thumb Code    62  stm32f10x_tim.o(.text)
    TIM_ETRConfig                            0x0800157d   Thumb Code    28  stm32f10x_tim.o(.text)
    TIM_ETRClockMode1Config                  0x08001599   Thumb Code    54  stm32f10x_tim.o(.text)
    TIM_ETRClockMode2Config                  0x080015cf   Thumb Code    32  stm32f10x_tim.o(.text)
    TIM_PrescalerConfig                      0x080015ef   Thumb Code     6  stm32f10x_tim.o(.text)
    TIM_CounterModeConfig                    0x080015f5   Thumb Code    18  stm32f10x_tim.o(.text)
    TIM_EncoderInterfaceConfig               0x08001607   Thumb Code    66  stm32f10x_tim.o(.text)
    TIM_ForcedOC1Config                      0x08001649   Thumb Code    18  stm32f10x_tim.o(.text)
    TIM_ForcedOC2Config                      0x0800165b   Thumb Code    26  stm32f10x_tim.o(.text)
    TIM_ForcedOC3Config                      0x08001675   Thumb Code    18  stm32f10x_tim.o(.text)
    TIM_ForcedOC4Config                      0x08001687   Thumb Code    26  stm32f10x_tim.o(.text)
    TIM_ARRPreloadConfig                     0x080016a1   Thumb Code    24  stm32f10x_tim.o(.text)
    TIM_SelectCOM                            0x080016b9   Thumb Code    24  stm32f10x_tim.o(.text)
    TIM_SelectCCDMA                          0x080016d1   Thumb Code    24  stm32f10x_tim.o(.text)
    TIM_CCPreloadControl                     0x080016e9   Thumb Code    24  stm32f10x_tim.o(.text)
    TIM_OC1PreloadConfig                     0x08001701   Thumb Code    18  stm32f10x_tim.o(.text)
    TIM_OC2PreloadConfig                     0x08001713   Thumb Code    26  stm32f10x_tim.o(.text)
    TIM_OC3PreloadConfig                     0x0800172d   Thumb Code    18  stm32f10x_tim.o(.text)
    TIM_OC4PreloadConfig                     0x0800173f   Thumb Code    26  stm32f10x_tim.o(.text)
    TIM_OC1FastConfig                        0x08001759   Thumb Code    18  stm32f10x_tim.o(.text)
    TIM_OC2FastConfig                        0x0800176b   Thumb Code    26  stm32f10x_tim.o(.text)
    TIM_OC3FastConfig                        0x08001785   Thumb Code    18  stm32f10x_tim.o(.text)
    TIM_OC4FastConfig                        0x08001797   Thumb Code    26  stm32f10x_tim.o(.text)
    TIM_ClearOC1Ref                          0x080017b1   Thumb Code    18  stm32f10x_tim.o(.text)
    TIM_ClearOC2Ref                          0x080017c3   Thumb Code    24  stm32f10x_tim.o(.text)
    TIM_ClearOC3Ref                          0x080017db   Thumb Code    18  stm32f10x_tim.o(.text)
    TIM_ClearOC4Ref                          0x080017ed   Thumb Code    24  stm32f10x_tim.o(.text)
    TIM_OC1PolarityConfig                    0x08001805   Thumb Code    18  stm32f10x_tim.o(.text)
    TIM_OC1NPolarityConfig                   0x08001817   Thumb Code    18  stm32f10x_tim.o(.text)
    TIM_OC2PolarityConfig                    0x08001829   Thumb Code    26  stm32f10x_tim.o(.text)
    TIM_OC2NPolarityConfig                   0x08001843   Thumb Code    26  stm32f10x_tim.o(.text)
    TIM_OC3PolarityConfig                    0x0800185d   Thumb Code    26  stm32f10x_tim.o(.text)
    TIM_OC3NPolarityConfig                   0x08001877   Thumb Code    26  stm32f10x_tim.o(.text)
    TIM_OC4PolarityConfig                    0x08001891   Thumb Code    26  stm32f10x_tim.o(.text)
    TIM_CCxCmd                               0x080018ab   Thumb Code    30  stm32f10x_tim.o(.text)
    TIM_CCxNCmd                              0x080018c9   Thumb Code    30  stm32f10x_tim.o(.text)
    TIM_SelectOCxM                           0x080018e7   Thumb Code    82  stm32f10x_tim.o(.text)
    TIM_UpdateDisableConfig                  0x08001939   Thumb Code    24  stm32f10x_tim.o(.text)
    TIM_UpdateRequestConfig                  0x08001951   Thumb Code    24  stm32f10x_tim.o(.text)
    TIM_SelectHallSensor                     0x08001969   Thumb Code    24  stm32f10x_tim.o(.text)
    TIM_SelectOnePulseMode                   0x08001981   Thumb Code    18  stm32f10x_tim.o(.text)
    TIM_SelectOutputTrigger                  0x08001993   Thumb Code    18  stm32f10x_tim.o(.text)
    TIM_SelectSlaveMode                      0x080019a5   Thumb Code    18  stm32f10x_tim.o(.text)
    TIM_SelectMasterSlaveMode                0x080019b7   Thumb Code    18  stm32f10x_tim.o(.text)
    TIM_SetCounter                           0x080019c9   Thumb Code     4  stm32f10x_tim.o(.text)
    TIM_SetAutoreload                        0x080019cd   Thumb Code     4  stm32f10x_tim.o(.text)
    TIM_SetCompare1                          0x080019d1   Thumb Code     4  stm32f10x_tim.o(.text)
    TIM_SetCompare2                          0x080019d5   Thumb Code     4  stm32f10x_tim.o(.text)
    TIM_SetCompare3                          0x080019d9   Thumb Code     4  stm32f10x_tim.o(.text)
    TIM_SetCompare4                          0x080019dd   Thumb Code     6  stm32f10x_tim.o(.text)
    TIM_SetClockDivision                     0x080019e3   Thumb Code    18  stm32f10x_tim.o(.text)
    TIM_GetCapture1                          0x080019f5   Thumb Code     6  stm32f10x_tim.o(.text)
    TIM_GetCapture2                          0x080019fb   Thumb Code     6  stm32f10x_tim.o(.text)
    TIM_GetCapture3                          0x08001a01   Thumb Code     6  stm32f10x_tim.o(.text)
    TIM_GetCapture4                          0x08001a07   Thumb Code     8  stm32f10x_tim.o(.text)
    TIM_GetCounter                           0x08001a0f   Thumb Code     6  stm32f10x_tim.o(.text)
    TIM_GetPrescaler                         0x08001a15   Thumb Code     6  stm32f10x_tim.o(.text)
    TIM_GetFlagStatus                        0x08001a1b   Thumb Code    18  stm32f10x_tim.o(.text)
    TIM_ClearFlag                            0x08001a2d   Thumb Code     6  stm32f10x_tim.o(.text)
    TIM_GetITStatus                          0x08001a33   Thumb Code    34  stm32f10x_tim.o(.text)
    TIM_ClearITPendingBit                    0x08001a55   Thumb Code     6  stm32f10x_tim.o(.text)
    USART_DeInit                             0x08001a5d   Thumb Code   134  stm32f10x_usart.o(.text)
    USART_Init                               0x08001ae3   Thumb Code   210  stm32f10x_usart.o(.text)
    USART_StructInit                         0x08001bb5   Thumb Code    24  stm32f10x_usart.o(.text)
    USART_ClockInit                          0x08001bcd   Thumb Code    34  stm32f10x_usart.o(.text)
    USART_ClockStructInit                    0x08001bef   Thumb Code    12  stm32f10x_usart.o(.text)
    USART_Cmd                                0x08001bfb   Thumb Code    24  stm32f10x_usart.o(.text)
    USART_ITConfig                           0x08001c13   Thumb Code    74  stm32f10x_usart.o(.text)
    USART_DMACmd                             0x08001c5d   Thumb Code    18  stm32f10x_usart.o(.text)
    USART_SetAddress                         0x08001c6f   Thumb Code    18  stm32f10x_usart.o(.text)
    USART_WakeUpConfig                       0x08001c81   Thumb Code    18  stm32f10x_usart.o(.text)
    USART_ReceiverWakeUpCmd                  0x08001c93   Thumb Code    24  stm32f10x_usart.o(.text)
    USART_LINBreakDetectLengthConfig         0x08001cab   Thumb Code    18  stm32f10x_usart.o(.text)
    USART_LINCmd                             0x08001cbd   Thumb Code    24  stm32f10x_usart.o(.text)
    USART_SendData                           0x08001cd5   Thumb Code     8  stm32f10x_usart.o(.text)
    USART_ReceiveData                        0x08001cdd   Thumb Code    10  stm32f10x_usart.o(.text)
    USART_SendBreak                          0x08001ce7   Thumb Code    10  stm32f10x_usart.o(.text)
    USART_SetGuardTime                       0x08001cf1   Thumb Code    16  stm32f10x_usart.o(.text)
    USART_SetPrescaler                       0x08001d01   Thumb Code    16  stm32f10x_usart.o(.text)
    USART_SmartCardCmd                       0x08001d11   Thumb Code    24  stm32f10x_usart.o(.text)
    USART_SmartCardNACKCmd                   0x08001d29   Thumb Code    24  stm32f10x_usart.o(.text)
    USART_HalfDuplexCmd                      0x08001d41   Thumb Code    24  stm32f10x_usart.o(.text)
    USART_OverSampling8Cmd                   0x08001d59   Thumb Code    22  stm32f10x_usart.o(.text)
    USART_OneBitMethodCmd                    0x08001d6f   Thumb Code    24  stm32f10x_usart.o(.text)
    USART_IrDAConfig                         0x08001d87   Thumb Code    18  stm32f10x_usart.o(.text)
    USART_IrDACmd                            0x08001d99   Thumb Code    24  stm32f10x_usart.o(.text)
    USART_GetFlagStatus                      0x08001db1   Thumb Code    26  stm32f10x_usart.o(.text)
    USART_ClearFlag                          0x08001dcb   Thumb Code    18  stm32f10x_usart.o(.text)
    USART_GetITStatus                        0x08001ddd   Thumb Code    84  stm32f10x_usart.o(.text)
    USART_ClearITPendingBit                  0x08001e31   Thumb Code    52  stm32f10x_usart.o(.text)
    main                                     0x08001e65   Thumb Code    10  main.o(.text)
    NMI_Handler                              0x08001e71   Thumb Code     2  stm32f10x_it.o(.text)
    HardFault_Handler                        0x08001e73   Thumb Code     4  stm32f10x_it.o(.text)
    MemManage_Handler                        0x08001e77   Thumb Code     4  stm32f10x_it.o(.text)
    BusFault_Handler                         0x08001e7b   Thumb Code     4  stm32f10x_it.o(.text)
    UsageFault_Handler                       0x08001e7f   Thumb Code     4  stm32f10x_it.o(.text)
    SVC_Handler                              0x08001e83   Thumb Code     2  stm32f10x_it.o(.text)
    DebugMon_Handler                         0x08001e85   Thumb Code     2  stm32f10x_it.o(.text)
    PendSV_Handler                           0x08001e87   Thumb Code     2  stm32f10x_it.o(.text)
    SysTick_Handler                          0x08001e89   Thumb Code     8  stm32f10x_it.o(.text)
    USART1_IRQHandler                        0x08001e91   Thumb Code   222  stm32f10x_it.o(.text)
    USART2_IRQHandler                        0x08001f6f   Thumb Code    94  stm32f10x_it.o(.text)
    USART3_IRQHandler                        0x08001fcd   Thumb Code    44  stm32f10x_it.o(.text)
    TIM1_CC_IRQHandler                       0x08001ff9   Thumb Code   294  stm32f10x_it.o(.text)
    EXTI0_IRQHandler                         0x0800211f   Thumb Code    26  stm32f10x_it.o(.text)
    EXTI4_IRQHandler                         0x08002139   Thumb Code    50  stm32f10x_it.o(.text)
    EXTI1_IRQHandler                         0x0800216b   Thumb Code    32  stm32f10x_it.o(.text)
    EXTI3_IRQHandler                         0x0800218b   Thumb Code    28  stm32f10x_it.o(.text)
    BSP_Init                                 0x0800232f   Thumb Code    64  bsp_init.o(.text)
    fgetc                                    0x080023a1   Thumb Code    26  usart.o(.text)
    fputc                                    0x080023bb   Thumb Code    32  usart.o(.text)
    GetKey                                   0x080023db   Thumb Code    26  usart.o(.text)
    USART_Configuration                      0x08002615   Thumb Code    28  usart.o(.text)
    USART_printf                             0x08002743   Thumb Code   348  usart.o(.text)
    LCD_WrDat                                0x080028a1   Thumb Code    90  oled.o(.text)
    LCD_WrCmd                                0x080028fb   Thumb Code    82  oled.o(.text)
    LCD_Set_Pos                              0x0800294d   Thumb Code    40  oled.o(.text)
    LCD_Fill                                 0x08002975   Thumb Code    58  oled.o(.text)
    LCD_CLS                                  0x080029af   Thumb Code    56  oled.o(.text)
    LCD_CLS_LINE                             0x080029e7   Thumb Code    46  oled.o(.text)
    LCD_DLY_ms                               0x08002a15   Thumb Code    24  oled.o(.text)
    adjust                                   0x08002a2d   Thumb Code    12  oled.o(.text)
    SetStartColumn                           0x08002a39   Thumb Code    44  oled.o(.text)
    SetAddressingMode                        0x08002a65   Thumb Code    18  oled.o(.text)
    SetColumnAddress                         0x08002a77   Thumb Code    26  oled.o(.text)
    SetPageAddress                           0x08002a91   Thumb Code    26  oled.o(.text)
    SetStartLine                             0x08002aab   Thumb Code    14  oled.o(.text)
    SetContrastControl                       0x08002ab9   Thumb Code    18  oled.o(.text)
    Set_Charge_Pump                          0x08002acb   Thumb Code    20  oled.o(.text)
    Set_Segment_Remap                        0x08002adf   Thumb Code    14  oled.o(.text)
    Set_Entire_Display                       0x08002aed   Thumb Code    14  oled.o(.text)
    Set_Inverse_Display                      0x08002afb   Thumb Code    14  oled.o(.text)
    Set_Multiplex_Ratio                      0x08002b09   Thumb Code    18  oled.o(.text)
    Set_Display_On_Off                       0x08002b1b   Thumb Code    14  oled.o(.text)
    SetStartPage                             0x08002b29   Thumb Code    14  oled.o(.text)
    Set_Common_Remap                         0x08002b37   Thumb Code    14  oled.o(.text)
    Set_Display_Offset                       0x08002b45   Thumb Code    18  oled.o(.text)
    Set_Display_Clock                        0x08002b57   Thumb Code    18  oled.o(.text)
    Set_Precharge_Period                     0x08002b69   Thumb Code    18  oled.o(.text)
    Set_Common_Config                        0x08002b7b   Thumb Code    20  oled.o(.text)
    Set_VCOMH                                0x08002b8f   Thumb Code    18  oled.o(.text)
    Set_NOP                                  0x08002ba1   Thumb Code    10  oled.o(.text)
    LCD_PutPixel                             0x08002bab   Thumb Code    72  oled.o(.text)
    LCD_Rectangle                            0x08002bf3   Thumb Code   132  oled.o(.text)
    LCD_P6x8Str                              0x08002c77   Thumb Code   102  oled.o(.text)
    LCD_P8x16Str                             0x08002cdd   Thumb Code   130  oled.o(.text)
    LCD_P14x16Str                            0x08002d5f   Thumb Code   182  oled.o(.text)
    LCD_Print                                0x08002e15   Thumb Code   100  oled.o(.text)
    OLED_DrawBMP                             0x08002e79   Thumb Code   116  oled.o(.text)
    LED_P6x8Char                             0x08002eed   Thumb Code    74  oled.o(.text)
    LED_PrintValueC                          0x08002f37   Thumb Code   126  oled.o(.text)
    LED_PrintValueI                          0x08002fb5   Thumb Code   244  oled.o(.text)
    LED_PrintValueFP                         0x080030a9   Thumb Code   300  oled.o(.text)
    LED_PrintValueFP_my                      0x080031d5   Thumb Code   290  oled.o(.text)
    LED_PrintValueF                          0x080032f7   Thumb Code   666  oled.o(.text)
    LCD_show_temp                            0x08003591   Thumb Code   276  oled.o(.text)
    LCD_show_Data                            0x080036a5   Thumb Code   202  oled.o(.text)
    LCD_signal_num                           0x0800376f   Thumb Code    98  oled.o(.text)
    LCD_Init                                 0x080037d1   Thumb Code   180  oled.o(.text)
    OLED_Init                                0x08003885   Thumb Code     8  oled.o(.text)
    OLED_Show                                0x0800388d   Thumb Code    38  oled.o(.text)
    OLED_RST                                 0x080038b3   Thumb Code    52  oled.o(.text)
    ZigBee_Data_Display                      0x0800390d   Thumb Code   594  zigbee_bufferpool.o(.text)
    ZigBee_BPWriteData                       0x08003b5f   Thumb Code    42  zigbee_bufferpool.o(.text)
    ZigBee_BPReadData                        0x08003b89   Thumb Code    36  zigbee_bufferpool.o(.text)
    ZigBee_BPCheckFlow                       0x08003bad   Thumb Code     6  zigbee_bufferpool.o(.text)
    ZigBee_SetFlowSize                       0x08003bcb   Thumb Code     6  zigbee_bufferpool.o(.text)
    ZigBee_BufferPool_Init                   0x08003cc3   Thumb Code   130  zigbee_bufferpool.o(.text)
    WIFI_SetFlowSize                         0x08003d45   Thumb Code     6  wifi_bufferpool.o(.text)
    WIFI_BufferPool_Init                     0x08003d4b   Thumb Code    48  wifi_bufferpool.o(.text)
    WIFI_BPWriteData                         0x08003d7b   Thumb Code   532  wifi_bufferpool.o(.text)
    WIFI_BPReadData                          0x08003f8f   Thumb Code    36  wifi_bufferpool.o(.text)
    WIFI_BPCheckFlow                         0x08003fb3   Thumb Code     6  wifi_bufferpool.o(.text)
    WIFI_BPCheckCancelCmd                    0x08003fb9   Thumb Code    24  wifi_bufferpool.o(.text)
    ESP8266_Cmd                              0x0800401d   Thumb Code   188  wifi.o(.text)
    ESP8266_UnvarnishSend                    0x080040d9   Thumb Code    38  wifi.o(.text)
    ESP8266_Link_Server                      0x080040ff   Thumb Code   110  wifi.o(.text)
    WiFi_Init                                0x0800416d   Thumb Code   434  wifi.o(.text)
    ESP8266_StaTcpClient_UnvarnishTest       0x0800431f   Thumb Code    30  wifi.o(.text)
    ESP8266_Rst                              0x0800433d   Thumb Code    30  wifi.o(.text)
    ESP8266_AT_Test                          0x0800435b   Thumb Code    56  wifi.o(.text)
    ESP8266_Net_Mode_Choose                  0x08004393   Thumb Code    68  wifi.o(.text)
    ESP8266_JoinAP                           0x080043d7   Thumb Code    38  wifi.o(.text)
    ESP8266_BuildAP                          0x080043fd   Thumb Code   552  wifi.o(.text)
    ESP8266_Enable_MultipleId                0x08004625   Thumb Code    44  wifi.o(.text)
    ESP8266_StartOrShutServer                0x08004651   Thumb Code   110  wifi.o(.text)
    ESP8266_Get_LinkStatus                   0x080046bf   Thumb Code    76  wifi.o(.text)
    ESP8266_Get_IdLinkStatus                 0x0800470b   Thumb Code   128  wifi.o(.text)
    ESP8266_Inquire_ApIp                     0x0800478b   Thumb Code    82  wifi.o(.text)
    ESP8266_ExitUnvarnishSend                0x080047dd   Thumb Code    34  wifi.o(.text)
    ESP8266_SendString                       0x080047ff   Thumb Code   122  wifi.o(.text)
    ESP8266_ReceiveString                    0x08004879   Thumb Code    88  wifi.o(.text)
    SysTick_Init                             0x080049f9   Thumb Code   106  systick.o(.text)
    delay_us                                 0x08004a63   Thumb Code    36  systick.o(.text)
    TimingDelay_Decrement                    0x08004a87   Thumb Code    18  systick.o(.text)
    Key_Init                                 0x08004af9   Thumb Code   238  exti.o(.text)
    Key_Scan                                 0x08004be7   Thumb Code    40  exti.o(.text)
    Breathing_Light_Init                     0x08004d25   Thumb Code    12  breathing_light.o(.text)
    __aeabi_memset                           0x08004d39   Thumb Code    14  memseta.o(.text)
    __aeabi_memset4                          0x08004d39   Thumb Code     0  memseta.o(.text)
    __aeabi_memset8                          0x08004d39   Thumb Code     0  memseta.o(.text)
    __aeabi_memclr                           0x08004d47   Thumb Code     4  memseta.o(.text)
    __aeabi_memclr4                          0x08004d47   Thumb Code     0  memseta.o(.text)
    __aeabi_memclr8                          0x08004d47   Thumb Code     0  memseta.o(.text)
    _memset$wrapper                          0x08004d4b   Thumb Code    18  memseta.o(.text)
    strstr                                   0x08004d5d   Thumb Code    36  strstr.o(.text)
    __aeabi_fadd                             0x08004d81   Thumb Code   164  fadd.o(.text)
    __aeabi_fsub                             0x08004e25   Thumb Code     6  fadd.o(.text)
    __aeabi_frsub                            0x08004e2b   Thumb Code     6  fadd.o(.text)
    __aeabi_fmul                             0x08004e31   Thumb Code   100  fmul.o(.text)
    __aeabi_i2f                              0x08004e95   Thumb Code    18  fflti.o(.text)
    __aeabi_f2iz                             0x08004ea7   Thumb Code    50  ffixi.o(.text)
    __aeabi_f2uiz                            0x08004ed9   Thumb Code    40  ffixui.o(.text)
    __aeabi_f2d                              0x08004f01   Thumb Code    38  f2d.o(.text)
    __aeabi_cdcmpeq                          0x08004f29   Thumb Code     0  cdcmple.o(.text)
    __aeabi_cdcmple                          0x08004f29   Thumb Code    48  cdcmple.o(.text)
    __aeabi_uidiv                            0x08004f59   Thumb Code     0  uidiv.o(.text)
    __aeabi_uidivmod                         0x08004f59   Thumb Code    44  uidiv.o(.text)
    __I$use$fp                               0x08004f85   Thumb Code     0  iusefp.o(.text)
    _float_round                             0x08004f85   Thumb Code    18  fepilogue.o(.text)
    _float_epilogue                          0x08004f97   Thumb Code    92  fepilogue.o(.text)
    __scatterload                            0x08004ff5   Thumb Code    28  init.o(.text)
    __scatterload_rt2                        0x08004ff5   Thumb Code     0  init.o(.text)
    __0printf$3                              0x08005019   Thumb Code    22  printf3.o(i.__0printf$3)
    __1printf$3                              0x08005019   Thumb Code     0  printf3.o(i.__0printf$3)
    __2printf                                0x08005019   Thumb Code     0  printf3.o(i.__0printf$3)
    __0sprintf$3                             0x08005039   Thumb Code    34  printf3.o(i.__0sprintf$3)
    __1sprintf$3                             0x08005039   Thumb Code     0  printf3.o(i.__0sprintf$3)
    __2sprintf                               0x08005039   Thumb Code     0  printf3.o(i.__0sprintf$3)
    __scatterload_copy                       0x08005061   Thumb Code    14  handlers.o(i.__scatterload_copy)
    __scatterload_null                       0x0800506f   Thumb Code     2  handlers.o(i.__scatterload_null)
    __scatterload_zeroinit                   0x08005071   Thumb Code    14  handlers.o(i.__scatterload_zeroinit)
    F6x8                                     0x08005242   Data         552  oled.o(.constdata)
    F8X16                                    0x0800546a   Data        1520  oled.o(.constdata)
    Region$$Table$$Base                      0x08005a5c   Number         0  anon$$obj.o(Region$$Table)
    Region$$Table$$Limit                     0x08005a7c   Number         0  anon$$obj.o(Region$$Table)
    SystemCoreClock                          0x20000000   Data           4  system_stm32f10x.o(.data)
    AHBPrescTable                            0x20000004   Data          16  system_stm32f10x.o(.data)
    Esp8266_flag                             0x20000028   Data           4  stm32f10x_it.o(.data)
    ZigBee_flag                              0x2000002c   Data           4  stm32f10x_it.o(.data)
    Pwm_led_status                           0x20000030   Data           4  stm32f10x_it.o(.data)
    Brightness_Level                         0x20000034   Data           4  stm32f10x_it.o(.data)
    ZigBee_flowsize                          0x2000003b   Data           1  zigbee_bufferpool.o(.data)
    ZigBee_flowflag                          0x2000003c   Data           1  zigbee_bufferpool.o(.data)
    ZigBee_cancelflag                        0x2000003d   Data           1  zigbee_bufferpool.o(.data)
    ZigBee_wLoc                              0x2000003e   Data           1  zigbee_bufferpool.o(.data)
    Socket_Status                            0x2000003f   Data           1  zigbee_bufferpool.o(.data)
    Server_ID                                0x20000040   Data           4  wifi_bufferpool.o(.data)
    flowsize                                 0x20000044   Data           1  wifi_bufferpool.o(.data)
    flowflag                                 0x20000045   Data           1  wifi_bufferpool.o(.data)
    cancelflag                               0x20000046   Data           1  wifi_bufferpool.o(.data)
    wLoc                                     0x20000047   Data           1  wifi_bufferpool.o(.data)
    Restart_flag                             0x20000048   Data           1  wifi_bufferpool.o(.data)
    Aeration_flag                            0x20000049   Data           1  wifi_bufferpool.o(.data)
    Light_ON_flag                            0x2000004a   Data           1  wifi_bufferpool.o(.data)
    Light_OFF_flag                           0x2000004b   Data           1  wifi_bufferpool.o(.data)
    Socket1_flag                             0x2000004c   Data           1  wifi_bufferpool.o(.data)
    Door_flag                                0x2000004d   Data           1  wifi_bufferpool.o(.data)
    Humidification_flag                      0x2000004e   Data           1  wifi_bufferpool.o(.data)
    Curtain_flag                             0x2000004f   Data           1  wifi_bufferpool.o(.data)
    Socket2_flag                             0x20000050   Data           1  wifi_bufferpool.o(.data)
    Pattern_flag                             0x20000051   Data           1  wifi_bufferpool.o(.data)
    Send_Data_time                           0x20000054   Data           4  wifi_bufferpool.o(.data)
    Send_timeout                             0x20000058   Data           4  wifi_bufferpool.o(.data)
    ucTcpClosedFlag                          0x2000005c   Data           1  wifi_bufferpool.o(.data)
    OpenWave                                 0x20000068   Data         146  breathing_light.o(.data)
    __stdout                                 0x200000fc   Data           4  stdout.o(.data)
    APP_buffer                               0x20000100   Data          99  zigbee_bufferpool.o(.bss)
    ZigBee_buffer                            0x20000163   Data          32  zigbee_bufferpool.o(.bss)
    _buffer                                  0x20000183   Data          24  wifi_bufferpool.o(.bss)
    strEsp8266_Fram_Record                   0x2000019c   Data        1026  wifi.o(.bss)
    __initial_sp                             0x200009a0   Data           0  startup_stm32f10x_hd.o(STACK)



==============================================================================

Memory Map of the image

  Image Entry point : 0x08000131

  Load Region LR_IROM1 (Base: 0x08000000, Size: 0x00005b7c, Max: 0x00080000, ABSOLUTE)

    Execution Region ER_IROM1 (Base: 0x08000000, Size: 0x00005a7c, Max: 0x00080000, ABSOLUTE)

    Base Addr    Size         Type   Attr      Idx    E Section Name        Object

    0x08000000   0x00000130   Data   RO            3    RESET               startup_stm32f10x_hd.o
    0x08000130   0x00000000   Code   RO          514  * .ARM.Collect$$$$00000000  mc_w.l(entry.o)
    0x08000130   0x00000004   Code   RO          796    .ARM.Collect$$$$00000001  mc_w.l(entry2.o)
    0x08000134   0x00000004   Code   RO          799    .ARM.Collect$$$$00000004  mc_w.l(entry5.o)
    0x08000138   0x00000000   Code   RO          801    .ARM.Collect$$$$00000008  mc_w.l(entry7b.o)
    0x08000138   0x00000000   Code   RO          803    .ARM.Collect$$$$0000000A  mc_w.l(entry8b.o)
    0x08000138   0x00000008   Code   RO          804    .ARM.Collect$$$$0000000B  mc_w.l(entry9a.o)
    0x08000140   0x00000000   Code   RO          806    .ARM.Collect$$$$0000000D  mc_w.l(entry10a.o)
    0x08000140   0x00000000   Code   RO          808    .ARM.Collect$$$$0000000F  mc_w.l(entry11a.o)
    0x08000140   0x00000004   Code   RO          797    .ARM.Collect$$$$00002712  mc_w.l(entry2.o)
    0x08000144   0x00000024   Code   RO            4    .text               startup_stm32f10x_hd.o
    0x08000168   0x000001e0   Code   RO           24    .text               system_stm32f10x.o
    0x08000348   0x000000dc   Code   RO          121    .text               misc.o
    0x08000424   0x0000035c   Code   RO          137    .text               stm32f10x_gpio.o
    0x08000780   0x000003a4   Code   RO          149    .text               stm32f10x_rcc.o
    0x08000b24   0x0000011c   Code   RO          199    .text               stm32f10x_exti.o
    0x08000c40   0x00000e1a   Code   RO          259    .text               stm32f10x_tim.o
    0x08001a5a   0x00000002   PAD
    0x08001a5c   0x00000408   Code   RO          271    .text               stm32f10x_usart.o
    0x08001e64   0x0000000a   Code   RO          283    .text               main.o
    0x08001e6e   0x00000002   PAD
    0x08001e70   0x00000394   Code   RO          340    .text               stm32f10x_it.o
    0x08002204   0x0000019c   Code   RO          366    .text               bsp_init.o
    0x080023a0   0x000004fe   Code   RO          378    .text               usart.o
    0x0800289e   0x00000002   PAD
    0x080028a0   0x0000106c   Code   RO          397    .text               oled.o
    0x0800390c   0x00000438   Code   RO          412    .text               zigbee_bufferpool.o
    0x08003d44   0x000002d8   Code   RO          428    .text               wifi_bufferpool.o
    0x0800401c   0x000009dc   Code   RO          447    .text               wifi.o
    0x080049f8   0x000000b4   Code   RO          469    .text               systick.o
    0x08004aac   0x00000170   Code   RO          487    .text               exti.o
    0x08004c1c   0x0000011c   Code   RO          499    .text               breathing_light.o
    0x08004d38   0x00000024   Code   RO          517    .text               mc_w.l(memseta.o)
    0x08004d5c   0x00000024   Code   RO          519    .text               mc_w.l(strstr.o)
    0x08004d80   0x000000b0   Code   RO          782    .text               mf_w.l(fadd.o)
    0x08004e30   0x00000064   Code   RO          784    .text               mf_w.l(fmul.o)
    0x08004e94   0x00000012   Code   RO          786    .text               mf_w.l(fflti.o)
    0x08004ea6   0x00000032   Code   RO          788    .text               mf_w.l(ffixi.o)
    0x08004ed8   0x00000028   Code   RO          790    .text               mf_w.l(ffixui.o)
    0x08004f00   0x00000026   Code   RO          792    .text               mf_w.l(f2d.o)
    0x08004f26   0x00000002   PAD
    0x08004f28   0x00000030   Code   RO          794    .text               mf_w.l(cdcmple.o)
    0x08004f58   0x0000002c   Code   RO          811    .text               mc_w.l(uidiv.o)
    0x08004f84   0x00000000   Code   RO          815    .text               mc_w.l(iusefp.o)
    0x08004f84   0x0000006e   Code   RO          816    .text               mf_w.l(fepilogue.o)
    0x08004ff2   0x00000002   PAD
    0x08004ff4   0x00000024   Code   RO          828    .text               mc_w.l(init.o)
    0x08005018   0x00000020   Code   RO          610    i.__0printf$3       mc_w.l(printf3.o)
    0x08005038   0x00000028   Code   RO          612    i.__0sprintf$3      mc_w.l(printf3.o)
    0x08005060   0x0000000e   Code   RO          840    i.__scatterload_copy  mc_w.l(handlers.o)
    0x0800506e   0x00000002   Code   RO          841    i.__scatterload_null  mc_w.l(handlers.o)
    0x08005070   0x0000000e   Code   RO          842    i.__scatterload_zeroinit  mc_w.l(handlers.o)
    0x0800507e   0x00000002   PAD
    0x08005080   0x000001b8   Code   RO          617    i._printf_core      mc_w.l(printf3.o)
    0x08005238   0x0000000a   Code   RO          619    i._sputc            mc_w.l(printf3.o)
    0x08005242   0x00000818   Data   RO          398    .constdata          oled.o
    0x08005a5a   0x00000002   PAD
    0x08005a5c   0x00000020   Data   RO          838    Region$$Table       anon$$obj.o


    Execution Region RW_IRAM1 (Base: 0x20000000, Size: 0x000009a0, Max: 0x00010000, ABSOLUTE)

    Base Addr    Size         Type   Attr      Idx    E Section Name        Object

    0x20000000   0x00000014   Data   RW           25    .data               system_stm32f10x.o
    0x20000014   0x00000014   Data   RW          150    .data               stm32f10x_rcc.o
    0x20000028   0x00000013   Data   RW          341    .data               stm32f10x_it.o
    0x2000003b   0x00000005   Data   RW          414    .data               zigbee_bufferpool.o
    0x20000040   0x00000024   Data   RW          430    .data               wifi_bufferpool.o
    0x20000064   0x00000004   Data   RW          470    .data               systick.o
    0x20000068   0x00000092   Data   RW          500    .data               breathing_light.o
    0x200000fa   0x00000002   PAD
    0x200000fc   0x00000004   Data   RW          810    .data               mc_w.l(stdout.o)
    0x20000100   0x00000083   Zero   RW          413    .bss                zigbee_bufferpool.o
    0x20000183   0x00000018   Zero   RW          429    .bss                wifi_bufferpool.o
    0x2000019b   0x00000001   PAD
    0x2000019c   0x00000402   Zero   RW          448    .bss                wifi.o
    0x2000059e   0x00000002   PAD
    0x200005a0   0x00000400   Zero   RW            1    STACK               startup_stm32f10x_hd.o


==============================================================================

Image component sizes


      Code (inc. data)   RO Data    RW Data    ZI Data      Debug   Object Name

       284          8          0        146          0       1718   breathing_light.o
       412         50          0          0          0       1131   bsp_init.o
         0          0          0          0          0       4512   core_cm3.o
       368         14          0          0          0       1400   exti.o
        10          0          0          0          0        471   main.o
       220         22          0          0          0       1853   misc.o
      4204         86       2072          0          0      12220   oled.o
        36          8        304          0       1024        884   startup_stm32f10x_hd.o
       284         10          0          0          0       2283   stm32f10x_exti.o
       860         38          0          0          0       5693   stm32f10x_gpio.o
       916         94          0         19          0       4096   stm32f10x_it.o
       932         36          0         20          0       8884   stm32f10x_rcc.o
      3610         88          0          0          0      22180   stm32f10x_tim.o
      1032         22          0          0          0       8424   stm32f10x_usart.o
       480         38          0         20          0     252671   system_stm32f10x.o
       180         20          0          4          0      16757   systick.o
      1278         20          0          0          0       5718   usart.o
      2524        804          0          0       1026       7553   wifi.o
       728         76          0         36         24       3268   wifi_bufferpool.o
      1080         78          0          5        131       3251   zigbee_bufferpool.o

    ----------------------------------------------------------------------
     19444       1512       2410        252       2208     364967   Object Totals
         0          0         32          0          0          0   (incl. Generated)
         6          0          2          2          3          0   (incl. Padding)

    ----------------------------------------------------------------------

      Code (inc. data)   RO Data    RW Data    ZI Data      Debug   Library Member Name

         0          0          0          0          0          0   entry.o
         0          0          0          0          0          0   entry10a.o
         0          0          0          0          0          0   entry11a.o
         8          4          0          0          0          0   entry2.o
         4          0          0          0          0          0   entry5.o
         0          0          0          0          0          0   entry7b.o
         0          0          0          0          0          0   entry8b.o
         8          4          0          0          0          0   entry9a.o
        30          0          0          0          0          0   handlers.o
        36          8          0          0          0         68   init.o
         0          0          0          0          0          0   iusefp.o
        36          0          0          0          0        108   memseta.o
       522         20          0          0          0        336   printf3.o
         0          0          0          4          0          0   stdout.o
        36          0          0          0          0         80   strstr.o
        44          0          0          0          0         80   uidiv.o
        48          0          0          0          0         68   cdcmple.o
        38          0          0          0          0         68   f2d.o
       176          0          0          0          0        140   fadd.o
       110          0          0          0          0        168   fepilogue.o
        50          0          0          0          0         68   ffixi.o
        40          0          0          0          0         68   ffixui.o
        18          0          0          0          0         68   fflti.o
       100          0          0          0          0         76   fmul.o

    ----------------------------------------------------------------------
      1310         36          0          4          0       1396   Library Totals
         6          0          0          0          0          0   (incl. Padding)

    ----------------------------------------------------------------------

      Code (inc. data)   RO Data    RW Data    ZI Data      Debug   Library Name

       724         36          0          4          0        672   mc_w.l
       580          0          0          0          0        724   mf_w.l

    ----------------------------------------------------------------------
      1310         36          0          4          0       1396   Library Totals

    ----------------------------------------------------------------------

==============================================================================


      Code (inc. data)   RO Data    RW Data    ZI Data      Debug   

     20754       1548       2410        256       2208     364123   Grand Totals
     20754       1548       2410        256       2208     364123   ELF Image Totals
     20754       1548       2410        256          0          0   ROM Totals

==============================================================================

    Total RO  Size (Code + RO Data)                23164 (  22.62kB)
    Total RW  Size (RW Data + ZI Data)              2464 (   2.41kB)
    Total ROM Size (Code + RO Data + RW Data)      23420 (  22.87kB)

==============================================================================

